Microchip MPLAB XC8 Compiler V1.43 ()

Linker command line:

--edf=C:\Program Files (x86)\Microchip\xc8\v1.43\dat\en_msgs.txt -cs \
  -h+dist/default/production\unimic_calculadora.X.production.sym \
  --cmf=dist/default/production\unimic_calculadora.X.production.cmf -z \
  -Q18F26J50 -oC:\Users\Fernando\AppData\Local\Temp\s20v8.2 \
  -Mdist/default/production/unimic_calculadora.X.production.map -E1 \
  -ver=XC8 -ASTACK=0F5h-0ebfh -pstack=STACK -ACODE=00h-0FFF7h \
  -ACONST=00h-0FFF7h -ASMALLCONST=0F00h-0FFFhx240,0FF00h-0FFF7h \
  -AMEDIUMCONST=0F00h-0FFF7h -ACOMRAM=01h-05Fh -AABS1=00h-0EBFh \
  -ABIGRAM=01h-0EBFh -ARAM=060h-0FFh,0100h-01FFhx13,0E00h-0EBFh \
  -ABANK0=060h-0FFh -ABANK1=0100h-01FFh -ABANK2=0200h-02FFh \
  -ABANK3=0300h-03FFh -ABANK4=0400h-04FFh -ABANK5=0500h-05FFh \
  -ABANK6=0600h-06FFh -ABANK7=0700h-07FFh -ABANK8=0800h-08FFh \
  -ABANK9=0900h-09FFh -ABANK10=0A00h-0AFFh -ABANK11=0B00h-0BFFh \
  -ABANK12=0C00h-0CFFh -ABANK13=0D00h-0DFFh -ABANK14=0E00h-0EBFh \
  -ASFR=0EC0h-0EFFh,0F00h-0F5Fh,0F60h-0FFFh \
  -preset_vec=00h,intcode,intcodelo,powerup,init -pramtop=0F00h \
  -psmallconst=SMALLCONST -pmediumconst=MEDIUMCONST -pconst=CONST \
  -AFARRAM=00h-00h -ACONFIG=0FFF8h-0FFFFh -pconfig=CONFIG \
  -pjflash_buffer=0F800h \
  -prdata=COMRAM,nvrram=COMRAM,nvbit=COMRAM,rbss=COMRAM,rbit=COMRAM \
  -pfarbss=FARRAM,fardata=FARRAM,nvFARRAM=FARRAM \
  -pintsave_regs=BIGRAM,bigbss=BIGRAM,bigdata=BIGRAM -pbss=RAM \
  -pidata=CODE,irdata=CODE,ibigdata=CODE,ifardata=CODE -prparam=COMRAM \
  C:\Users\Fernando\AppData\Local\Temp\s20v8.obj \
  dist/default/production\unimic_calculadora.X.production.obj 

Object code version is 3.11

Machine type is 18F26J50

Call graph: (short form)




                Name                               Link     Load   Length Selector   Space Scale
C:\Users\Fernando\AppData\Local\Temp\s20v8.obj
                init                                  0        0        4        0       0
                config                             FFF8     FFF8        8     FFF8       0
dist/default/production\unimic_calculadora.X.production.obj
                smallconst                          F00      F00       54      780       0
                text36                             29D0     29D0       10      7AA       0
                text35                             25D8     25D8       76      7AA       0
                text34                             28CE     28CE       32      7AA       0
                text33                             29EE     29EE        E      7AA       0
                text32                             29C0     29C0       10      7AA       0
                text31                             2562     2562       76      7AA       0
                text30                             281A     281A       40      7AA       0
                text29                             2466     2466       84      7AA       0
                text28                             299E     299E       22      7AA       0
                text27                             274E     274E       4A      7AA       0
                text26                             26FC     26FC       52      7AA       0
                text25                             26AA     26AA       52      7AA       0
                text24                             2798     2798       42      7AA       0
                text23                             1A00     1A00      120      7AA       0
                text22                             292A     292A       2A      7AA       0
                text21                             1C3E     1C3E      116      7AA       0
                text20                             2900     2900       2A      7AA       0
                text19                             2298     2298       AE      7AA       0
                text18                             264E     264E       5C      7AA       0
                text17                             2896     2896       38      7AA       0
                text16                             1F3C     1F3C       E6      7AA       0
                text15                             297A     297A       24      7AA       0
                text14                             16DE     16DE      1AC      7AA       0
                text13                             27DA     27DA       40      7AA       0
                text12                             1E48     1E48       F4      7AA       0
                text11                             2954     2954       26      7AA       0
                text10                             2100     2100       D2      7AA       0
                text9                              24EA     24EA       78      7AA       0
                text8                              23D6     23D6       90      7AA       0
                text7                              1D54     1D54       F4      7AA       0
                text6                              2346     2346       90      7AA       0
                text5                              2022     2022       DE      7AA       0
                text4                              21D2     21D2       C6      7AA       0
                text3                              14F6     14F6      1E8      7AA       0
                text2                              1B20     1B20      11E      7AA       0
                text1                              188A     188A      176      7AA       0
                text0                               F54      F54      5A2      7AA       0
                cstackCOMRAM                          1        1       5C        1       1
                cstackBANK0                          D1       D1       16       60       1
                dataBANK0                            E7       E7        E       60       1
                bssBANK0                             60       60       71       60       1
                bssCOMRAM                            5D       5D        2        1       1
                bitbssCOMRAM                        2F8       5F        1        1       1     8
                cinit                              285A     285A       3C      7AA       0
                idataBANK0                         29E0     29E0        E      7AA       0

TOTAL           Name                               Link     Load   Length     Space
        CLASS   STACK          

        CLASS   CODE           
                init                                  0        0        4         0
                text36                             29D0     29D0       10         0
                text35                             25D8     25D8       76         0
                text34                             28CE     28CE       32         0
                text33                             29EE     29EE        E         0
                text32                             29C0     29C0       10         0
                text31                             2562     2562       76         0
                text30                             281A     281A       40         0
                text29                             2466     2466       84         0
                text28                             299E     299E       22         0
                text27                             274E     274E       4A         0
                text26                             26FC     26FC       52         0
                text25                             26AA     26AA       52         0
                text24                             2798     2798       42         0
                text23                             1A00     1A00      120         0
                text22                             292A     292A       2A         0
                text21                             1C3E     1C3E      116         0
                text20                             2900     2900       2A         0
                text19                             2298     2298       AE         0
                text18                             264E     264E       5C         0
                text17                             2896     2896       38         0
                text16                             1F3C     1F3C       E6         0
                text15                             297A     297A       24         0
                text14                             16DE     16DE      1AC         0
                text13                             27DA     27DA       40         0
                text12                             1E48     1E48       F4         0
                text11                             2954     2954       26         0
                text10                             2100     2100       D2         0
                text9                              24EA     24EA       78         0
                text8                              23D6     23D6       90         0
                text7                              1D54     1D54       F4         0
                text6                              2346     2346       90         0
                text5                              2022     2022       DE         0
                text4                              21D2     21D2       C6         0
                text3                              14F6     14F6      1E8         0
                text2                              1B20     1B20      11E         0
                text1                              188A     188A      176         0
                text0                               F54      F54      5A2         0
                cinit                              285A     285A       3C         0
                idataBANK0                         29E0     29E0        E         0

        CLASS   CONST          

        CLASS   SMALLCONST     
                smallconst                          F00      F00       54         0

        CLASS   MEDIUMCONST    

        CLASS   COMRAM         
                cstackCOMRAM                          1        1       5C         1
                bssCOMRAM                            5D       5D        2         1
                bitbssCOMRAM                        2F8       5F        1         1

        CLASS   ABS1           

        CLASS   BIGRAM         

        CLASS   RAM            

        CLASS   BANK0          
                cstackBANK0                          D1       D1       16         1
                dataBANK0                            E7       E7        E         1
                bssBANK0                             60       60       71         1

        CLASS   BANK1          

        CLASS   BANK2          

        CLASS   BANK3          

        CLASS   BANK4          

        CLASS   BANK5          

        CLASS   BANK6          

        CLASS   BANK7          

        CLASS   BANK8          

        CLASS   BANK9          

        CLASS   BANK10         

        CLASS   BANK11         

        CLASS   BANK12         

        CLASS   BANK13         

        CLASS   BANK14         

        CLASS   SFR            

        CLASS   FARRAM         

        CLASS   CONFIG         
                config                             FFF8     FFF8        8         0

        CLASS   IDLOC          



SEGMENTS        Name                           Load    Length   Top    Selector   Space  Class

                reset_vec                      000000  000004  000004         0       0  CODE    
                cstackCOMRAM                   000001  00005F  000060         1       1  COMRAM  
                bssBANK0                       000060  000095  0000F5        60       1  BANK0   
                smallconst                     000F00  000054  000F54       780       0  SMALLCON
                text0                          000F54  001AA8  0029FC       7AA       0  CODE    
                config                         00FFF8  000008  010000      FFF8       0  CONFIG  


UNUSED ADDRESS RANGES

        Name                Unused          Largest block    Delta
        BANK0            000F5-000FF               B
        BANK1            00100-001FF             100
        BANK10           00A00-00AFF             100
        BANK11           00B00-00BFF             100
        BANK12           00C00-00CFF             100
        BANK13           00D00-00DFF             100
        BANK14           00E00-00EBF              C0
        BANK2            00200-002FF             100
        BANK3            00300-003FF             100
        BANK4            00400-004FF             100
        BANK5            00500-005FF             100
        BANK6            00600-006FF             100
        BANK7            00700-007FF             100
        BANK8            00800-008FF             100
        BANK9            00900-009FF             100
        BIGRAM           000F5-00EBF             DCB
        CODE             00004-00EFF             EFC
                         029FC-0FFF7            D5FC
        CONST            00004-00EFF             EFC
                         029FC-0FFF7            D5FC
        MEDIUMCONST      029FC-0FFF7            D5FC
        RAM              000F5-00EBF             100
        SFR              00EC0-00FFF              60
        SMALLCONST       029FC-0FFF7             100
        STACK            000F5-00EBF             DCB

                                  Symbol Table

?___altoft                       cstackCOMRAM  0001C
?___awdiv                        cstackCOMRAM  00001
?___awtoft                       cstackCOMRAM  00009
?___ftadd                        cstackCOMRAM  00022
?___ftdiv                        cstackCOMRAM  00009
?___ftmul                        cstackCOMRAM  0000D
?___ftneg                        cstackCOMRAM  00001
?___ftpack                       cstackCOMRAM  00001
?___ftsub                        cstackCOMRAM  0002E
?___fttol                        cstackCOMRAM  0000D
?___lltoft                       cstackCOMRAM  00009
?___lwdiv                        cstackCOMRAM  00001
?___lwmod                        cstackCOMRAM  00008
?___wmul                         cstackCOMRAM  0001C
?_eval_poly                      cstackCOMRAM  0002E
?_exp                            cstackCOMRAM  00041
?_floor                          cstackCOMRAM  0002E
?_frexp                          cstackCOMRAM  00001
?_ldexp                          cstackCOMRAM  0003A
?_log                            cstackCOMRAM  0003A
?_pow                            cstackCOMRAM  0004A
?_sprintf                        cstackCOMRAM  0000D
Delay100TCYx@unit                cstackCOMRAM  00001
Delay1KTCYx@unit                 cstackCOMRAM  00001
_ADCON0                          (abs)         00FC2
_ADCON1                          (abs)         00FC1
_ALRMCFGbits                     (abs)         00F91
_ANCON0                          (abs)         00F48
_Delay100TCYx                    text36        029D0
_Delay1KTCYx                     text32        029C0
_EECON2                          (abs)         00FA7
_INTCON2bits                     (abs)         00FF1
_INTCONbits                      (abs)         00FF2
_LATBbits                        (abs)         00F8A
_LCD_INIT_STRING                 smallconst    00F0B
_OSCCONbits                      (abs)         00FD3
_OSCTUNEbits                     (abs)         00F9B
_PIE3bits                        (abs)         00FA3
_PORTAbits                       (abs)         00F80
_PORTCbits                       (abs)         00F82
_RTCCFG                          (abs)         00F3F
_RTCCFGbits                      (abs)         00F3F
_RTCVALH                         (abs)         00F99
_RTCVALL                         (abs)         00F98
_RtccAlrmTimeDate                bssBANK0      00080
_RtccDate                        bssBANK0      000C9
_RtccTime                        bssBANK0      000CD
_RtccTimeDate                    bssBANK0      00088
_RtccTimeVal                     bssBANK0      00090
_Rtcc_read_TimeDate              bssBANK0      00078
_Setup                           text30        0281A
_T1CONbits                       (abs)         00FCD
_TRISA                           (abs)         00F92
_TRISB                           (abs)         00F93
_TRISBbits                       (abs)         00F93
_TRISC                           (abs)         00F94
__CFG_CP0$OFF                    (abs)         00000
__CFG_CPUDIV$OSC1                (abs)         00000
__CFG_DSBOREN$OFF                (abs)         00000
__CFG_DSWDTEN$OFF                (abs)         00000
__CFG_DSWDTOSC$INTOSCREF         (abs)         00000
__CFG_DSWDTPS$G2                 (abs)         00000
__CFG_FCMEN$OFF                  (abs)         00000
__CFG_IESO$OFF                   (abs)         00000
__CFG_IOL1WAY$OFF                (abs)         00000
__CFG_LPT1OSC$OFF                (abs)         00000
__CFG_MSSP7B_EN$MSK7             (abs)         00000
__CFG_OSC$INTOSC                 (abs)         00000
__CFG_PLLDIV$1                   (abs)         00000
__CFG_RTCOSC$T1OSCREF            (abs)         00000
__CFG_STVREN$ON                  (abs)         00000
__CFG_T1DIG$ON                   (abs)         00000
__CFG_WDTEN$OFF                  (abs)         00000
__CFG_WDTPS$32768                (abs)         00000
__CFG_WPCFG$OFF                  (abs)         00000
__CFG_WPDIS$OFF                  (abs)         00000
__CFG_XINST$OFF                  (abs)         00000
__HRAM                           (abs)         00000
__Habs1                          abs1          00000
__Hbank0                         bank0         00000
__Hbank1                         bank1         00000
__Hbank10                        bank10        00000
__Hbank11                        bank11        00000
__Hbank12                        bank12        00000
__Hbank13                        bank13        00000
__Hbank14                        bank14        00000
__Hbank2                         bank2         00000
__Hbank3                         bank3         00000
__Hbank4                         bank4         00000
__Hbank5                         bank5         00000
__Hbank6                         bank6         00000
__Hbank7                         bank7         00000
__Hbank8                         bank8         00000
__Hbank9                         bank9         00000
__Hbigbss                        bigbss        00000
__Hbigdata                       bigdata       00000
__Hbigram                        bigram        00000
__HbitbssCOMRAM                  bitbssCOMRAM  00000
__Hbss                           bss           00000
__HbssBANK0                      bssBANK0      00000
__HbssCOMRAM                     bssCOMRAM     00000
__Hcinit                         cinit         00000
__Hclrtext                       clrtext       00000
__Hcomram                        comram        00000
__Hconfig                        config        10000
__Hconst                         const         00000
__HcstackBANK0                   cstackBANK0   00000
__HcstackCOMRAM                  cstackCOMRAM  00000
__Hdata                          data          00000
__HdataBANK0                     dataBANK0     00000
__Hfarbss                        farbss        00000
__Hfardata                       fardata       00000
__Hibigdata                      ibigdata      00000
__Hidata                         idata         00000
__HidataBANK0                    idataBANK0    00000
__Hidloc                         idloc         00000
__Hifardata                      ifardata      00000
__Hinit                          init          00004
__Hintcode                       intcode       00000
__Hintcode_body                  intcode_body  00000
__Hintcodelo                     intcodelo     00000
__Hintentry                      intentry      00000
__Hintret                        intret        00000
__Hintsave_regs                  intsave_regs  00000
__Hirdata                        irdata        00000
__Hjflash_buffer                 jflash_buffer 0F800
__Hmediumconst                   mediumconst   00000
__HnvFARRAM                      nvFARRAM      00000
__Hnvbit                         nvbit         00000
__Hnvrram                        nvrram        00000
__Hparam                         rparam        00000
__Hpowerup                       powerup       00000
__Hram                           ram           00000
__Hramtop                        ramtop        00F00
__Hrbit                          rbit          00000
__Hrbss                          rbss          00000
__Hrdata                         rdata         00000
__Hreset_vec                     reset_vec     00000
__Hrparam                        rparam        00000
__Hsfr                           sfr           00000
__Hsmallconst                    smallconst    00F54
__Hspace_0                       (abs)         10000
__Hspace_1                       (abs)         002F9
__Hspace_2                       (abs)         00000
__Hstack                         stack         00000
__Hstruct                        struct        00000
__Htemp                          temp          00000
__Htext                          text          00000
__Htext0                         text0         00000
__Htext1                         text1         00000
__Htext10                        text10        00000
__Htext11                        text11        00000
__Htext12                        text12        00000
__Htext13                        text13        00000
__Htext14                        text14        00000
__Htext15                        text15        00000
__Htext16                        text16        00000
__Htext17                        text17        00000
__Htext18                        text18        00000
__Htext19                        text19        00000
__Htext2                         text2         00000
__Htext20                        text20        00000
__Htext21                        text21        00000
__Htext22                        text22        00000
__Htext23                        text23        00000
__Htext24                        text24        00000
__Htext25                        text25        00000
__Htext26                        text26        00000
__Htext27                        text27        00000
__Htext28                        text28        00000
__Htext29                        text29        00000
__Htext3                         text3         00000
__Htext30                        text30        00000
__Htext31                        text31        00000
__Htext32                        text32        00000
__Htext33                        text33        00000
__Htext34                        text34        00000
__Htext35                        text35        00000
__Htext36                        text36        00000
__Htext4                         text4         00000
__Htext5                         text5         00000
__Htext6                         text6         00000
__Htext7                         text7         00000
__Htext8                         text8         00000
__Htext9                         text9         00000
__LRAM                           (abs)         00001
__Labs1                          abs1          00000
__Lbank0                         bank0         00000
__Lbank1                         bank1         00000
__Lbank10                        bank10        00000
__Lbank11                        bank11        00000
__Lbank12                        bank12        00000
__Lbank13                        bank13        00000
__Lbank14                        bank14        00000
__Lbank2                         bank2         00000
__Lbank3                         bank3         00000
__Lbank4                         bank4         00000
__Lbank5                         bank5         00000
__Lbank6                         bank6         00000
__Lbank7                         bank7         00000
__Lbank8                         bank8         00000
__Lbank9                         bank9         00000
__Lbigbss                        bigbss        00000
__Lbigdata                       bigdata       00000
__Lbigram                        bigram        00000
__LbitbssCOMRAM                  bitbssCOMRAM  00000
__Lbss                           bss           00000
__LbssBANK0                      bssBANK0      00000
__LbssCOMRAM                     bssCOMRAM     00000
__Lcinit                         cinit         00000
__Lclrtext                       clrtext       00000
__Lcomram                        comram        00000
__Lconfig                        config        0FFF8
__Lconst                         const         00000
__LcstackBANK0                   cstackBANK0   00000
__LcstackCOMRAM                  cstackCOMRAM  00000
__Ldata                          data          00000
__LdataBANK0                     dataBANK0     00000
__Lfarbss                        farbss        00000
__Lfardata                       fardata       00000
__Libigdata                      ibigdata      00000
__Lidata                         idata         00000
__LidataBANK0                    idataBANK0    00000
__Lidloc                         idloc         00000
__Lifardata                      ifardata      00000
__Linit                          init          00000
__Lintcode                       intcode       00000
__Lintcode_body                  intcode_body  00000
__Lintcodelo                     intcodelo     00000
__Lintentry                      intentry      00000
__Lintret                        intret        00000
__Lintsave_regs                  intsave_regs  00000
__Lirdata                        irdata        00000
__Ljflash_buffer                 jflash_buffer 0F800
__Lmediumconst                   mediumconst   00000
__LnvFARRAM                      nvFARRAM      00000
__Lnvbit                         nvbit         00000
__Lnvrram                        nvrram        00000
__Lparam                         rparam        00000
__Lpowerup                       powerup       00000
__Lram                           ram           00000
__Lramtop                        ramtop        00F00
__Lrbit                          rbit          00000
__Lrbss                          rbss          00000
__Lrdata                         rdata         00000
__Lreset_vec                     reset_vec     00000
__Lrparam                        rparam        00000
__Lsfr                           sfr           00000
__Lsmallconst                    smallconst    00F00
__Lspace_0                       (abs)         00000
__Lspace_1                       (abs)         00000
__Lspace_2                       (abs)         00000
__Lstack                         stack         00000
__Lstruct                        struct        00000
__Ltemp                          temp          00000
__Ltext                          text          00000
__Ltext0                         text0         00000
__Ltext1                         text1         00000
__Ltext10                        text10        00000
__Ltext11                        text11        00000
__Ltext12                        text12        00000
__Ltext13                        text13        00000
__Ltext14                        text14        00000
__Ltext15                        text15        00000
__Ltext16                        text16        00000
__Ltext17                        text17        00000
__Ltext18                        text18        00000
__Ltext19                        text19        00000
__Ltext2                         text2         00000
__Ltext20                        text20        00000
__Ltext21                        text21        00000
__Ltext22                        text22        00000
__Ltext23                        text23        00000
__Ltext24                        text24        00000
__Ltext25                        text25        00000
__Ltext26                        text26        00000
__Ltext27                        text27        00000
__Ltext28                        text28        00000
__Ltext29                        text29        00000
__Ltext3                         text3         00000
__Ltext30                        text30        00000
__Ltext31                        text31        00000
__Ltext32                        text32        00000
__Ltext33                        text33        00000
__Ltext34                        text34        00000
__Ltext35                        text35        00000
__Ltext36                        text36        00000
__Ltext4                         text4         00000
__Ltext5                         text5         00000
__Ltext6                         text6         00000
__Ltext7                         text7         00000
__Ltext8                         text8         00000
__Ltext9                         text9         00000
__S0                             (abs)         10000
__S1                             (abs)         000F5
__S2                             (abs)         00000
___altoft                        text9         024EA
___altoft@c                      cstackCOMRAM  0001C
___altoft@exp                    cstackCOMRAM  00024
___altoft@sign                   cstackCOMRAM  00025
___awdiv                         text29        02466
___awdiv@counter                 cstackCOMRAM  00005
___awdiv@dividend                cstackCOMRAM  00001
___awdiv@divisor                 cstackCOMRAM  00003
___awdiv@quotient                cstackCOMRAM  00007
___awdiv@sign                    cstackCOMRAM  00006
___awtoft                        text17        02896
___awtoft@c                      cstackCOMRAM  00009
___awtoft@sign                   cstackCOMRAM  0000C
___ftadd                         text14        016DE
___ftadd@exp1                    cstackCOMRAM  0002D
___ftadd@exp2                    cstackCOMRAM  0002C
___ftadd@f1                      cstackCOMRAM  00022
___ftadd@f2                      cstackCOMRAM  00025
___ftadd@sign                    cstackCOMRAM  0002B
___ftdiv                         text16        01F3C
___ftdiv@cntr                    cstackCOMRAM  00012
___ftdiv@exp                     cstackCOMRAM  00016
___ftdiv@f1                      cstackCOMRAM  00009
___ftdiv@f2                      cstackCOMRAM  0000C
___ftdiv@f3                      cstackCOMRAM  00013
___ftdiv@sign                    cstackCOMRAM  00017
___ftge                          text8         023D6
___ftge@ff1                      cstackCOMRAM  00001
___ftge@ff2                      cstackCOMRAM  00004
___ftmul                         text12        01E48
___ftmul@cntr                    cstackCOMRAM  0001A
___ftmul@exp                     cstackCOMRAM  00016
___ftmul@f1                      cstackCOMRAM  0000D
___ftmul@f2                      cstackCOMRAM  00010
___ftmul@f3_as_product           cstackCOMRAM  00017
___ftmul@sign                    cstackCOMRAM  0001B
___ftneg                         text15        0297A
___ftneg@f1                      cstackCOMRAM  00001
___ftpack                        text19        02298
___ftpack@arg                    cstackCOMRAM  00001
___ftpack@exp                    cstackCOMRAM  00004
___ftpack@sign                   cstackCOMRAM  00005
___ftsub                         text13        027DA
___ftsub@f1                      cstackCOMRAM  0002E
___ftsub@f2                      cstackCOMRAM  00031
___fttol                         text7         01D54
___fttol@exp1                    cstackCOMRAM  0001B
___fttol@f1                      cstackCOMRAM  0000D
___fttol@lval                    cstackCOMRAM  00017
___fttol@sign1                   cstackCOMRAM  00016
___inthi_sp                      stack         00000
___intlo_sp                      stack         00000
___lltoft                        text18        0264E
___lltoft@c                      cstackCOMRAM  00009
___lltoft@exp                    cstackCOMRAM  00011
___lwdiv                         text25        026AA
___lwdiv@counter                 cstackCOMRAM  00007
___lwdiv@dividend                cstackCOMRAM  00001
___lwdiv@divisor                 cstackCOMRAM  00003
___lwdiv@quotient                cstackCOMRAM  00005
___lwmod                         text24        02798
___lwmod@counter                 cstackCOMRAM  0000C
___lwmod@dividend                cstackCOMRAM  00008
___lwmod@divisor                 cstackCOMRAM  0000A
___param_bank                    (abs)         00000
___rparam_used                   (abs)         00001
___sp                            stack         00000
___wmul                          text11        02954
___wmul@multiplicand             cstackCOMRAM  0001E
___wmul@multiplier               cstackCOMRAM  0001C
___wmul@product                  cstackCOMRAM  00020
__accesstop                      (abs)         00060
__activetblptr                   (abs)         00002
__end_of_Delay100TCYx            text36        029E0
__end_of_Delay1KTCYx             text32        029D0
__end_of_LCD_INIT_STRING         smallconst    00F0F
__end_of_Setup                   text30        0285A
__end_of___altoft                text9         02562
__end_of___awdiv                 text29        024EA
__end_of___awtoft                text17        028CE
__end_of___ftadd                 text14        0188A
__end_of___ftdiv                 text16        02022
__end_of___ftge                  text8         02466
__end_of___ftmul                 text12        01F3C
__end_of___ftneg                 text15        0299E
__end_of___ftpack                text19        02346
__end_of___ftsub                 text13        0281A
__end_of___fttol                 text7         01E48
__end_of___lltoft                text18        026AA
__end_of___lwdiv                 text25        026FC
__end_of___lwmod                 text24        027DA
__end_of___wmul                  text11        0297A
__end_of__initialization         cinit         0288C
__end_of_dpowers                 smallconst    00F0B
__end_of_escribir_numero         text21        01D54
__end_of_eval_poly               text10        021D2
__end_of_exp                     text3         016DE
__end_of_floor                   text5         02100
__end_of_frexp                   text6         023D6
__end_of_lcd_comand              text33        029FC
__end_of_lcd_gotoxy              text28        029C0
__end_of_lcd_init                text31        025D8
__end_of_lcd_putc                text27        02798
__end_of_lcd_putrs               text26        0274E
__end_of_lcd_puts                text20        0292A
__end_of_lcd_send_byte           text34        02900
__end_of_lcd_send_nibble         text35        0264E
__end_of_ldexp                   text4         02298
__end_of_log                     text2         01C3E
__end_of_main                    text0         014F6
__end_of_pow                     text1         01A00
__end_of_sprintf                 text23        01B20
__end_of_write_in_lcd            text22        02954
__end_ofexp@coeff                smallconst    00F2D
__end_oflog@coeff                smallconst    00F48
__initialization                 cinit         0285A
__mediumconst                    mediumconst   00000
__pbitbssCOMRAM                  bitbssCOMRAM  002F8
__pbssBANK0                      bssBANK0      00060
__pbssCOMRAM                     bssCOMRAM     0005D
__pcinit                         cinit         0285A
__pcstackBANK0                   cstackBANK0   000D1
__pcstackCOMRAM                  cstackCOMRAM  00001
__pdataBANK0                     dataBANK0     000E7
__pidataBANK0                    idataBANK0    029E0
__psmallconst                    smallconst    00F00
__ptext0                         text0         00F54
__ptext1                         text1         0188A
__ptext10                        text10        02100
__ptext11                        text11        02954
__ptext12                        text12        01E48
__ptext13                        text13        027DA
__ptext14                        text14        016DE
__ptext15                        text15        0297A
__ptext16                        text16        01F3C
__ptext17                        text17        02896
__ptext18                        text18        0264E
__ptext19                        text19        02298
__ptext2                         text2         01B20
__ptext20                        text20        02900
__ptext21                        text21        01C3E
__ptext22                        text22        0292A
__ptext23                        text23        01A00
__ptext24                        text24        02798
__ptext25                        text25        026AA
__ptext26                        text26        026FC
__ptext27                        text27        0274E
__ptext28                        text28        0299E
__ptext29                        text29        02466
__ptext3                         text3         014F6
__ptext30                        text30        0281A
__ptext31                        text31        02562
__ptext32                        text32        029C0
__ptext33                        text33        029EE
__ptext34                        text34        028CE
__ptext35                        text35        025D8
__ptext36                        text36        029D0
__ptext4                         text4         021D2
__ptext5                         text5         02022
__ptext6                         text6         02346
__ptext7                         text7         01D54
__ptext8                         text8         023D6
__ptext9                         text9         024EA
__ramtop                         ramtop        00F00
__size_of_Delay100TCYx           (abs)         00000
__size_of_Delay1KTCYx            (abs)         00000
__size_of_Setup                  (abs)         00000
__size_of___altoft               (abs)         00000
__size_of___awdiv                (abs)         00000
__size_of___awtoft               (abs)         00000
__size_of___ftadd                (abs)         00000
__size_of___ftdiv                (abs)         00000
__size_of___ftge                 (abs)         00000
__size_of___ftmul                (abs)         00000
__size_of___ftneg                (abs)         00000
__size_of___ftpack               (abs)         00000
__size_of___ftsub                (abs)         00000
__size_of___fttol                (abs)         00000
__size_of___lltoft               (abs)         00000
__size_of___lwdiv                (abs)         00000
__size_of___lwmod                (abs)         00000
__size_of___wmul                 (abs)         00000
__size_of_escribir_numero        (abs)         00000
__size_of_eval_poly              (abs)         00000
__size_of_exp                    (abs)         00000
__size_of_floor                  (abs)         00000
__size_of_frexp                  (abs)         00000
__size_of_lcd_comand             (abs)         00000
__size_of_lcd_gotoxy             (abs)         00000
__size_of_lcd_init               (abs)         00000
__size_of_lcd_putc               (abs)         00000
__size_of_lcd_putrs              (abs)         00000
__size_of_lcd_puts               (abs)         00000
__size_of_lcd_send_byte          (abs)         00000
__size_of_lcd_send_nibble        (abs)         00000
__size_of_ldexp                  (abs)         00000
__size_of_log                    (abs)         00000
__size_of_main                   (abs)         00000
__size_of_pow                    (abs)         00000
__size_of_sprintf                (abs)         00000
__size_of_write_in_lcd           (abs)         00000
__smallconst                     smallconst    00F00
_a                               bssBANK0      000A2
_anio                            dataBANK0     000F3
_anio_d                          bssBANK0      000A8
_anio_u                          bssBANK0      000A9
_array_lcd_der                   bssBANK0      00060
_array_lcd_izq                   bssBANK0      0006C
_b                               bssBANK0      000A0
_buffer2                         bssBANK0      000B5
_c                               bssBANK0      0009E
_contador_numeros_ingresados_der bssBANK0      00096
_contador_numeros_ingresados_izq bssCOMRAM     0005D
_dia                             dataBANK0     000ED
_dia_semana                      bssBANK0      000AA
_diasem                          dataBANK0     000EF
_dpowers                         smallconst    00F01
_errno                           bssBANK0      00094
_escribir_numero                 text21        01C3E
_eval_poly                       text10        02100
_exp                             text3         014F6
_exp$2346                        cstackCOMRAM  00044
_fecha_d                         bssBANK0      000AD
_fecha_u                         bssBANK0      000AE
_flag                            bitbssCOMRAM  002F8
_flag_sentido_escritura          bssBANK0      00098
_floor                           text5         02022
_frexp                           text6         02346
_hora                            dataBANK0     000EB
_hora_d                          bssBANK0      000AF
_hora_u                          bssBANK0      000B0
_i                               bssBANK0      000A6
_j                               bssBANK0      000A4
_k                               bssBANK0      0009C
_lcd_comand                      text33        029EE
_lcd_gotoxy                      text28        0299E
_lcd_init                        text31        02562
_lcd_putc                        text27        0274E
_lcd_putrs                       text26        026FC
_lcd_puts                        text20        02900
_lcd_send_byte                   text34        028CE
_lcd_send_nibble                 text35        025D8
_ldexp                           text4         021D2
_log                             text2         01B20
_main                            text0         00F54
_main$2342                       cstackBANK0   000D1
_main$2343                       cstackBANK0   000D4
_mes                             dataBANK0     000F1
_mes_d                           bssBANK0      000AB
_mes_u                           bssBANK0      000AC
_minuto                          dataBANK0     000E9
_minuto_d                        bssBANK0      000B1
_minuto_u                        bssBANK0      000B2
_operador                        dataBANK0     000E7
_pow                             text1         0188A
_pow$2344                        cstackCOMRAM  00050
_pow$2345                        cstackCOMRAM  00053
_segundo                         bssBANK0      0009A
_segundo_d                       bssBANK0      000B3
_segundo_u                       bssBANK0      000B4
_sprintf                         text23        01A00
_write_in_lcd                    text22        0292A
end_of_initialization            cinit         0288C
escribir_numero@i                cstackCOMRAM  0001F
escribir_numero@i_795            cstackCOMRAM  00021
escribir_numero@num              cstackCOMRAM  0001C
eval_poly@d                      cstackCOMRAM  00031
eval_poly@n                      cstackCOMRAM  00033
eval_poly@res                    cstackCOMRAM  00037
eval_poly@x                      cstackCOMRAM  0002E
exp@coeff                        smallconst    00F0F
exp@exponent                     cstackCOMRAM  00047
exp@sign                         cstackCOMRAM  00049
exp@x                            cstackCOMRAM  00041
floor@expon                      cstackCOMRAM  00034
floor@i                          cstackCOMRAM  00031
floor@x                          cstackCOMRAM  0002E
frexp@eptr                       cstackCOMRAM  00004
frexp@value                      cstackCOMRAM  00001
intlevel0                        text          00000
intlevel1                        text          00000
intlevel2                        text          00000
intlevel3                        text          00000
lcd_comand@d                     cstackCOMRAM  00005
lcd_gotoxy@address               cstackCOMRAM  00007
lcd_gotoxy@x                     cstackCOMRAM  00006
lcd_gotoxy@y                     cstackCOMRAM  00005
lcd_init@i                       cstackCOMRAM  00005
lcd_putc@c                       cstackCOMRAM  00008
lcd_putrs@ptr                    cstackCOMRAM  00009
lcd_puts@ptr                     cstackCOMRAM  00009
lcd_send_byte@address            cstackCOMRAM  00004
lcd_send_byte@n                  cstackCOMRAM  00003
lcd_send_nibble@nibble           cstackCOMRAM  00002
ldexp@newexp                     cstackCOMRAM  0003D
ldexp@value                      cstackCOMRAM  0003A
log@coeff                        smallconst    00F2D
log@exponent                     cstackCOMRAM  0003D
log@x                            cstackCOMRAM  0003A
main@i                           cstackBANK0   000DF
main@i_830                       cstackBANK0   000E1
main@num_der                     cstackBANK0   000E5
main@num_izq                     cstackBANK0   000E3
main@resultado_division          cstackBANK0   000DB
main@resultado_multiplicacion    cstackBANK0   000D9
main@resultado_resta             cstackBANK0   000DD
main@resultado_suma              cstackBANK0   000D7
pow@sign                         cstackCOMRAM  00056
pow@x                            cstackCOMRAM  0004A
pow@y                            cstackCOMRAM  0004D
pow@yi                           cstackCOMRAM  00057
sprintf@ap                       cstackCOMRAM  00014
sprintf@c                        cstackCOMRAM  00019
sprintf@f                        cstackCOMRAM  0000F
sprintf@flag                     cstackCOMRAM  00013
sprintf@prec                     cstackCOMRAM  00018
sprintf@sp                       cstackCOMRAM  0000D
sprintf@val                      cstackCOMRAM  00016
stackhi                          (abs)         00EBF
stacklo                          (abs)         000F5
start                            init          00000
start_initialization             cinit         0285A
write_in_lcd@key                 cstackCOMRAM  0001A


FUNCTION INFORMATION:

 *************** function _main *****************
 Defined at:
		line 78 in file "main.c"
 Parameters:    Size  Location     Type
		None
 Auto vars:     Size  Location     Type
  resultado_re    2   12[BANK0 ] int 
  resultado_di    2   10[BANK0 ] int 
  resultado_mu    2    8[BANK0 ] int 
  resultado_su    2    6[BANK0 ] int 
  i               2   16[BANK0 ] int 
  i               2   14[BANK0 ] int 
  num_der         2   20[BANK0 ] int 
  num_izq         2   18[BANK0 ] int 
 Return value:  Size  Location     Type
                  2  175[None  ] int 
 Registers used:
		wreg, fsr0l, fsr0h, fsr2l, fsr2h, status,2, status,0, tblptrl, tblptrh, tblptru, prodl, prodh, cstack
 Tracked objects:
		On entry : 
		On exit  : 
		Unchanged: 
 Data sizes:     COMRAM   BANK0   BANK1   BANK2   BANK3   BANK4   BANK5   BANK6   BANK7   BANK8   BANK9  BANK10  BANK11  BANK12  BANK13  BANK14
      Params:         0       0       0       0       0       0       0       0       0       0       0       0       0       0       0       0
      Locals:         0      22       0       0       0       0       0       0       0       0       0       0       0       0       0       0
      Temps:          2       0       0       0       0       0       0       0       0       0       0       0       0       0       0       0
      Totals:         2      22       0       0       0       0       0       0       0       0       0       0       0       0       0       0
Total ram usage:       24 bytes
 Hardware stack levels required when called:    7
 This function calls:
		_Setup
		___awdiv
		___awtoft
		___fttol
		___wmul
		_escribir_numero
		_lcd_gotoxy
		_lcd_init
		_lcd_putrs
		_lcd_puts
		_pow
		_write_in_lcd
 This function is called by:
		Startup code after reset
 This function uses a non-reentrant model


 *************** function _pow *****************
 Defined at:
		line 5 in file "C:\Program Files (x86)\Microchip\xc8\v1.43\sources\common\pow.c"
 Parameters:    Size  Location     Type
  x               3   73[COMRAM] int 
  y               3   76[COMRAM] int 
 Auto vars:     Size  Location     Type
  yi              4   86[COMRAM] unsigned long 
  sign            1   85[COMRAM] unsigned char 
 Return value:  Size  Location     Type
                  3   73[COMRAM] unsigned char 
 Registers used:
		wreg, fsr2l, fsr2h, status,2, status,0, tblptrl, tblptrh, tblptru, prodl, prodh, cstack
 Tracked objects:
		On entry : 
		On exit  : 
		Unchanged: 
 Data sizes:     COMRAM   BANK0   BANK1   BANK2   BANK3   BANK4   BANK5   BANK6   BANK7   BANK8   BANK9  BANK10  BANK11  BANK12  BANK13  BANK14
      Params:         6       0       0       0       0       0       0       0       0       0       0       0       0       0       0       0
      Locals:        11       0       0       0       0       0       0       0       0       0       0       0       0       0       0       0
      Temps:          0       0       0       0       0       0       0       0       0       0       0       0       0       0       0       0
      Totals:        17       0       0       0       0       0       0       0       0       0       0       0       0       0       0       0
Total ram usage:       17 bytes
 Hardware stack levels used:    1
 Hardware stack levels required when called:    4
 This function calls:
		___ftge
		___ftmul
		___ftneg
		___fttol
		___lltoft
		_exp
		_log
 This function is called by:
		_main
 This function uses a non-reentrant model


 *************** function _log *****************
 Defined at:
		line 5 in file "C:\Program Files (x86)\Microchip\xc8\v1.43\sources\common\log.c"
 Parameters:    Size  Location     Type
  x               3   57[COMRAM] unsigned char 
 Auto vars:     Size  Location     Type
  exponent        2   60[COMRAM] int 
 Return value:  Size  Location     Type
                  3   57[COMRAM] int 
 Registers used:
		wreg, fsr2l, fsr2h, status,2, status,0, tblptrl, tblptrh, tblptru, prodl, prodh, cstack
 Tracked objects:
		On entry : 
		On exit  : 
		Unchanged: 
 Data sizes:     COMRAM   BANK0   BANK1   BANK2   BANK3   BANK4   BANK5   BANK6   BANK7   BANK8   BANK9  BANK10  BANK11  BANK12  BANK13  BANK14
      Params:         3       0       0       0       0       0       0       0       0       0       0       0       0       0       0       0
      Locals:         2       0       0       0       0       0       0       0       0       0       0       0       0       0       0       0
      Temps:          0       0       0       0       0       0       0       0       0       0       0       0       0       0       0       0
      Totals:         5       0       0       0       0       0       0       0       0       0       0       0       0       0       0       0
Total ram usage:        5 bytes
 Hardware stack levels used:    1
 Hardware stack levels required when called:    3
 This function calls:
		___awtoft
		___ftadd
		___ftmul
		_eval_poly
		_frexp
 This function is called by:
		_pow
 This function uses a non-reentrant model


 *************** function _exp *****************
 Defined at:
		line 12 in file "C:\Program Files (x86)\Microchip\xc8\v1.43\sources\common\exp.c"
 Parameters:    Size  Location     Type
  x               3   64[COMRAM] int 
 Auto vars:     Size  Location     Type
  exponent        2   70[COMRAM] int 
  sign            1   72[COMRAM] unsigned char 
 Return value:  Size  Location     Type
                  3   64[COMRAM] unsigned char 
 Registers used:
		wreg, fsr2l, fsr2h, status,2, status,0, tblptrl, tblptrh, tblptru, prodl, prodh, cstack
 Tracked objects:
		On entry : 
		On exit  : 
		Unchanged: 
 Data sizes:     COMRAM   BANK0   BANK1   BANK2   BANK3   BANK4   BANK5   BANK6   BANK7   BANK8   BANK9  BANK10  BANK11  BANK12  BANK13  BANK14
      Params:         3       0       0       0       0       0       0       0       0       0       0       0       0       0       0       0
      Locals:         6       0       0       0       0       0       0       0       0       0       0       0       0       0       0       0
      Temps:          0       0       0       0       0       0       0       0       0       0       0       0       0       0       0       0
      Totals:         9       0       0       0       0       0       0       0       0       0       0       0       0       0       0       0
Total ram usage:        9 bytes
 Hardware stack levels used:    1
 Hardware stack levels required when called:    3
 This function calls:
		___awtoft
		___ftdiv
		___ftge
		___ftmul
		___ftneg
		___ftsub
		___fttol
		_eval_poly
		_floor
		_ldexp
 This function is called by:
		_pow
 This function uses a non-reentrant model


 *************** function _ldexp *****************
 Defined at:
		line 277 in file "C:\Program Files (x86)\Microchip\xc8\v1.43\sources\common\frexp.c"
 Parameters:    Size  Location     Type
  value           3   57[COMRAM] unsigned char 
  newexp          2   60[COMRAM] int 
 Auto vars:     Size  Location     Type
		None
 Return value:  Size  Location     Type
                  3   57[COMRAM] int 
 Registers used:
		wreg, status,2, status,0
 Tracked objects:
		On entry : 
		On exit  : 
		Unchanged: 
 Data sizes:     COMRAM   BANK0   BANK1   BANK2   BANK3   BANK4   BANK5   BANK6   BANK7   BANK8   BANK9  BANK10  BANK11  BANK12  BANK13  BANK14
      Params:         5       0       0       0       0       0       0       0       0       0       0       0       0       0       0       0
      Locals:         0       0       0       0       0       0       0       0       0       0       0       0       0       0       0       0
      Temps:          2       0       0       0       0       0       0       0       0       0       0       0       0       0       0       0
      Totals:         7       0       0       0       0       0       0       0       0       0       0       0       0       0       0       0
Total ram usage:        7 bytes
 Hardware stack levels used:    1
 This function calls:
		Nothing
 This function is called by:
		_exp
 This function uses a non-reentrant model


 *************** function _floor *****************
 Defined at:
		line 13 in file "C:\Program Files (x86)\Microchip\xc8\v1.43\sources\common\floor.c"
 Parameters:    Size  Location     Type
  x               3   45[COMRAM] int 
 Auto vars:     Size  Location     Type
  i               3   48[COMRAM] int 
  expon           2   51[COMRAM] int 
 Return value:  Size  Location     Type
                  3   45[COMRAM] int 
 Registers used:
		wreg, fsr2l, fsr2h, status,2, status,0, cstack
 Tracked objects:
		On entry : 
		On exit  : 
		Unchanged: 
 Data sizes:     COMRAM   BANK0   BANK1   BANK2   BANK3   BANK4   BANK5   BANK6   BANK7   BANK8   BANK9  BANK10  BANK11  BANK12  BANK13  BANK14
      Params:         3       0       0       0       0       0       0       0       0       0       0       0       0       0       0       0
      Locals:         5       0       0       0       0       0       0       0       0       0       0       0       0       0       0       0
      Temps:          0       0       0       0       0       0       0       0       0       0       0       0       0       0       0       0
      Totals:         8       0       0       0       0       0       0       0       0       0       0       0       0       0       0       0
Total ram usage:        8 bytes
 Hardware stack levels used:    1
 Hardware stack levels required when called:    2
 This function calls:
		___altoft
		___ftadd
		___ftge
		___fttol
		_frexp
 This function is called by:
		_exp
 This function uses a non-reentrant model


 *************** function _frexp *****************
 Defined at:
		line 254 in file "C:\Program Files (x86)\Microchip\xc8\v1.43\sources\common\frexp.c"
 Parameters:    Size  Location     Type
  value           3    0[COMRAM] int 
  eptr            2    3[COMRAM] PTR int 
		 -> log@exponent(2), floor@expon(2), 
 Auto vars:     Size  Location     Type
		None
 Return value:  Size  Location     Type
                  3    0[COMRAM] PTR int 
 Registers used:
		wreg, fsr2l, fsr2h, status,2, status,0
 Tracked objects:
		On entry : 
		On exit  : 
		Unchanged: 
 Data sizes:     COMRAM   BANK0   BANK1   BANK2   BANK3   BANK4   BANK5   BANK6   BANK7   BANK8   BANK9  BANK10  BANK11  BANK12  BANK13  BANK14
      Params:         5       0       0       0       0       0       0       0       0       0       0       0       0       0       0       0
      Locals:         0       0       0       0       0       0       0       0       0       0       0       0       0       0       0       0
      Temps:          2       0       0       0       0       0       0       0       0       0       0       0       0       0       0       0
      Totals:         7       0       0       0       0       0       0       0       0       0       0       0       0       0       0       0
Total ram usage:        7 bytes
 Hardware stack levels used:    1
 This function calls:
		Nothing
 This function is called by:
		_floor
		_log
 This function uses a non-reentrant model


 *************** function ___fttol *****************
 Defined at:
		line 44 in file "C:\Program Files (x86)\Microchip\xc8\v1.43\sources\common\fttol.c"
 Parameters:    Size  Location     Type
  f1              3   12[COMRAM] float 
 Auto vars:     Size  Location     Type
  lval            4   22[COMRAM] unsigned long 
  exp1            1   26[COMRAM] unsigned char 
  sign1           1   21[COMRAM] unsigned char 
 Return value:  Size  Location     Type
                  4   12[COMRAM] long 
 Registers used:
		wreg, status,2, status,0
 Tracked objects:
		On entry : 
		On exit  : 
		Unchanged: 
 Data sizes:     COMRAM   BANK0   BANK1   BANK2   BANK3   BANK4   BANK5   BANK6   BANK7   BANK8   BANK9  BANK10  BANK11  BANK12  BANK13  BANK14
      Params:         4       0       0       0       0       0       0       0       0       0       0       0       0       0       0       0
      Locals:         6       0       0       0       0       0       0       0       0       0       0       0       0       0       0       0
      Temps:          5       0       0       0       0       0       0       0       0       0       0       0       0       0       0       0
      Totals:        15       0       0       0       0       0       0       0       0       0       0       0       0       0       0       0
Total ram usage:       15 bytes
 Hardware stack levels used:    1
 This function calls:
		Nothing
 This function is called by:
		_main
		_pow
		_exp
		_floor
 This function uses a non-reentrant model


 *************** function ___ftge *****************
 Defined at:
		line 4 in file "C:\Program Files (x86)\Microchip\xc8\v1.43\sources\common\ftge.c"
 Parameters:    Size  Location     Type
  ff1             3    0[COMRAM] float 
  ff2             3    3[COMRAM] float 
 Auto vars:     Size  Location     Type
		None
 Return value:  Size  Location     Type
		None               void
 Registers used:
		wreg, status,2, status,0
 Tracked objects:
		On entry : 
		On exit  : 
		Unchanged: 
 Data sizes:     COMRAM   BANK0   BANK1   BANK2   BANK3   BANK4   BANK5   BANK6   BANK7   BANK8   BANK9  BANK10  BANK11  BANK12  BANK13  BANK14
      Params:         6       0       0       0       0       0       0       0       0       0       0       0       0       0       0       0
      Locals:         0       0       0       0       0       0       0       0       0       0       0       0       0       0       0       0
      Temps:          3       0       0       0       0       0       0       0       0       0       0       0       0       0       0       0
      Totals:         9       0       0       0       0       0       0       0       0       0       0       0       0       0       0       0
Total ram usage:        9 bytes
 Hardware stack levels used:    1
 This function calls:
		Nothing
 This function is called by:
		_pow
		_exp
		_floor
 This function uses a non-reentrant model


 *************** function ___altoft *****************
 Defined at:
		line 42 in file "C:\Program Files (x86)\Microchip\xc8\v1.43\sources\common\altoft.c"
 Parameters:    Size  Location     Type
  c               4   27[COMRAM] long 
 Auto vars:     Size  Location     Type
  sign            1   36[COMRAM] unsigned char 
  exp             1   35[COMRAM] unsigned char 
 Return value:  Size  Location     Type
                  3   27[COMRAM] float 
 Registers used:
		wreg, status,2, status,0, cstack
 Tracked objects:
		On entry : 
		On exit  : 
		Unchanged: 
 Data sizes:     COMRAM   BANK0   BANK1   BANK2   BANK3   BANK4   BANK5   BANK6   BANK7   BANK8   BANK9  BANK10  BANK11  BANK12  BANK13  BANK14
      Params:         4       0       0       0       0       0       0       0       0       0       0       0       0       0       0       0
      Locals:         2       0       0       0       0       0       0       0       0       0       0       0       0       0       0       0
      Temps:          4       0       0       0       0       0       0       0       0       0       0       0       0       0       0       0
      Totals:        10       0       0       0       0       0       0       0       0       0       0       0       0       0       0       0
Total ram usage:       10 bytes
 Hardware stack levels used:    1
 Hardware stack levels required when called:    1
 This function calls:
		___ftpack
 This function is called by:
		_floor
 This function uses a non-reentrant model


 *************** function _eval_poly *****************
 Defined at:
		line 4 in file "C:\Program Files (x86)\Microchip\xc8\v1.43\sources\common\evalpoly.c"
 Parameters:    Size  Location     Type
  x               3   45[COMRAM] float 
  d               2   48[COMRAM] PTR const 
		 -> log@coeff(27), exp@coeff(30), 
  n               2   50[COMRAM] int 
 Auto vars:     Size  Location     Type
  res             3   54[COMRAM] int 
 Return value:  Size  Location     Type
                  3   45[COMRAM] int 
 Registers used:
		wreg, status,2, status,0, tblptrl, tblptrh, tblptru, prodl, prodh, cstack
 Tracked objects:
		On entry : 
		On exit  : 
		Unchanged: 
 Data sizes:     COMRAM   BANK0   BANK1   BANK2   BANK3   BANK4   BANK5   BANK6   BANK7   BANK8   BANK9  BANK10  BANK11  BANK12  BANK13  BANK14
      Params:         7       0       0       0       0       0       0       0       0       0       0       0       0       0       0       0
      Locals:         3       0       0       0       0       0       0       0       0       0       0       0       0       0       0       0
      Temps:          2       0       0       0       0       0       0       0       0       0       0       0       0       0       0       0
      Totals:        12       0       0       0       0       0       0       0       0       0       0       0       0       0       0       0
Total ram usage:       12 bytes
 Hardware stack levels used:    1
 Hardware stack levels required when called:    2
 This function calls:
		___ftadd
		___ftmul
		___wmul
 This function is called by:
		_exp
		_log
 This function uses a non-reentrant model


 *************** function ___wmul *****************
 Defined at:
		line 15 in file "C:\Program Files (x86)\Microchip\xc8\v1.43\sources\common\Umul16.c"
 Parameters:    Size  Location     Type
  multiplier      2   27[COMRAM] unsigned int 
  multiplicand    2   29[COMRAM] unsigned int 
 Auto vars:     Size  Location     Type
  product         2   31[COMRAM] unsigned int 
 Return value:  Size  Location     Type
                  2   27[COMRAM] unsigned int 
 Registers used:
		wreg, status,2, status,0, prodl, prodh
 Tracked objects:
		On entry : 
		On exit  : 
		Unchanged: 
 Data sizes:     COMRAM   BANK0   BANK1   BANK2   BANK3   BANK4   BANK5   BANK6   BANK7   BANK8   BANK9  BANK10  BANK11  BANK12  BANK13  BANK14
      Params:         4       0       0       0       0       0       0       0       0       0       0       0       0       0       0       0
      Locals:         2       0       0       0       0       0       0       0       0       0       0       0       0       0       0       0
      Temps:          0       0       0       0       0       0       0       0       0       0       0       0       0       0       0       0
      Totals:         6       0       0       0       0       0       0       0       0       0       0       0       0       0       0       0
Total ram usage:        6 bytes
 Hardware stack levels used:    1
 This function calls:
		Nothing
 This function is called by:
		_main
		_eval_poly
 This function uses a non-reentrant model


 *************** function ___ftmul *****************
 Defined at:
		line 62 in file "C:\Program Files (x86)\Microchip\xc8\v1.43\sources\common\ftmul.c"
 Parameters:    Size  Location     Type
  f1              3   12[COMRAM] float 
  f2              3   15[COMRAM] float 
 Auto vars:     Size  Location     Type
  f3_as_produc    3   22[COMRAM] unsigned um
  sign            1   26[COMRAM] unsigned char 
  cntr            1   25[COMRAM] unsigned char 
  exp             1   21[COMRAM] unsigned char 
 Return value:  Size  Location     Type
                  3   12[COMRAM] float 
 Registers used:
		wreg, status,2, status,0, cstack
 Tracked objects:
		On entry : 
		On exit  : 
		Unchanged: 
 Data sizes:     COMRAM   BANK0   BANK1   BANK2   BANK3   BANK4   BANK5   BANK6   BANK7   BANK8   BANK9  BANK10  BANK11  BANK12  BANK13  BANK14
      Params:         6       0       0       0       0       0       0       0       0       0       0       0       0       0       0       0
      Locals:         6       0       0       0       0       0       0       0       0       0       0       0       0       0       0       0
      Temps:          3       0       0       0       0       0       0       0       0       0       0       0       0       0       0       0
      Totals:        15       0       0       0       0       0       0       0       0       0       0       0       0       0       0       0
Total ram usage:       15 bytes
 Hardware stack levels used:    1
 Hardware stack levels required when called:    1
 This function calls:
		___ftpack
 This function is called by:
		_pow
		_exp
		_log
		_eval_poly
 This function uses a non-reentrant model


 *************** function ___ftsub *****************
 Defined at:
		line 20 in file "C:\Program Files (x86)\Microchip\xc8\v1.43\sources\common\ftsub.c"
 Parameters:    Size  Location     Type
  f1              3   45[COMRAM] float 
  f2              3   48[COMRAM] float 
 Auto vars:     Size  Location     Type
		None
 Return value:  Size  Location     Type
                  3   45[COMRAM] float 
 Registers used:
		wreg, status,2, status,0, cstack
 Tracked objects:
		On entry : 
		On exit  : 
		Unchanged: 
 Data sizes:     COMRAM   BANK0   BANK1   BANK2   BANK3   BANK4   BANK5   BANK6   BANK7   BANK8   BANK9  BANK10  BANK11  BANK12  BANK13  BANK14
      Params:         6       0       0       0       0       0       0       0       0       0       0       0       0       0       0       0
      Locals:         0       0       0       0       0       0       0       0       0       0       0       0       0       0       0       0
      Temps:          0       0       0       0       0       0       0       0       0       0       0       0       0       0       0       0
      Totals:         6       0       0       0       0       0       0       0       0       0       0       0       0       0       0       0
Total ram usage:        6 bytes
 Hardware stack levels used:    1
 Hardware stack levels required when called:    2
 This function calls:
		___ftadd
 This function is called by:
		_exp
 This function uses a non-reentrant model


 *************** function ___ftadd *****************
 Defined at:
		line 86 in file "C:\Program Files (x86)\Microchip\xc8\v1.43\sources\common\ftadd.c"
 Parameters:    Size  Location     Type
  f1              3   33[COMRAM] float 
  f2              3   36[COMRAM] float 
 Auto vars:     Size  Location     Type
  exp1            1   44[COMRAM] unsigned char 
  exp2            1   43[COMRAM] unsigned char 
  sign            1   42[COMRAM] unsigned char 
 Return value:  Size  Location     Type
                  3   33[COMRAM] float 
 Registers used:
		wreg, status,2, status,0, cstack
 Tracked objects:
		On entry : 
		On exit  : 
		Unchanged: 
 Data sizes:     COMRAM   BANK0   BANK1   BANK2   BANK3   BANK4   BANK5   BANK6   BANK7   BANK8   BANK9  BANK10  BANK11  BANK12  BANK13  BANK14
      Params:         6       0       0       0       0       0       0       0       0       0       0       0       0       0       0       0
      Locals:         3       0       0       0       0       0       0       0       0       0       0       0       0       0       0       0
      Temps:          3       0       0       0       0       0       0       0       0       0       0       0       0       0       0       0
      Totals:        12       0       0       0       0       0       0       0       0       0       0       0       0       0       0       0
Total ram usage:       12 bytes
 Hardware stack levels used:    1
 Hardware stack levels required when called:    1
 This function calls:
		___ftpack
 This function is called by:
		___ftsub
		_floor
		_log
		_eval_poly
 This function uses a non-reentrant model


 *************** function ___ftneg *****************
 Defined at:
		line 15 in file "C:\Program Files (x86)\Microchip\xc8\v1.43\sources\common\ftneg.c"
 Parameters:    Size  Location     Type
  f1              3    0[COMRAM] float 
 Auto vars:     Size  Location     Type
		None
 Return value:  Size  Location     Type
                  3    0[COMRAM] float 
 Registers used:
		wreg, status,2, status,0
 Tracked objects:
		On entry : 
		On exit  : 
		Unchanged: 
 Data sizes:     COMRAM   BANK0   BANK1   BANK2   BANK3   BANK4   BANK5   BANK6   BANK7   BANK8   BANK9  BANK10  BANK11  BANK12  BANK13  BANK14
      Params:         3       0       0       0       0       0       0       0       0       0       0       0       0       0       0       0
      Locals:         0       0       0       0       0       0       0       0       0       0       0       0       0       0       0       0
      Temps:          0       0       0       0       0       0       0       0       0       0       0       0       0       0       0       0
      Totals:         3       0       0       0       0       0       0       0       0       0       0       0       0       0       0       0
Total ram usage:        3 bytes
 Hardware stack levels used:    1
 This function calls:
		Nothing
 This function is called by:
		_pow
		_exp
 This function uses a non-reentrant model


 *************** function ___ftdiv *****************
 Defined at:
		line 54 in file "C:\Program Files (x86)\Microchip\xc8\v1.43\sources\common\ftdiv.c"
 Parameters:    Size  Location     Type
  f1              3    8[COMRAM] float 
  f2              3   11[COMRAM] float 
 Auto vars:     Size  Location     Type
  f3              3   18[COMRAM] float 
  sign            1   22[COMRAM] unsigned char 
  exp             1   21[COMRAM] unsigned char 
  cntr            1   17[COMRAM] unsigned char 
 Return value:  Size  Location     Type
                  3    8[COMRAM] float 
 Registers used:
		wreg, status,2, status,0, cstack
 Tracked objects:
		On entry : 
		On exit  : 
		Unchanged: 
 Data sizes:     COMRAM   BANK0   BANK1   BANK2   BANK3   BANK4   BANK5   BANK6   BANK7   BANK8   BANK9  BANK10  BANK11  BANK12  BANK13  BANK14
      Params:         6       0       0       0       0       0       0       0       0       0       0       0       0       0       0       0
      Locals:         6       0       0       0       0       0       0       0       0       0       0       0       0       0       0       0
      Temps:          3       0       0       0       0       0       0       0       0       0       0       0       0       0       0       0
      Totals:        15       0       0       0       0       0       0       0       0       0       0       0       0       0       0       0
Total ram usage:       15 bytes
 Hardware stack levels used:    1
 Hardware stack levels required when called:    1
 This function calls:
		___ftpack
 This function is called by:
		_exp
 This function uses a non-reentrant model


 *************** function ___awtoft *****************
 Defined at:
		line 32 in file "C:\Program Files (x86)\Microchip\xc8\v1.43\sources\common\awtoft.c"
 Parameters:    Size  Location     Type
  c               2    8[COMRAM] int 
 Auto vars:     Size  Location     Type
  sign            1   11[COMRAM] unsigned char 
 Return value:  Size  Location     Type
                  3    8[COMRAM] float 
 Registers used:
		wreg, status,2, status,0, cstack
 Tracked objects:
		On entry : 
		On exit  : 
		Unchanged: 
 Data sizes:     COMRAM   BANK0   BANK1   BANK2   BANK3   BANK4   BANK5   BANK6   BANK7   BANK8   BANK9  BANK10  BANK11  BANK12  BANK13  BANK14
      Params:         3       0       0       0       0       0       0       0       0       0       0       0       0       0       0       0
      Locals:         1       0       0       0       0       0       0       0       0       0       0       0       0       0       0       0
      Temps:          0       0       0       0       0       0       0       0       0       0       0       0       0       0       0       0
      Totals:         4       0       0       0       0       0       0       0       0       0       0       0       0       0       0       0
Total ram usage:        4 bytes
 Hardware stack levels used:    1
 Hardware stack levels required when called:    1
 This function calls:
		___ftpack
 This function is called by:
		_main
		_exp
		_log
 This function uses a non-reentrant model


 *************** function ___lltoft *****************
 Defined at:
		line 35 in file "C:\Program Files (x86)\Microchip\xc8\v1.43\sources\common\lltoft.c"
 Parameters:    Size  Location     Type
  c               4    8[COMRAM] unsigned long 
 Auto vars:     Size  Location     Type
  exp             1   16[COMRAM] unsigned char 
 Return value:  Size  Location     Type
                  3    8[COMRAM] float 
 Registers used:
		wreg, status,2, status,0, cstack
 Tracked objects:
		On entry : 
		On exit  : 
		Unchanged: 
 Data sizes:     COMRAM   BANK0   BANK1   BANK2   BANK3   BANK4   BANK5   BANK6   BANK7   BANK8   BANK9  BANK10  BANK11  BANK12  BANK13  BANK14
      Params:         4       0       0       0       0       0       0       0       0       0       0       0       0       0       0       0
      Locals:         1       0       0       0       0       0       0       0       0       0       0       0       0       0       0       0
      Temps:          4       0       0       0       0       0       0       0       0       0       0       0       0       0       0       0
      Totals:         9       0       0       0       0       0       0       0       0       0       0       0       0       0       0       0
Total ram usage:        9 bytes
 Hardware stack levels used:    1
 Hardware stack levels required when called:    1
 This function calls:
		___ftpack
 This function is called by:
		_pow
 This function uses a non-reentrant model


 *************** function ___ftpack *****************
 Defined at:
		line 62 in file "C:\Program Files (x86)\Microchip\xc8\v1.43\sources\common\float.c"
 Parameters:    Size  Location     Type
  arg             3    0[COMRAM] unsigned um
  exp             1    3[COMRAM] unsigned char 
  sign            1    4[COMRAM] unsigned char 
 Auto vars:     Size  Location     Type
		None
 Return value:  Size  Location     Type
                  3    0[COMRAM] float 
 Registers used:
		wreg, status,2, status,0
 Tracked objects:
		On entry : 
		On exit  : 
		Unchanged: 
 Data sizes:     COMRAM   BANK0   BANK1   BANK2   BANK3   BANK4   BANK5   BANK6   BANK7   BANK8   BANK9  BANK10  BANK11  BANK12  BANK13  BANK14
      Params:         5       0       0       0       0       0       0       0       0       0       0       0       0       0       0       0
      Locals:         0       0       0       0       0       0       0       0       0       0       0       0       0       0       0       0
      Temps:          3       0       0       0       0       0       0       0       0       0       0       0       0       0       0       0
      Totals:         8       0       0       0       0       0       0       0       0       0       0       0       0       0       0       0
Total ram usage:        8 bytes
 Hardware stack levels used:    1
 This function calls:
		Nothing
 This function is called by:
		___altoft
		___awtoft
		___ftadd
		___ftdiv
		___ftmul
		___lltoft
 This function uses a non-reentrant model


 *************** function _lcd_puts *****************
 Defined at:
		line 214 in file "../../Librerias/Unimic/unmc_01/sources/unmc_lcd_216.c"
 Parameters:    Size  Location     Type
  ptr             2    8[COMRAM] PTR unsigned char 
		 -> STR_14(2), 
 Auto vars:     Size  Location     Type
		None
 Return value:  Size  Location     Type
                  1    wreg      void 
 Registers used:
		wreg, status,2, status,0, tblptrl, tblptrh, tblptru, cstack
 Tracked objects:
		On entry : 
		On exit  : 
		Unchanged: 
 Data sizes:     COMRAM   BANK0   BANK1   BANK2   BANK3   BANK4   BANK5   BANK6   BANK7   BANK8   BANK9  BANK10  BANK11  BANK12  BANK13  BANK14
      Params:         2       0       0       0       0       0       0       0       0       0       0       0       0       0       0       0
      Locals:         0       0       0       0       0       0       0       0       0       0       0       0       0       0       0       0
      Temps:          0       0       0       0       0       0       0       0       0       0       0       0       0       0       0       0
      Totals:         2       0       0       0       0       0       0       0       0       0       0       0       0       0       0       0
Total ram usage:        2 bytes
 Hardware stack levels used:    1
 Hardware stack levels required when called:    4
 This function calls:
		_lcd_putc
 This function is called by:
		_main
 This function uses a non-reentrant model


 *************** function _escribir_numero *****************
 Defined at:
		line 53 in file "main.c"
 Parameters:    Size  Location     Type
  num             2   27[COMRAM] PTR int 
		 -> NULL(0), RAM(3775), 
 Auto vars:     Size  Location     Type
  i               2   32[COMRAM] int 
  i               2   30[COMRAM] int 
 Return value:  Size  Location     Type
                  1    wreg      void 
 Registers used:
		wreg, fsr0l, fsr0h, fsr2l, fsr2h, status,2, status,0, tblptrl, tblptrh, tblptru, prodl, prodh, cstack
 Tracked objects:
		On entry : 
		On exit  : 
		Unchanged: 
 Data sizes:     COMRAM   BANK0   BANK1   BANK2   BANK3   BANK4   BANK5   BANK6   BANK7   BANK8   BANK9  BANK10  BANK11  BANK12  BANK13  BANK14
      Params:         2       0       0       0       0       0       0       0       0       0       0       0       0       0       0       0
      Locals:         4       0       0       0       0       0       0       0       0       0       0       0       0       0       0       0
      Temps:          1       0       0       0       0       0       0       0       0       0       0       0       0       0       0       0
      Totals:         7       0       0       0       0       0       0       0       0       0       0       0       0       0       0       0
[...]
      Temps:          0       0       0       0       0       0       0       0       0       0       0       0       0       0       0       0
      Totals:         1       0       0       0       0       0       0       0       0       0       0       0       0       0       0       0
Total ram usage:        1 bytes
 Hardware stack levels used:    1
 Hardware stack levels required when called:    3
 This function calls:
		_lcd_gotoxy
		_lcd_send_byte
 This function is called by:
		_lcd_puts
		_lcd_putrs
 This function uses a non-reentrant model


 *************** function _lcd_gotoxy *****************
 Defined at:
		line 158 in file "../../Librerias/Unimic/unmc_01/sources/unmc_lcd_216.c"
 Parameters:    Size  Location     Type
  x               1    wreg     unsigned char 
  y               1    4[COMRAM] unsigned char 
 Auto vars:     Size  Location     Type
  x               1    5[COMRAM] unsigned char 
  address         1    6[COMRAM] unsigned char 
 Return value:  Size  Location     Type
                  1    wreg      void 
 Registers used:
		wreg, status,2, status,0, cstack
 Tracked objects:
		On entry : 
		On exit  : 
		Unchanged: 
 Data sizes:     COMRAM   BANK0   BANK1   BANK2   BANK3   BANK4   BANK5   BANK6   BANK7   BANK8   BANK9  BANK10  BANK11  BANK12  BANK13  BANK14
      Params:         1       0       0       0       0       0       0       0       0       0       0       0       0       0       0       0
      Locals:         2       0       0       0       0       0       0       0       0       0       0       0       0       0       0       0
      Temps:          0       0       0       0       0       0       0       0       0       0       0       0       0       0       0       0
      Totals:         3       0       0       0       0       0       0       0       0       0       0       0       0       0       0       0
Total ram usage:        3 bytes
 Hardware stack levels used:    1
 Hardware stack levels required when called:    2
 This function calls:
		_lcd_send_byte
 This function is called by:
		_escribir_numero
		_main
		_lcd_putc
 This function uses a non-reentrant model


 *************** function ___awdiv *****************
 Defined at:
		line 8 in file "C:\Program Files (x86)\Microchip\xc8\v1.43\sources\common\awdiv.c"
 Parameters:    Size  Location     Type
  dividend        2    0[COMRAM] int 
  divisor         2    2[COMRAM] int 
 Auto vars:     Size  Location     Type
  quotient        2    6[COMRAM] int 
  sign            1    5[COMRAM] unsigned char 
  counter         1    4[COMRAM] unsigned char 
 Return value:  Size  Location     Type
                  2    0[COMRAM] int 
 Registers used:
		wreg, status,2, status,0
 Tracked objects:
		On entry : 
		On exit  : 
		Unchanged: 
 Data sizes:     COMRAM   BANK0   BANK1   BANK2   BANK3   BANK4   BANK5   BANK6   BANK7   BANK8   BANK9  BANK10  BANK11  BANK12  BANK13  BANK14
      Params:         4       0       0       0       0       0       0       0       0       0       0       0       0       0       0       0
      Locals:         4       0       0       0       0       0       0       0       0       0       0       0       0       0       0       0
      Temps:          0       0       0       0       0       0       0       0       0       0       0       0       0       0       0       0
      Totals:         8       0       0       0       0       0       0       0       0       0       0       0       0       0       0       0
Total ram usage:        8 bytes
 Hardware stack levels used:    1
 This function calls:
		Nothing
 This function is called by:
		_main
		_Write_RTC
 This function uses a non-reentrant model


 *************** function _Setup *****************
 Defined at:
		line 22 in file "main.c"
 Parameters:    Size  Location     Type
		None
 Auto vars:     Size  Location     Type
		None
 Return value:  Size  Location     Type
                  1    wreg      void 
 Registers used:
		wreg, status,2, status,0, tblptrl, tblptrh, tblptru, prodl, prodh, cstack
 Tracked objects:
		On entry : 
		On exit  : 
		Unchanged: 
 Data sizes:     COMRAM   BANK0   BANK1   BANK2   BANK3   BANK4   BANK5   BANK6   BANK7   BANK8   BANK9  BANK10  BANK11  BANK12  BANK13  BANK14
      Params:         0       0       0       0       0       0       0       0       0       0       0       0       0       0       0       0
      Locals:         0       0       0       0       0       0       0       0       0       0       0       0       0       0       0       0
      Temps:          0       0       0       0       0       0       0       0       0       0       0       0       0       0       0       0
      Totals:         0       0       0       0       0       0       0       0       0       0       0       0       0       0       0       0
Total ram usage:        0 bytes
 Hardware stack levels used:    1
 Hardware stack levels required when called:    3
 This function calls:
		_lcd_comand
		_lcd_init
 This function is called by:
		_main
 This function uses a non-reentrant model


 *************** function _lcd_init *****************
 Defined at:
		line 119 in file "../../Librerias/Unimic/unmc_01/sources/unmc_lcd_216.c"
 Parameters:    Size  Location     Type
		None
 Auto vars:     Size  Location     Type
  i               1    4[COMRAM] unsigned char 
 Return value:  Size  Location     Type
                  1    wreg      void 
 Registers used:
		wreg, status,2, status,0, tblptrl, tblptrh, tblptru, prodl, prodh, cstack
 Tracked objects:
		On entry : 
		On exit  : 
		Unchanged: 
 Data sizes:     COMRAM   BANK0   BANK1   BANK2   BANK3   BANK4   BANK5   BANK6   BANK7   BANK8   BANK9  BANK10  BANK11  BANK12  BANK13  BANK14
      Params:         0       0       0       0       0       0       0       0       0       0       0       0       0       0       0       0
      Locals:         1       0       0       0       0       0       0       0       0       0       0       0       0       0       0       0
      Temps:          0       0       0       0       0       0       0       0       0       0       0       0       0       0       0       0
      Totals:         1       0       0       0       0       0       0       0       0       0       0       0       0       0       0       0
Total ram usage:        1 bytes
 Hardware stack levels used:    1
 Hardware stack levels required when called:    2
 This function calls:
		_Delay1KTCYx
		_lcd_send_byte
		_lcd_send_nibble
 This function is called by:
		_Setup
		_main
 This function uses a non-reentrant model


 *************** function _Delay1KTCYx *****************
 Defined at:
		line 8 in file "C:\Program Files (x86)\Microchip\xc8\v1.43\sources\pic18\d1ktcyx.c"
 Parameters:    Size  Location     Type
  unit            1    wreg     unsigned char 
 Auto vars:     Size  Location     Type
  unit            1    0[COMRAM] unsigned char 
 Return value:  Size  Location     Type
                  1    wreg      void 
 Registers used:
		wreg
 Tracked objects:
		On entry : 
		On exit  : 
		Unchanged: 
 Data sizes:     COMRAM   BANK0   BANK1   BANK2   BANK3   BANK4   BANK5   BANK6   BANK7   BANK8   BANK9  BANK10  BANK11  BANK12  BANK13  BANK14
      Params:         0       0       0       0       0       0       0       0       0       0       0       0       0       0       0       0
      Locals:         1       0       0       0       0       0       0       0       0       0       0       0       0       0       0       0
      Temps:          0       0       0       0       0       0       0       0       0       0       0       0       0       0       0       0
      Totals:         1       0       0       0       0       0       0       0       0       0       0       0       0       0       0       0
Total ram usage:        1 bytes
 Hardware stack levels used:    1
 This function calls:
		Nothing
 This function is called by:
		_lcd_init
		_DelayPORXLCD
 This function uses a non-reentrant model


 *************** function _lcd_comand *****************
 Defined at:
		line 189 in file "../../Librerias/Unimic/unmc_01/sources/unmc_lcd_216.c"
 Parameters:    Size  Location     Type
  d               1    wreg     unsigned char 
 Auto vars:     Size  Location     Type
  d               1    4[COMRAM] unsigned char 
 Return value:  Size  Location     Type
                  1    wreg      void 
 Registers used:
		wreg, status,2, status,0, cstack
 Tracked objects:
		On entry : 
		On exit  : 
		Unchanged: 
 Data sizes:     COMRAM   BANK0   BANK1   BANK2   BANK3   BANK4   BANK5   BANK6   BANK7   BANK8   BANK9  BANK10  BANK11  BANK12  BANK13  BANK14
      Params:         0       0       0       0       0       0       0       0       0       0       0       0       0       0       0       0
      Locals:         1       0       0       0       0       0       0       0       0       0       0       0       0       0       0       0
      Temps:          0       0       0       0       0       0       0       0       0       0       0       0       0       0       0       0
      Totals:         1       0       0       0       0       0       0       0       0       0       0       0       0       0       0       0
Total ram usage:        1 bytes
 Hardware stack levels used:    1
 Hardware stack levels required when called:    2
 This function calls:
		_lcd_send_byte
 This function is called by:
		_Setup
 This function uses a non-reentrant model


 *************** function _lcd_send_byte *****************
 Defined at:
		line 86 in file "../../Librerias/Unimic/unmc_01/sources/unmc_lcd_216.c"
 Parameters:    Size  Location     Type
  address         1    wreg     unsigned char 
  n               1    2[COMRAM] unsigned char 
 Auto vars:     Size  Location     Type
  address         1    3[COMRAM] unsigned char 
 Return value:  Size  Location     Type
                  1    wreg      void 
 Registers used:
		wreg, status,2, status,0, cstack
 Tracked objects:
		On entry : 
		On exit  : 
		Unchanged: 
 Data sizes:     COMRAM   BANK0   BANK1   BANK2   BANK3   BANK4   BANK5   BANK6   BANK7   BANK8   BANK9  BANK10  BANK11  BANK12  BANK13  BANK14
      Params:         1       0       0       0       0       0       0       0       0       0       0       0       0       0       0       0
      Locals:         1       0       0       0       0       0       0       0       0       0       0       0       0       0       0       0
      Temps:          0       0       0       0       0       0       0       0       0       0       0       0       0       0       0       0
      Totals:         2       0       0       0       0       0       0       0       0       0       0       0       0       0       0       0
Total ram usage:        2 bytes
 Hardware stack levels used:    1
 Hardware stack levels required when called:    1
 This function calls:
		_Delay100TCYx
		_lcd_send_nibble
 This function is called by:
		_lcd_init
		_lcd_gotoxy
		_lcd_putc
		_lcd_comand
		_lcd_setcursor_vb
 This function uses a non-reentrant model


 *************** function _lcd_send_nibble *****************
 Defined at:
		line 25 in file "../../Librerias/Unimic/unmc_01/sources/unmc_lcd_216.c"
 Parameters:    Size  Location     Type
  nibble          1    wreg     unsigned char 
 Auto vars:     Size  Location     Type
  nibble          1    1[COMRAM] unsigned char 
 Return value:  Size  Location     Type
                  1    wreg      void 
 Registers used:
		wreg, status,2, status,0
 Tracked objects:
		On entry : 
		On exit  : 
		Unchanged: 
 Data sizes:     COMRAM   BANK0   BANK1   BANK2   BANK3   BANK4   BANK5   BANK6   BANK7   BANK8   BANK9  BANK10  BANK11  BANK12  BANK13  BANK14
      Params:         0       0       0       0       0       0       0       0       0       0       0       0       0       0       0       0
      Locals:         1       0       0       0       0       0       0       0       0       0       0       0       0       0       0       0
      Temps:          1       0       0       0       0       0       0       0       0       0       0       0       0       0       0       0
      Totals:         2       0       0       0       0       0       0       0       0       0       0       0       0       0       0       0
Total ram usage:        2 bytes
 Hardware stack levels used:    1
 This function calls:
		Nothing
 This function is called by:
		_lcd_send_byte
		_lcd_init
 This function uses a non-reentrant model


 *************** function _Delay100TCYx *****************
 Defined at:
		line 8 in file "C:\Program Files (x86)\Microchip\xc8\v1.43\sources\pic18\d100tcyx.c"
 Parameters:    Size  Location     Type
  unit            1    wreg     unsigned char 
 Auto vars:     Size  Location     Type
  unit            1    0[COMRAM] unsigned char 
 Return value:  Size  Location     Type
                  1    wreg      void 
 Registers used:
		wreg
 Tracked objects:
		On entry : 
		On exit  : 
		Unchanged: 
 Data sizes:     COMRAM   BANK0   BANK1   BANK2   BANK3   BANK4   BANK5   BANK6   BANK7   BANK8   BANK9  BANK10  BANK11  BANK12  BANK13  BANK14
      Params:         0       0       0       0       0       0       0       0       0       0       0       0       0       0       0       0
      Locals:         1       0       0       0       0       0       0       0       0       0       0       0       0       0       0       0
      Temps:          0       0       0       0       0       0       0       0       0       0       0       0       0       0       0       0
      Totals:         1       0       0       0       0       0       0       0       0       0       0       0       0       0       0       0
Total ram usage:        1 bytes
 Hardware stack levels used:    1
 This function calls:
		Nothing
 This function is called by:
		_lcd_send_byte
 This function uses a non-reentrant model



MODULE INFORMATION

Module		Function		Class		Link	Load	Size
../../Librerias/Unimic/unmc_01/sources/unmc_lcd_216.c
		_lcd_comand    		CODE           	29EE	0000	15
		_lcd_putc      		CODE           	274E	0000	75
		_lcd_puts      		CODE           	2900	0000	43
		_lcd_putrs     		CODE           	26FC	0000	83
		_lcd_send_byte 		CODE           	28CE	0000	51
		_lcd_gotoxy    		CODE           	299E	0000	35
		_lcd_send_nibble		CODE           	25D8	0000	119
		_lcd_init      		CODE           	2562	0000	119

../../Librerias/Unimic/unmc_01/sources/unmc_lcd_216.c estimated size: 540

C:\Program Files (x86)\Microchip\xc8\v1.43\sources\common\frexp.c
		_ldexp         		CODE           	21D2	0000	199
		_frexp         		CODE           	2346	0000	145

C:\Program Files (x86)\Microchip\xc8\v1.43\sources\common\frexp.c estimated size: 344

C:\Program Files (x86)\Microchip\xc8\v1.43\sources\pic18\d1ktcyx.c
		_Delay1KTCYx   		CODE           	29C0	0000	17

C:\Program Files (x86)\Microchip\xc8\v1.43\sources\pic18\d1ktcyx.c estimated size: 17

C:\Program Files (x86)\Microchip\xc8\v1.43\sources\common\floor.c
		_floor         		CODE           	2022	0000	223

C:\Program Files (x86)\Microchip\xc8\v1.43\sources\common\floor.c estimated size: 223

C:\Program Files (x86)\Microchip\xc8\v1.43\sources\common\ftmul.c
		___ftmul       		CODE           	1E48	0000	245

C:\Program Files (x86)\Microchip\xc8\v1.43\sources\common\ftmul.c estimated size: 245

C:\Program Files (x86)\Microchip\xc8\v1.43\sources\common\log.c
		_log           		CODE           	1B20	0000	287

C:\Program Files (x86)\Microchip\xc8\v1.43\sources\common\log.c estimated size: 287

C:\Program Files (x86)\Microchip\xc8\v1.43\sources\common\ftdiv.c
		___ftdiv       		CODE           	1F3C	0000	231

C:\Program Files (x86)\Microchip\xc8\v1.43\sources\common\ftdiv.c estimated size: 231

C:\Program Files (x86)\Microchip\xc8\v1.43\sources\common\ftge.c
		___ftge        		CODE           	23D6	0000	145

C:\Program Files (x86)\Microchip\xc8\v1.43\sources\common\ftge.c estimated size: 145

C:\Program Files (x86)\Microchip\xc8\v1.43\sources\common\lwdiv.c
		___lwdiv       		CODE           	26AA	0000	83

C:\Program Files (x86)\Microchip\xc8\v1.43\sources\common\lwdiv.c estimated size: 83

C:\Program Files (x86)\Microchip\xc8\v1.43\sources\common\awdiv.c
		___awdiv       		CODE           	2466	0000	133

C:\Program Files (x86)\Microchip\xc8\v1.43\sources\common\awdiv.c estimated size: 133

C:\Program Files (x86)\Microchip\xc8\v1.43\sources\common\pow.c
		_pow           		CODE           	188A	0000	375

C:\Program Files (x86)\Microchip\xc8\v1.43\sources\common\pow.c estimated size: 375

C:\Program Files (x86)\Microchip\xc8\v1.43\sources\common\awtoft.c
		___awtoft      		CODE           	2896	0000	57

C:\Program Files (x86)\Microchip\xc8\v1.43\sources\common\awtoft.c estimated size: 57

C:\Program Files (x86)\Microchip\xc8\v1.43\sources\common\altoft.c
		___altoft      		CODE           	24EA	0000	121

C:\Program Files (x86)\Microchip\xc8\v1.43\sources\common\altoft.c estimated size: 121

C:\Program Files (x86)\Microchip\xc8\v1.43\sources\pic18\d100tcyx.c
		_Delay100TCYx  		CODE           	29D0	0000	17

C:\Program Files (x86)\Microchip\xc8\v1.43\sources\pic18\d100tcyx.c estimated size: 17

C:\Program Files (x86)\Microchip\xc8\v1.43\sources\common\fttol.c
		___fttol       		CODE           	1D54	0000	245

C:\Program Files (x86)\Microchip\xc8\v1.43\sources\common\fttol.c estimated size: 245

C:\Program Files (x86)\Microchip\xc8\v1.43\sources\common\evalpoly.c
		_eval_poly     		CODE           	2100	0000	211

C:\Program Files (x86)\Microchip\xc8\v1.43\sources\common\evalpoly.c estimated size: 211

C:\Program Files (x86)\Microchip\xc8\v1.43\sources\common\doprnt.c
		_sprintf       		CODE           	1A00	0000	289

C:\Program Files (x86)\Microchip\xc8\v1.43\sources\common\doprnt.c estimated size: 289

C:\Program Files (x86)\Microchip\xc8\v1.43\sources\common\lltoft.c
		___lltoft      		CODE           	264E	0000	93

C:\Program Files (x86)\Microchip\xc8\v1.43\sources\common\lltoft.c estimated size: 93

C:\Program Files (x86)\Microchip\xc8\v1.43\sources\common\ftadd.c
		___ftadd       		CODE           	16DE	0000	429

C:\Program Files (x86)\Microchip\xc8\v1.43\sources\common\ftadd.c estimated size: 429

shared
		exp@coeff      		SMALLCONST     	0F0F	0000	31
		_dpowers       		SMALLCONST     	0F01	0000	11
		_LCD_INIT_STRING		SMALLCONST     	0F0B	0000	5
		__initialization		CODE           	285A	0000	51
		log@coeff      		SMALLCONST     	0F2D	0000	28

shared estimated size: 126

C:\Program Files (x86)\Microchip\xc8\v1.43\sources\common\ftneg.c
		___ftneg       		CODE           	297A	0000	37

C:\Program Files (x86)\Microchip\xc8\v1.43\sources\common\ftneg.c estimated size: 37

C:\Program Files (x86)\Microchip\xc8\v1.43\sources\common\Umul16.c
		___wmul        		CODE           	2954	0000	39

C:\Program Files (x86)\Microchip\xc8\v1.43\sources\common\Umul16.c estimated size: 39

C:\Program Files (x86)\Microchip\xc8\v1.43\sources\common\ftsub.c
		___ftsub       		CODE           	27DA	0000	65

C:\Program Files (x86)\Microchip\xc8\v1.43\sources\common\ftsub.c estimated size: 65

C:\Program Files (x86)\Microchip\xc8\v1.43\sources\common\float.c
		___ftpack      		CODE           	2298	0000	175

C:\Program Files (x86)\Microchip\xc8\v1.43\sources\common\float.c estimated size: 175

C:\Program Files (x86)\Microchip\xc8\v1.43\sources\common\exp.c
		_exp           		CODE           	14F6	0000	489

C:\Program Files (x86)\Microchip\xc8\v1.43\sources\common\exp.c estimated size: 489

C:\Program Files (x86)\Microchip\xc8\v1.43\sources\common\lwmod.c
		___lwmod       		CODE           	2798	0000	67

C:\Program Files (x86)\Microchip\xc8\v1.43\sources\common\lwmod.c estimated size: 67

main.c
		_escribir_numero		CODE           	1C3E	0000	279
		_main          		CODE           	0F54	0000	1443
		_Setup         		CODE           	281A	0000	65
		_write_in_lcd  		CODE           	292A	0000	43

main.c estimated size: 1830

