Microchip MPLAB XC8 Compiler V1.43 ()

Linker command line:

--edf=C:\Program Files (x86)\Microchip\xc8\v1.43\dat\en_msgs.txt -cs \
  -h+dist/default/production\unimic_alarma.production.sym \
  --cmf=dist/default/production\unimic_alarma.production.cmf -z -Q18F26J50 \
  -oC:\Users\Fernando\AppData\Local\Temp\s2qhs.2 \
  -Mdist/default/production/unimic_alarma.production.map -E1 -ver=XC8 \
  -ASTACK=010Ch-0ebfh -pstack=STACK -ACODE=00h-0FFF7h -ACONST=00h-0FFF7h \
  -ASMALLCONST=0F00h-0FFFhx240,0FF00h-0FFF7h -AMEDIUMCONST=0F00h-0FFF7h \
  -ACOMRAM=01h-05Fh -AABS1=00h-0EBFh -ABIGRAM=01h-0EBFh \
  -ARAM=060h-0FFh,0100h-01FFhx13,0E00h-0EBFh -ABANK0=060h-0FFh \
  -ABANK1=0100h-01FFh -ABANK2=0200h-02FFh -ABANK3=0300h-03FFh \
  -ABANK4=0400h-04FFh -ABANK5=0500h-05FFh -ABANK6=0600h-06FFh \
  -ABANK7=0700h-07FFh -ABANK8=0800h-08FFh -ABANK9=0900h-09FFh \
  -ABANK10=0A00h-0AFFh -ABANK11=0B00h-0BFFh -ABANK12=0C00h-0CFFh \
  -ABANK13=0D00h-0DFFh -ABANK14=0E00h-0EBFh \
  -ASFR=0EC0h-0EFFh,0F00h-0F5Fh,0F60h-0FFFh \
  -preset_vec=00h,intcode,intcodelo,powerup,init -pramtop=0F00h \
  -psmallconst=SMALLCONST -pmediumconst=MEDIUMCONST -pconst=CONST \
  -AFARRAM=00h-00h -ACONFIG=0FFF8h-0FFFFh -pconfig=CONFIG \
  -pjflash_buffer=0F800h \
  -prdata=COMRAM,nvrram=COMRAM,nvbit=COMRAM,rbss=COMRAM,rbit=COMRAM \
  -pfarbss=FARRAM,fardata=FARRAM,nvFARRAM=FARRAM \
  -pintsave_regs=BIGRAM,bigbss=BIGRAM,bigdata=BIGRAM -pbss=RAM \
  -pidata=CODE,irdata=CODE,ibigdata=CODE,ifardata=CODE -prparam=COMRAM \
  C:\Users\Fernando\AppData\Local\Temp\s2qhs.obj \
  dist/default/production\unimic_alarma.production.obj 

Object code version is 3.11

Machine type is 18F26J50

Call graph: (short form)




                Name                               Link     Load   Length Selector   Space Scale
C:\Users\Fernando\AppData\Local\Temp\s2qhs.obj
                init                                  0        0        4        0       0
                config                             FFF8     FFF8        8     FFF8       0
dist/default/production\unimic_alarma.production.obj
                mediumconst                        FEE2     FEE2      116     7F71       0
                text64                             DC82     DC82       8E     6E41       0
                text63                             D690     D690       6E     6B48       0
                text62                             EC34     EC34      146     761A       0
                text61                             DE30     DE30       94     6F18       0
                text60                             D20C     D20C       10     6906       0
                text59                             D6FE     D6FE       76     6B7F       0
                text58                             D318     D318       32     698C       0
                text57                             D288     D288       22     6944       0
                text56                             D404     D404       4A     6A02       0
                text55                             D536     D536       52     6A9B       0
                text54                             DA58     DA58       86     6D2C       0
                text53                             D588     D588       52     6AC4       0
                text52                             D3C2     D3C2       42     69E1       0
                text51                             D2F2     D2F2       26     6979       0
                text50                             D26A     D26A       1E     6935       0
                text49                             F812     F812      230     7C09       0
                text48                             DADE     DADE       8C     6D6F       0
                text47                             FC7A     FC7A      268     7E3D       0
                text46                             D7EA     D7EA       78     6BF5       0
                text45                             D956     D956       7E     6CAB       0
                text44                             F238     F238      1D6     791C       0
                text43                             E142     E142       AE     70A1       0
                text42                             D634     D634       5C     6B1A       0
                text41                             D34A     D34A       38     69A5       0
                text40                             E616     E616       E6     730B       0
                text39                             D2AA     D2AA       24     6955       0
                text38                             F08C     F08C      1AC     7846       0
                text37                             D382     D382       40     69C1       0
                text36                             E6FC     E6FC       F4     737E       0
                text35                             E2B6     E2B6       D2     715B       0
                text34                             D862     D862       78     6C31       0
                text33                             DD10     DD10       90     6E88       0
                text32                             E7F0     E7F0       F4     73F8       0
                text31                             DDA0     DDA0       90     6ED0       0
                text30                             E538     E538       DE     729C       0
                text29                             E1F0     E1F0       C6     70F8       0
                text28                             F40E     F40E      1E8     7A07       0
                text27                             E9E0     E9E0      11E     74F0       0
                text26                             ED7A     ED7A      176     76BD       0
                text25                             E388     E388       D8     71C4       0
                text24                             D22C     D22C       12     6916       0
                text23                             EAFE     EAFE      136     757F       0
                text22                             E8E4     E8E4       FC     7472       0
                text21                             D9D4     D9D4       84     6CEA       0
                text20                             EEF0     EEF0      19C     7778       0
                text19                             DB6A     DB6A       8C     6DB5       0
                text18                             FA42     FA42      238     7D21       0
                text17                             D8DA     D8DA       7C     6C6D       0
                text16                             F5F6     F5F6      21C     7AFB       0
                text15                             DF5E     DF5E       9E     6FAF       0
                text14                             D4E6     D4E6       50     6A73       0
                text13                             D1DA     D1DA        A     68ED       0
                text12                             E460     E460       D8     7230       0
                text11                             DEC4     DEC4       9A     6F62       0
                text10                             D252     D252       18     6929       0
                text9                              D498     D498       4E     6A4C       0
                text8                              DFFC     DFFC       A2     6FFE       0
                text7                              DBF6     DBF6       8C     6DFB       0
                text6                              E09E     E09E       A4     704F       0
                text5                              D1F0     D1F0        E     68F8       0
                text4                              D1FE     D1FE        E     68FF       0
                text3                              D21C     D21C       10     690E       0
                text2                              D774     D774       76     6BBA       0
                text1                              D44E     D44E       4A     6A27       0
                text0                              D2CE     D2CE       24     6967       0
                cstackCOMRAM                          1        1       5F        1       1
                cstackBANK0                          C5       C5       16       60       1
                dataBANK1                           100      100        C      100       1
                dataBANK0                            DB       DB       14       60       1
                bssBANK0                             60       60       65       60       1
                bitbssBANK0                         7E0       FC        1       60       1     8
                cinit                              D5DA     D5DA       5A     6AED       0
                nvBANK0                              EF       EF        D       60       1
                idataBANK1                         D1E4     D1E4        C     D1E4       0
                idataBANK0                         D23E     D23E       14     D23E       0

TOTAL           Name                               Link     Load   Length     Space
        CLASS   STACK          

        CLASS   CODE           
                init                                  0        0        4         0
                text64                             DC82     DC82       8E         0
                text63                             D690     D690       6E         0
                text62                             EC34     EC34      146         0
                text61                             DE30     DE30       94         0
                text60                             D20C     D20C       10         0
                text59                             D6FE     D6FE       76         0
                text58                             D318     D318       32         0
                text57                             D288     D288       22         0
                text56                             D404     D404       4A         0
                text55                             D536     D536       52         0
                text54                             DA58     DA58       86         0
                text53                             D588     D588       52         0
                text52                             D3C2     D3C2       42         0
                text51                             D2F2     D2F2       26         0
                text50                             D26A     D26A       1E         0
                text49                             F812     F812      230         0
                text48                             DADE     DADE       8C         0
                text47                             FC7A     FC7A      268         0
                text46                             D7EA     D7EA       78         0
                text45                             D956     D956       7E         0
                text44                             F238     F238      1D6         0
                text43                             E142     E142       AE         0
                text42                             D634     D634       5C         0
                text41                             D34A     D34A       38         0
                text40                             E616     E616       E6         0
                text39                             D2AA     D2AA       24         0
                text38                             F08C     F08C      1AC         0
                text37                             D382     D382       40         0
                text36                             E6FC     E6FC       F4         0
                text35                             E2B6     E2B6       D2         0
                text34                             D862     D862       78         0
                text33                             DD10     DD10       90         0
                text32                             E7F0     E7F0       F4         0
                text31                             DDA0     DDA0       90         0
                text30                             E538     E538       DE         0
                text29                             E1F0     E1F0       C6         0
                text28                             F40E     F40E      1E8         0
                text27                             E9E0     E9E0      11E         0
                text26                             ED7A     ED7A      176         0
                text25                             E388     E388       D8         0
                text24                             D22C     D22C       12         0
                text23                             EAFE     EAFE      136         0
                text22                             E8E4     E8E4       FC         0
                text21                             D9D4     D9D4       84         0
                text20                             EEF0     EEF0      19C         0
                text19                             DB6A     DB6A       8C         0
                text18                             FA42     FA42      238         0
                text17                             D8DA     D8DA       7C         0
                text16                             F5F6     F5F6      21C         0
                text15                             DF5E     DF5E       9E         0
                text14                             D4E6     D4E6       50         0
                text13                             D1DA     D1DA        A         0
                text12                             E460     E460       D8         0
                text11                             DEC4     DEC4       9A         0
                text10                             D252     D252       18         0
                text9                              D498     D498       4E         0
                text8                              DFFC     DFFC       A2         0
                text7                              DBF6     DBF6       8C         0
                text6                              E09E     E09E       A4         0
                text5                              D1F0     D1F0        E         0
                text4                              D1FE     D1FE        E         0
                text3                              D21C     D21C       10         0
                text2                              D774     D774       76         0
                text1                              D44E     D44E       4A         0
                text0                              D2CE     D2CE       24         0
                cinit                              D5DA     D5DA       5A         0
                idataBANK1                         D1E4     D1E4        C         0
                idataBANK0                         D23E     D23E       14         0

        CLASS   CONST          

        CLASS   SMALLCONST     

        CLASS   MEDIUMCONST    
                mediumconst                        FEE2     FEE2      116         0

        CLASS   COMRAM         
                cstackCOMRAM                          1        1       5F         1

        CLASS   ABS1           

        CLASS   BIGRAM         

        CLASS   RAM            

        CLASS   BANK0          
                cstackBANK0                          C5       C5       16         1
                dataBANK0                            DB       DB       14         1
                bssBANK0                             60       60       65         1
                bitbssBANK0                         7E0       FC        1         1
                nvBANK0                              EF       EF        D         1

        CLASS   BANK1          
                dataBANK1                           100      100        C         1

        CLASS   BANK2          

        CLASS   BANK3          

        CLASS   BANK4          

        CLASS   BANK5          

        CLASS   BANK6          

        CLASS   BANK7          

        CLASS   BANK8          

        CLASS   BANK9          

        CLASS   BANK10         

        CLASS   BANK11         

        CLASS   BANK12         

        CLASS   BANK13         

        CLASS   BANK14         

        CLASS   SFR            

        CLASS   FARRAM         

        CLASS   CONFIG         
                config                             FFF8     FFF8        8         0

        CLASS   IDLOC          



SEGMENTS        Name                           Load    Length   Top    Selector   Space  Class

                reset_vec                      000000  000004  000004         0       0  CODE    
                cstackCOMRAM                   000001  00005F  000060         1       1  COMRAM  
                bssBANK0                       000060  00009D  0000FD        60       1  BANK0   
                dataBANK1                      000100  00000C  00010C       100       1  BANK1   
                text13                         00D1DA  00000A  00D1E4      68ED       0  CODE    
                idataBANK1                     00D1E4  00000C  00D1F0      D1E4       0  CODE    
                text5                          00D1F0  00000E  00D1FE      68F8       0  CODE    
                text4                          00D1FE  00000E  00D20C      68FF       0  CODE    
                text60                         00D20C  000010  00D21C      6906       0  CODE    
                text3                          00D21C  000010  00D22C      690E       0  CODE    
                text24                         00D22C  000012  00D23E      6916       0  CODE    
                idataBANK0                     00D23E  000014  00D252      D23E       0  CODE    
                text10                         00D252  000018  00D26A      6929       0  CODE    
                text50                         00D26A  00001E  00D288      6935       0  CODE    
                text57                         00D288  000022  00D2AA      6944       0  CODE    
                text39                         00D2AA  000024  00D2CE      6955       0  CODE    
                text0                          00D2CE  000024  00D2F2      6967       0  CODE    
                text51                         00D2F2  000026  00D318      6979       0  CODE    
                text58                         00D318  000032  00D34A      698C       0  CODE    
                text41                         00D34A  000038  00D382      69A5       0  CODE    
                text37                         00D382  000040  00D3C2      69C1       0  CODE    
                text52                         00D3C2  000042  00D404      69E1       0  CODE    
                text56                         00D404  00004A  00D44E      6A02       0  CODE    
                text1                          00D44E  00004A  00D498      6A27       0  CODE    
                text9                          00D498  00004E  00D4E6      6A4C       0  CODE    
                text14                         00D4E6  000050  00D536      6A73       0  CODE    
                text55                         00D536  000052  00D588      6A9B       0  CODE    
                text53                         00D588  000052  00D5DA      6AC4       0  CODE    
                cinit                          00D5DA  00005A  00D634      6AED       0  CODE    
                text42                         00D634  00005C  00D690      6B1A       0  CODE    
                text63                         00D690  00006E  00D6FE      6B48       0  CODE    
                text59                         00D6FE  000076  00D774      6B7F       0  CODE    
                text2                          00D774  000076  00D7EA      6BBA       0  CODE    
                text46                         00D7EA  000078  00D862      6BF5       0  CODE    
                text34                         00D862  000078  00D8DA      6C31       0  CODE    
                text17                         00D8DA  00007C  00D956      6C6D       0  CODE    
                text45                         00D956  00007E  00D9D4      6CAB       0  CODE    
                text21                         00D9D4  000084  00DA58      6CEA       0  CODE    
                text54                         00DA58  000086  00DADE      6D2C       0  CODE    
                text48                         00DADE  00008C  00DB6A      6D6F       0  CODE    
                text19                         00DB6A  00008C  00DBF6      6DB5       0  CODE    
                text7                          00DBF6  00008C  00DC82      6DFB       0  CODE    
                text64                         00DC82  00008E  00DD10      6E41       0  CODE    
                text33                         00DD10  000090  00DDA0      6E88       0  CODE    
                text31                         00DDA0  000090  00DE30      6ED0       0  CODE    
                text61                         00DE30  000094  00DEC4      6F18       0  CODE    
                text11                         00DEC4  00009A  00DF5E      6F62       0  CODE    
                text15                         00DF5E  00009E  00DFFC      6FAF       0  CODE    
                text8                          00DFFC  0000A2  00E09E      6FFE       0  CODE    
                text6                          00E09E  0000A4  00E142      704F       0  CODE    
                text43                         00E142  0000AE  00E1F0      70A1       0  CODE    
                text29                         00E1F0  0000C6  00E2B6      70F8       0  CODE    
                text35                         00E2B6  0000D2  00E388      715B       0  CODE    
                text25                         00E388  0000D8  00E460      71C4       0  CODE    
                text12                         00E460  0000D8  00E538      7230       0  CODE    
                text30                         00E538  0000DE  00E616      729C       0  CODE    
                text40                         00E616  0000E6  00E6FC      730B       0  CODE    
                text36                         00E6FC  0000F4  00E7F0      737E       0  CODE    
                text32                         00E7F0  0000F4  00E8E4      73F8       0  CODE    
                text22                         00E8E4  0000FC  00E9E0      7472       0  CODE    
                text27                         00E9E0  00011E  00EAFE      74F0       0  CODE    
                text23                         00EAFE  000136  00EC34      757F       0  CODE    
                text62                         00EC34  000146  00ED7A      761A       0  CODE    
                text26                         00ED7A  000176  00EEF0      76BD       0  CODE    
                text20                         00EEF0  00019C  00F08C      7778       0  CODE    
                text38                         00F08C  0001AC  00F238      7846       0  CODE    
                text44                         00F238  0001D6  00F40E      791C       0  CODE    
                text28                         00F40E  0001E8  00F5F6      7A07       0  CODE    
                text16                         00F5F6  00021C  00F812      7AFB       0  CODE    
                text49                         00F812  000230  00FA42      7C09       0  CODE    
                text18                         00FA42  000238  00FC7A      7D21       0  CODE    
                text47                         00FC7A  000268  00FEE2      7E3D       0  CODE    
                mediumconst                    00FEE2  000116  00FFF8      7F71       0  MEDIUMCO
                config                         00FFF8  000008  010000      FFF8       0  CONFIG  


UNUSED ADDRESS RANGES

        Name                Unused          Largest block    Delta
        BANK0            000FD-000FF               3
        BANK1            0010C-001FF              F4
        BANK10           00A00-00AFF             100
        BANK11           00B00-00BFF             100
        BANK12           00C00-00CFF             100
        BANK13           00D00-00DFF             100
        BANK14           00E00-00EBF              C0
        BANK2            00200-002FF             100
        BANK3            00300-003FF             100
        BANK4            00400-004FF             100
        BANK5            00500-005FF             100
        BANK6            00600-006FF             100
        BANK7            00700-007FF             100
        BANK8            00800-008FF             100
        BANK9            00900-009FF             100
        BIGRAM           000FD-000FF               3
                         0010C-00EBF             DB4
        CODE             00004-0D1D9            D1D6
        CONST            00004-0D1D9            D1D6
        MEDIUMCONST      00F00-0D1D9            C2DA
        RAM              000FD-000FF               3
                         0010C-00EBF             100
        SFR              00EC0-00FFF              60
        SMALLCONST       00F00-0D1D9             100
        STACK            0010C-00EBF             DB4

                                  Symbol Table

?___altoft                                                  cstackCOMRAM  0001C
?___awdiv                                                   cstackCOMRAM  00001
?___awtoft                                                  cstackCOMRAM  00009
?___ftadd                                                   cstackCOMRAM  00022
?___ftdiv                                                   cstackCOMRAM  00009
?___ftmul                                                   cstackCOMRAM  0000D
?___ftneg                                                   cstackCOMRAM  00001
?___ftpack                                                  cstackCOMRAM  00001
?___ftsub                                                   cstackCOMRAM  0002E
?___fttol                                                   cstackCOMRAM  0000D
?___lltoft                                                  cstackCOMRAM  00009
?___lwdiv                                                   cstackCOMRAM  00001
?___lwmod                                                   cstackCOMRAM  00008
?___wmul                                                    cstackCOMRAM  0001C
?_covertir_valores_de_array_a_escala_decimal                cstackCOMRAM  0005B
?_eval_poly                                                 cstackCOMRAM  0002E
?_exp                                                       cstackCOMRAM  00041
?_floor                                                     cstackCOMRAM  0002E
?_frexp                                                     cstackCOMRAM  00001
?_ldexp                                                     cstackCOMRAM  0003A
?_log                                                       cstackCOMRAM  0003A
?_pow                                                       cstackCOMRAM  0004A
?_sprintf                                                   cstackCOMRAM  00022
?_verificar_contrasenia                                     cstackCOMRAM  00001
Delay100TCYx@unit                                           cstackCOMRAM  00001
Delay1KTCYx@unit                                            cstackCOMRAM  00001
RtccReadDate@pDt                                            cstackCOMRAM  00001
RtccReadDate@rTD0                                           cstackCOMRAM  0000B
RtccReadDate@rTD1                                           cstackCOMRAM  00003
RtccReadTime@pTm                                            cstackCOMRAM  00001
RtccReadTime@rTD0                                           cstackCOMRAM  0000B
RtccReadTime@rTD1                                           cstackCOMRAM  00003
RtccWriteDate@di                                            cstackCOMRAM  00003
RtccWriteDate@pDt                                           cstackCOMRAM  00001
RtccWriteDate@tempDayMonth                                  cstackCOMRAM  0000A
RtccWriteDate@tempHourWDay                                  cstackCOMRAM  0000C
RtccWriteDate@tempYear                                      cstackCOMRAM  00007
RtccWriteDate@wasAlrm                                       cstackCOMRAM  00006
RtccWriteDate@wasOn                                         cstackCOMRAM  00005
RtccWriteDate@wasWrEn                                       cstackCOMRAM  00009
RtccWriteTime@di                                            cstackCOMRAM  00003
RtccWriteTime@pTm                                           cstackCOMRAM  00001
RtccWriteTime@tempHourWDay                                  cstackCOMRAM  0000A
RtccWriteTime@tempMinSec                                    cstackCOMRAM  00008
RtccWriteTime@wasAlrm                                       cstackCOMRAM  00006
RtccWriteTime@wasOn                                         cstackCOMRAM  00005
RtccWriteTime@wasWrEn                                       cstackCOMRAM  00007
_ALRMCFGbits                                                (abs)         00F91
_ANCON0                                                     (abs)         00F48
_ANCON1                                                     (abs)         00F49
_Delay100TCYx                                               text60        0D20C
_Delay1KTCYx                                                text3         0D21C
_EECON2                                                     (abs)         00FA7
_INTCONbits                                                 (abs)         00FF2
_LATAbits                                                   (abs)         00F89
_LATBbits                                                   (abs)         00F8A
_LCD_INIT_STRING                                            mediumconst   0FEED
_OSCCONbits                                                 (abs)         00FD3
_OSCTUNEbits                                                (abs)         00F9B
_PIE3bits                                                   (abs)         00FA3
_PORTAbits                                                  (abs)         00F80
_PORTCbits                                                  (abs)         00F82
_RTCCFG                                                     (abs)         00F3F
_RTCCFGbits                                                 (abs)         00F3F
_RTCVALH                                                    (abs)         00F99
_RTCVALL                                                    (abs)         00F98
_Read_RTC                                                   text62        0EC34
_RtccAlrmTimeDate                                           bssBANK0      00070
_RtccDate                                                   bssBANK0      000BD
_RtccReadDate                                               text64        0DC82
_RtccReadTime                                               text63        0D690
_RtccTime                                                   bssBANK0      000C1
_RtccTimeDate                                               bssBANK0      00078
_RtccTimeVal                                                bssBANK0      00084
_RtccWrOn                                                   text24        0D22C
_RtccWriteDate                                              text23        0EAFE
_RtccWriteTime                                              text22        0E8E4
_Rtcc_read_TimeDate                                         bssBANK0      00068
_T1CONbits                                                  (abs)         00FCD
_TRISA                                                      (abs)         00F92
_TRISB                                                      (abs)         00F93
_TRISBbits                                                  (abs)         00F93
_TRISC                                                      (abs)         00F94
_Write_RTC                                                  text20        0EEF0
__CFG_CP0$OFF                                               (abs)         00000
__CFG_CPUDIV$OSC1                                           (abs)         00000
__CFG_DSBOREN$OFF                                           (abs)         00000
__CFG_DSWDTEN$OFF                                           (abs)         00000
__CFG_DSWDTOSC$INTOSCREF                                    (abs)         00000
__CFG_DSWDTPS$G2                                            (abs)         00000
__CFG_FCMEN$OFF                                             (abs)         00000
__CFG_IESO$OFF                                              (abs)         00000
__CFG_IOL1WAY$OFF                                           (abs)         00000
__CFG_LPT1OSC$OFF                                           (abs)         00000
__CFG_MSSP7B_EN$MSK7                                        (abs)         00000
__CFG_OSC$INTOSC                                            (abs)         00000
__CFG_PLLDIV$1                                              (abs)         00000
__CFG_RTCOSC$T1OSCREF                                       (abs)         00000
__CFG_STVREN$ON                                             (abs)         00000
__CFG_T1DIG$ON                                              (abs)         00000
__CFG_WDTEN$OFF                                             (abs)         00000
__CFG_WDTPS$32768                                           (abs)         00000
__CFG_WPCFG$OFF                                             (abs)         00000
__CFG_WPDIS$OFF                                             (abs)         00000
__CFG_XINST$OFF                                             (abs)         00000
__HRAM                                                      (abs)         00000
__Habs1                                                     abs1          00000
__Hbank0                                                    bank0         00000
__Hbank1                                                    bank1         00000
__Hbank10                                                   bank10        00000
__Hbank11                                                   bank11        00000
__Hbank12                                                   bank12        00000
__Hbank13                                                   bank13        00000
__Hbank14                                                   bank14        00000
__Hbank2                                                    bank2         00000
__Hbank3                                                    bank3         00000
__Hbank4                                                    bank4         00000
__Hbank5                                                    bank5         00000
__Hbank6                                                    bank6         00000
__Hbank7                                                    bank7         00000
__Hbank8                                                    bank8         00000
__Hbank9                                                    bank9         00000
__Hbigbss                                                   bigbss        00000
__Hbigdata                                                  bigdata       00000
__Hbigram                                                   bigram        00000
__HbitbssBANK0                                              bitbssBANK0   00000
__Hbss                                                      bss           00000
__HbssBANK0                                                 bssBANK0      00000
__Hcinit                                                    cinit         00000
__Hclrtext                                                  clrtext       00000
__Hcomram                                                   comram        00000
__Hconfig                                                   config        10000
__Hconst                                                    const         00000
__HcstackBANK0                                              cstackBANK0   00000
__HcstackCOMRAM                                             cstackCOMRAM  00000
__Hdata                                                     data          00000
__HdataBANK0                                                dataBANK0     00000
__HdataBANK1                                                dataBANK1     00000
__Hfarbss                                                   farbss        00000
__Hfardata                                                  fardata       00000
__Hibigdata                                                 ibigdata      00000
__Hidata                                                    idata         00000
__HidataBANK0                                               idataBANK0    00000
__HidataBANK1                                               idataBANK1    00000
__Hidloc                                                    idloc         00000
__Hifardata                                                 ifardata      00000
__Hinit                                                     init          00004
__Hintcode                                                  intcode       00000
__Hintcode_body                                             intcode_body  00000
__Hintcodelo                                                intcodelo     00000
__Hintentry                                                 intentry      00000
__Hintret                                                   intret        00000
__Hintsave_regs                                             intsave_regs  00000
__Hirdata                                                   irdata        00000
__Hjflash_buffer                                            jflash_buffer 0F800
__Hmediumconst                                              mediumconst   0FFF8
__HnvBANK0                                                  nvBANK0       00000
__HnvFARRAM                                                 nvFARRAM      00000
__Hnvbit                                                    nvbit         00000
__Hnvrram                                                   nvrram        00000
__Hparam                                                    rparam        00000
__Hpowerup                                                  powerup       00000
__Hram                                                      ram           00000
__Hramtop                                                   ramtop        00F00
__Hrbit                                                     rbit          00000
__Hrbss                                                     rbss          00000
__Hrdata                                                    rdata         00000
__Hreset_vec                                                reset_vec     00000
__Hrparam                                                   rparam        00000
__Hsfr                                                      sfr           00000
__Hsmallconst                                               smallconst    00000
__Hspace_0                                                  (abs)         10000
__Hspace_1                                                  (abs)         007E1
__Hspace_2                                                  (abs)         00000
__Hstack                                                    stack         00000
__Hstruct                                                   struct        00000
__Htemp                                                     temp          00000
__Htext                                                     text          00000
__Htext0                                                    text0         00000
__Htext1                                                    text1         00000
__Htext10                                                   text10        00000
__Htext11                                                   text11        00000
__Htext12                                                   text12        00000
__Htext13                                                   text13        00000
__Htext14                                                   text14        00000
__Htext15                                                   text15        00000
__Htext16                                                   text16        00000
__Htext17                                                   text17        00000
__Htext18                                                   text18        00000
__Htext19                                                   text19        00000
__Htext2                                                    text2         00000
__Htext20                                                   text20        00000
__Htext21                                                   text21        00000
__Htext22                                                   text22        00000
__Htext23                                                   text23        00000
__Htext24                                                   text24        00000
__Htext25                                                   text25        00000
__Htext26                                                   text26        00000
__Htext27                                                   text27        00000
__Htext28                                                   text28        00000
__Htext29                                                   text29        00000
__Htext3                                                    text3         00000
__Htext30                                                   text30        00000
__Htext31                                                   text31        00000
__Htext32                                                   text32        00000
__Htext33                                                   text33        00000
__Htext34                                                   text34        00000
__Htext35                                                   text35        00000
__Htext36                                                   text36        00000
__Htext37                                                   text37        00000
__Htext38                                                   text38        00000
__Htext39                                                   text39        00000
__Htext4                                                    text4         00000
__Htext40                                                   text40        00000
__Htext41                                                   text41        00000
__Htext42                                                   text42        00000
__Htext43                                                   text43        00000
__Htext44                                                   text44        00000
__Htext45                                                   text45        00000
__Htext46                                                   text46        00000
__Htext47                                                   text47        00000
__Htext48                                                   text48        00000
__Htext49                                                   text49        00000
__Htext5                                                    text5         00000
__Htext50                                                   text50        00000
__Htext51                                                   text51        00000
__Htext52                                                   text52        00000
__Htext53                                                   text53        00000
__Htext54                                                   text54        00000
__Htext55                                                   text55        00000
__Htext56                                                   text56        00000
__Htext57                                                   text57        00000
__Htext58                                                   text58        00000
__Htext59                                                   text59        00000
__Htext6                                                    text6         00000
__Htext60                                                   text60        00000
__Htext61                                                   text61        00000
__Htext62                                                   text62        00000
__Htext63                                                   text63        00000
__Htext64                                                   text64        00000
__Htext7                                                    text7         00000
__Htext8                                                    text8         00000
__Htext9                                                    text9         00000
__LRAM                                                      (abs)         00001
__Labs1                                                     abs1          00000
__Lbank0                                                    bank0         00000
__Lbank1                                                    bank1         00000
__Lbank10                                                   bank10        00000
__Lbank11                                                   bank11        00000
__Lbank12                                                   bank12        00000
__Lbank13                                                   bank13        00000
__Lbank14                                                   bank14        00000
__Lbank2                                                    bank2         00000
__Lbank3                                                    bank3         00000
__Lbank4                                                    bank4         00000
__Lbank5                                                    bank5         00000
__Lbank6                                                    bank6         00000
__Lbank7                                                    bank7         00000
__Lbank8                                                    bank8         00000
__Lbank9                                                    bank9         00000
__Lbigbss                                                   bigbss        00000
__Lbigdata                                                  bigdata       00000
__Lbigram                                                   bigram        00000
__LbitbssBANK0                                              bitbssBANK0   00000
__Lbss                                                      bss           00000
__LbssBANK0                                                 bssBANK0      00000
__Lcinit                                                    cinit         00000
__Lclrtext                                                  clrtext       00000
__Lcomram                                                   comram        00000
__Lconfig                                                   config        0FFF8
__Lconst                                                    const         00000
__LcstackBANK0                                              cstackBANK0   00000
__LcstackCOMRAM                                             cstackCOMRAM  00000
__Ldata                                                     data          00000
__LdataBANK0                                                dataBANK0     00000
__LdataBANK1                                                dataBANK1     00000
__Lfarbss                                                   farbss        00000
__Lfardata                                                  fardata       00000
__Libigdata                                                 ibigdata      00000
__Lidata                                                    idata         00000
__LidataBANK0                                               idataBANK0    00000
__LidataBANK1                                               idataBANK1    00000
__Lidloc                                                    idloc         00000
__Lifardata                                                 ifardata      00000
__Linit                                                     init          00000
__Lintcode                                                  intcode       00000
__Lintcode_body                                             intcode_body  00000
__Lintcodelo                                                intcodelo     00000
__Lintentry                                                 intentry      00000
__Lintret                                                   intret        00000
__Lintsave_regs                                             intsave_regs  00000
__Lirdata                                                   irdata        00000
__Ljflash_buffer                                            jflash_buffer 0F800
__Lmediumconst                                              mediumconst   0FEE2
__LnvBANK0                                                  nvBANK0       00000
__LnvFARRAM                                                 nvFARRAM      00000
__Lnvbit                                                    nvbit         00000
__Lnvrram                                                   nvrram        00000
__Lparam                                                    rparam        00000
__Lpowerup                                                  powerup       00000
__Lram                                                      ram           00000
__Lramtop                                                   ramtop        00F00
__Lrbit                                                     rbit          00000
__Lrbss                                                     rbss          00000
__Lrdata                                                    rdata         00000
__Lreset_vec                                                reset_vec     00000
__Lrparam                                                   rparam        00000
__Lsfr                                                      sfr           00000
__Lsmallconst                                               smallconst    00000
__Lspace_0                                                  (abs)         00000
__Lspace_1                                                  (abs)         00000
__Lspace_2                                                  (abs)         00000
__Lstack                                                    stack         00000
__Lstruct                                                   struct        00000
__Ltemp                                                     temp          00000
__Ltext                                                     text          00000
__Ltext0                                                    text0         00000
__Ltext1                                                    text1         00000
__Ltext10                                                   text10        00000
__Ltext11                                                   text11        00000
__Ltext12                                                   text12        00000
__Ltext13                                                   text13        00000
__Ltext14                                                   text14        00000
__Ltext15                                                   text15        00000
__Ltext16                                                   text16        00000
__Ltext17                                                   text17        00000
__Ltext18                                                   text18        00000
__Ltext19                                                   text19        00000
__Ltext2                                                    text2         00000
__Ltext20                                                   text20        00000
__Ltext21                                                   text21        00000
__Ltext22                                                   text22        00000
__Ltext23                                                   text23        00000
__Ltext24                                                   text24        00000
__Ltext25                                                   text25        00000
__Ltext26                                                   text26        00000
__Ltext27                                                   text27        00000
__Ltext28                                                   text28        00000
__Ltext29                                                   text29        00000
__Ltext3                                                    text3         00000
__Ltext30                                                   text30        00000
__Ltext31                                                   text31        00000
__Ltext32                                                   text32        00000
__Ltext33                                                   text33        00000
__Ltext34                                                   text34        00000
__Ltext35                                                   text35        00000
__Ltext36                                                   text36        00000
__Ltext37                                                   text37        00000
__Ltext38                                                   text38        00000
__Ltext39                                                   text39        00000
__Ltext4                                                    text4         00000
__Ltext40                                                   text40        00000
__Ltext41                                                   text41        00000
__Ltext42                                                   text42        00000
__Ltext43                                                   text43        00000
__Ltext44                                                   text44        00000
__Ltext45                                                   text45        00000
__Ltext46                                                   text46        00000
__Ltext47                                                   text47        00000
__Ltext48                                                   text48        00000
__Ltext49                                                   text49        00000
__Ltext5                                                    text5         00000
__Ltext50                                                   text50        00000
__Ltext51                                                   text51        00000
__Ltext52                                                   text52        00000
__Ltext53                                                   text53        00000
__Ltext54                                                   text54        00000
__Ltext55                                                   text55        00000
__Ltext56                                                   text56        00000
__Ltext57                                                   text57        00000
__Ltext58                                                   text58        00000
__Ltext59                                                   text59        00000
__Ltext6                                                    text6         00000
__Ltext60                                                   text60        00000
__Ltext61                                                   text61        00000
__Ltext62                                                   text62        00000
__Ltext63                                                   text63        00000
__Ltext64                                                   text64        00000
__Ltext7                                                    text7         00000
__Ltext8                                                    text8         00000
__Ltext9                                                    text9         00000
__S0                                                        (abs)         10000
__S1                                                        (abs)         0010C
__S2                                                        (abs)         00000
___altoft                                                   text34        0D862
___altoft@c                                                 cstackCOMRAM  0001C
___altoft@exp                                               cstackCOMRAM  00024
___altoft@sign                                              cstackCOMRAM  00025
___awdiv                                                    text21        0D9D4
___awdiv@counter                                            cstackCOMRAM  00005
___awdiv@dividend                                           cstackCOMRAM  00001
___awdiv@divisor                                            cstackCOMRAM  00003
___awdiv@quotient                                           cstackCOMRAM  00007
___awdiv@sign                                               cstackCOMRAM  00006
___awtoft                                                   text41        0D34A
___awtoft@c                                                 cstackCOMRAM  00009
___awtoft@sign                                              cstackCOMRAM  0000C
___ftadd                                                    text38        0F08C
___ftadd@exp1                                               cstackCOMRAM  0002D
___ftadd@exp2                                               cstackCOMRAM  0002C
___ftadd@f1                                                 cstackCOMRAM  00022
___ftadd@f2                                                 cstackCOMRAM  00025
___ftadd@sign                                               cstackCOMRAM  0002B
___ftdiv                                                    text40        0E616
___ftdiv@cntr                                               cstackCOMRAM  00012
___ftdiv@exp                                                cstackCOMRAM  00016
___ftdiv@f1                                                 cstackCOMRAM  00009
___ftdiv@f2                                                 cstackCOMRAM  0000C
___ftdiv@f3                                                 cstackCOMRAM  00013
___ftdiv@sign                                               cstackCOMRAM  00017
___ftge                                                     text33        0DD10
___ftge@ff1                                                 cstackCOMRAM  00001
___ftge@ff2                                                 cstackCOMRAM  00004
___ftmul                                                    text36        0E6FC
___ftmul@cntr                                               cstackCOMRAM  0001A
___ftmul@exp                                                cstackCOMRAM  00016
___ftmul@f1                                                 cstackCOMRAM  0000D
___ftmul@f2                                                 cstackCOMRAM  00010
___ftmul@f3_as_product                                      cstackCOMRAM  00017
___ftmul@sign                                               cstackCOMRAM  0001B
___ftneg                                                    text39        0D2AA
___ftneg@f1                                                 cstackCOMRAM  00001
___ftpack                                                   text43        0E142
___ftpack@arg                                               cstackCOMRAM  00001
___ftpack@exp                                               cstackCOMRAM  00004
___ftpack@sign                                              cstackCOMRAM  00005
___ftsub                                                    text37        0D382
___ftsub@f1                                                 cstackCOMRAM  0002E
___ftsub@f2                                                 cstackCOMRAM  00031
___fttol                                                    text32        0E7F0
___fttol@exp1                                               cstackCOMRAM  0001B
___fttol@f1                                                 cstackCOMRAM  0000D
___fttol@lval                                               cstackCOMRAM  00017
___fttol@sign1                                              cstackCOMRAM  00016
___inthi_sp                                                 stack         00000
___intlo_sp                                                 stack         00000
___lltoft                                                   text42        0D634
___lltoft@c                                                 cstackCOMRAM  00009
___lltoft@exp                                               cstackCOMRAM  00011
___lwdiv                                                    text53        0D588
___lwdiv@counter                                            cstackCOMRAM  00007
___lwdiv@dividend                                           cstackCOMRAM  00001
___lwdiv@divisor                                            cstackCOMRAM  00003
___lwdiv@quotient                                           cstackCOMRAM  00005
___lwmod                                                    text52        0D3C2
___lwmod@counter                                            cstackCOMRAM  0000C
___lwmod@dividend                                           cstackCOMRAM  00008
___lwmod@divisor                                            cstackCOMRAM  0000A
___param_bank                                               (abs)         00000
___rparam_used                                              (abs)         00001
___sp                                                       stack         00000
___wmul                                                     text51        0D2F2
___wmul@multiplicand                                        cstackCOMRAM  0001E
___wmul@multiplier                                          cstackCOMRAM  0001C
___wmul@product                                             cstackCOMRAM  00020
__accesstop                                                 (abs)         00060
__activetblptr                                              (abs)         00002
__end_of_Delay100TCYx                                       text60        0D21C
__end_of_Delay1KTCYx                                        text3         0D22C
__end_of_LCD_INIT_STRING                                    mediumconst   0FEF1
__end_of_Read_RTC                                           text62        0ED7A
__end_of_RtccReadDate                                       text64        0DD10
__end_of_RtccReadTime                                       text63        0D6FE
__end_of_RtccWrOn                                           text24        0D23E
__end_of_RtccWriteDate                                      text23        0EC34
__end_of_RtccWriteTime                                      text22        0E9E0
__end_of_Write_RTC                                          text20        0F08C
__end_of___altoft                                           text34        0D8DA
__end_of___awdiv                                            text21        0DA58
__end_of___awtoft                                           text41        0D382
__end_of___ftadd                                            text38        0F238
__end_of___ftdiv                                            text40        0E6FC
__end_of___ftge                                             text33        0DDA0
__end_of___ftmul                                            text36        0E7F0
__end_of___ftneg                                            text39        0D2CE
__end_of___ftpack                                           text43        0E1F0
__end_of___ftsub                                            text37        0D3C2
__end_of___fttol                                            text32        0E8E4
__end_of___lltoft                                           text42        0D690
__end_of___lwdiv                                            text53        0D5DA
__end_of___lwmod                                            text52        0D404
__end_of___wmul                                             text51        0D318
__end_of__initialization                                    cinit         0D62A
__end_of_activar_alarma                                     text44        0F40E
__end_of_cambiar_opcion                                     text61        0DEC4
__end_of_covertir_valores_de_array_a_escala_decimal         text25        0E460
__end_of_dpowers                                            mediumconst   0FEED
__end_of_editar_fecha_reloj_digital                         text18        0FC7A
__end_of_editar_hora_reloj_digital                          text16        0F812
__end_of_eval_poly                                          text35        0E388
__end_of_exp                                                text28        0F5F6
__end_of_floor                                              text30        0E616
__end_of_frexp                                              text31        0DE30
__end_of_guarda_numero_ingresado                            text48        0DB6A
__end_of_ingreso_numero                                     text47        0FEE2
__end_of_ir_a_pantalla_edicion                              text11        0DF5E
__end_of_ir_a_pantalla_editar_contrasenia                   text15        0DFFC
__end_of_ir_a_pantalla_ingresar_contrasenia                 text8         0E09E
__end_of_ir_a_pantalla_inicial                              text5         0D1FE
__end_of_isdigit                                            text50        0D288
__end_of_lcd_comand                                         text4         0D20C
__end_of_lcd_gotoxy                                         text57        0D2AA
__end_of_lcd_init                                           text2         0D7EA
__end_of_lcd_putc                                           text56        0D44E
__end_of_lcd_putrs                                          text55        0D588
__end_of_lcd_send_byte                                      text58        0D34A
__end_of_lcd_send_nibble                                    text59        0D774
__end_of_ldexp                                              text29        0E2B6
__end_of_log                                                text27        0EAFE
__end_of_main                                               text0         0D2F2
__end_of_mostrar_presionar_a                                text10        0D26A
__end_of_pow                                                text26        0EEF0
__end_of_resetear_pantalla_ingresar_contrasenia             text9         0D4E6
__end_of_selecciona_opcion_fecha_hora                       text54        0DADE
__end_of_seleccionar_opcion                                 text14        0D536
__end_of_setDiaMesAnio                                      text19        0DBF6
__end_of_setHoraMinutoSegundo                               text17        0D956
__end_of_set_reloj_digital                                  text13        0D1E4
__end_of_setup                                              text1         0D498
__end_of_si_apreta_numero_va_a_pantalla_contrasenia         text7         0DC82
__end_of_sprintf                                            text49        0FA42
__end_of_titila_alarma_activada                             text46        0D862
__end_of_titila_opcion                                      text12        0E538
__end_of_titila_texto_insert_password                       text6         0E142
__end_of_verificar_contrasenia                              text45        0D9D4
__end_ofexp@coeff                                           mediumconst   0FF0F
__end_oflog@coeff                                           mediumconst   0FF2A
__initialization                                            cinit         0D5DA
__mediumconst                                               mediumconst   0FEE2
__pbitbssBANK0                                              bitbssBANK0   007E0
__pbssBANK0                                                 bssBANK0      00060
__pcinit                                                    cinit         0D5DA
__pcstackBANK0                                              cstackBANK0   000C5
__pcstackCOMRAM                                             cstackCOMRAM  00001
__pdataBANK0                                                dataBANK0     000DB
__pdataBANK1                                                dataBANK1     00100
__pidataBANK0                                               idataBANK0    0D23E
__pidataBANK1                                               idataBANK1    0D1E4
__pmediumconst                                              mediumconst   0FEE2
__pnvBANK0                                                  nvBANK0       000EF
__ptext0                                                    text0         0D2CE
__ptext1                                                    text1         0D44E
__ptext10                                                   text10        0D252
__ptext11                                                   text11        0DEC4
__ptext12                                                   text12        0E460
__ptext13                                                   text13        0D1DA
__ptext14                                                   text14        0D4E6
__ptext15                                                   text15        0DF5E
__ptext16                                                   text16        0F5F6
__ptext17                                                   text17        0D8DA
__ptext18                                                   text18        0FA42
__ptext19                                                   text19        0DB6A
__ptext2                                                    text2         0D774
__ptext20                                                   text20        0EEF0
__ptext21                                                   text21        0D9D4
__ptext22                                                   text22        0E8E4
__ptext23                                                   text23        0EAFE
__ptext24                                                   text24        0D22C
__ptext25                                                   text25        0E388
__ptext26                                                   text26        0ED7A
__ptext27                                                   text27        0E9E0
__ptext28                                                   text28        0F40E
__ptext29                                                   text29        0E1F0
__ptext3                                                    text3         0D21C
__ptext30                                                   text30        0E538
__ptext31                                                   text31        0DDA0
__ptext32                                                   text32        0E7F0
__ptext33                                                   text33        0DD10
__ptext34                                                   text34        0D862
__ptext35                                                   text35        0E2B6
__ptext36                                                   text36        0E6FC
__ptext37                                                   text37        0D382
__ptext38                                                   text38        0F08C
__ptext39                                                   text39        0D2AA
__ptext4                                                    text4         0D1FE
__ptext40                                                   text40        0E616
__ptext41                                                   text41        0D34A
__ptext42                                                   text42        0D634
__ptext43                                                   text43        0E142
__ptext44                                                   text44        0F238
__ptext45                                                   text45        0D956
__ptext46                                                   text46        0D7EA
__ptext47                                                   text47        0FC7A
__ptext48                                                   text48        0DADE
__ptext49                                                   text49        0F812
__ptext5                                                    text5         0D1F0
__ptext50                                                   text50        0D26A
__ptext51                                                   text51        0D2F2
__ptext52                                                   text52        0D3C2
__ptext53                                                   text53        0D588
__ptext54                                                   text54        0DA58
__ptext55                                                   text55        0D536
__ptext56                                                   text56        0D404
__ptext57                                                   text57        0D288
__ptext58                                                   text58        0D318
__ptext59                                                   text59        0D6FE
__ptext6                                                    text6         0E09E
__ptext60                                                   text60        0D20C
__ptext61                                                   text61        0DE30
__ptext62                                                   text62        0EC34
__ptext63                                                   text63        0D690
__ptext64                                                   text64        0DC82
__ptext7                                                    text7         0DBF6
__ptext8                                                    text8         0DFFC
__ptext9                                                    text9         0D498
__ramtop                                                    ramtop        00F00
__size_of_Delay100TCYx                                      (abs)         00000
__size_of_Delay1KTCYx                                       (abs)         00000
__size_of_Read_RTC                                          (abs)         00000
__size_of_RtccReadDate                                      (abs)         00000
__size_of_RtccReadTime                                      (abs)         00000
__size_of_RtccWrOn                                          (abs)         00000
__size_of_RtccWriteDate                                     (abs)         00000
__size_of_RtccWriteTime                                     (abs)         00000
__size_of_Write_RTC                                         (abs)         00000
__size_of___altoft                                          (abs)         00000
__size_of___awdiv                                           (abs)         00000
__size_of___awtoft                                          (abs)         00000
__size_of___ftadd                                           (abs)         00000
__size_of___ftdiv                                           (abs)         00000
__size_of___ftge                                            (abs)         00000
__size_of___ftmul                                           (abs)         00000
__size_of___ftneg                                           (abs)         00000
__size_of___ftpack                                          (abs)         00000
__size_of___ftsub                                           (abs)         00000
__size_of___fttol                                           (abs)         00000
__size_of___lltoft                                          (abs)         00000
__size_of___lwdiv                                           (abs)         00000
__size_of___lwmod                                           (abs)         00000
__size_of___wmul                                            (abs)         00000
__size_of_activar_alarma                                    (abs)         00000
__size_of_cambiar_opcion                                    (abs)         00000
__size_of_covertir_valores_de_array_a_escala_decimal        (abs)         00000
__size_of_editar_fecha_reloj_digital                        (abs)         00000
__size_of_editar_hora_reloj_digital                         (abs)         00000
__size_of_eval_poly                                         (abs)         00000
__size_of_exp                                               (abs)         00000
__size_of_floor                                             (abs)         00000
__size_of_frexp                                             (abs)         00000
__size_of_guarda_numero_ingresado                           (abs)         00000
__size_of_ingreso_numero                                    (abs)         00000
__size_of_ir_a_pantalla_edicion                             (abs)         00000
__size_of_ir_a_pantalla_editar_contrasenia                  (abs)         00000
__size_of_ir_a_pantalla_ingresar_contrasenia                (abs)         00000
__size_of_ir_a_pantalla_inicial                             (abs)         00000
__size_of_isdigit                                           (abs)         00000
__size_of_lcd_comand                                        (abs)         00000
__size_of_lcd_gotoxy                                        (abs)         00000
__size_of_lcd_init                                          (abs)         00000
__size_of_lcd_putc                                          (abs)         00000
__size_of_lcd_putrs                                         (abs)         00000
__size_of_lcd_send_byte                                     (abs)         00000
__size_of_lcd_send_nibble                                   (abs)         00000
__size_of_ldexp                                             (abs)         00000
__size_of_log                                               (abs)         00000
__size_of_main                                              (abs)         00000
__size_of_mostrar_presionar_a                               (abs)         00000
__size_of_pow                                               (abs)         00000
__size_of_resetear_pantalla_ingresar_contrasenia            (abs)         00000
__size_of_selecciona_opcion_fecha_hora                      (abs)         00000
__size_of_seleccionar_opcion                                (abs)         00000
__size_of_setDiaMesAnio                                     (abs)         00000
__size_of_setHoraMinutoSegundo                              (abs)         00000
__size_of_set_reloj_digital                                 (abs)         00000
__size_of_setup                                             (abs)         00000
__size_of_si_apreta_numero_va_a_pantalla_contrasenia        (abs)         00000
__size_of_sprintf                                           (abs)         00000
__size_of_titila_alarma_activada                            (abs)         00000
__size_of_titila_opcion                                     (abs)         00000
__size_of_titila_texto_insert_password                      (abs)         00000
__size_of_verificar_contrasenia                             (abs)         00000
__smallconst                                                smallconst    00000
_a                                                          bssBANK0      000A2
_activar_alarma                                             text44        0F238
_alarma_activada                                            bssBANK0      00094
_alarma_sonando                                             bssBANK0      00092
_anio                                                       dataBANK0     000ED
_anio_d                                                     nvBANK0       000EF
_anio_u                                                     nvBANK0       000F0
_array_contrasenia                                          dataBANK0     000DB
_array_contrasenia_ingresada                                bssBANK0      00060
_array_seleccionar                                          dataBANK1     00100
[...]
      Locals:         2       0       0       0       0       0       0       0       0       0       0       0       0       0       0       0
      Temps:          0       0       0       0       0       0       0       0       0       0       0       0       0       0       0       0
      Totals:         3       0       0       0       0       0       0       0       0       0       0       0       0       0       0       0
Total ram usage:        3 bytes
 Hardware stack levels used:    1
 Hardware stack levels required when called:    2
 This function calls:
		_lcd_send_byte
 This function is called by:
		_setDiaMesAnio
		_setHoraMinutoSegundo
		_titila_texto_insert_password
		_guarda_numero_ingresado
		_mostrar_presionar_a
		_resetear_pantalla_ingresar_contrasenia
		_titila_alarma_activada
		_activar_alarma
		_titila_opcion
		_selecciona_opcion_fecha_hora
		_ir_a_pantalla_edicion
		_ir_a_pantalla_ingresar_contrasenia
		_ir_a_pantalla_editar_contrasenia
		_lcd_putc
 This function uses a non-reentrant model


 *************** function _lcd_send_byte *****************
 Defined at:
		line 86 in file "../../Librerias/Unimic/unmc_01/sources/unmc_lcd_216.c"
 Parameters:    Size  Location     Type
  address         1    wreg     unsigned char 
  n               1    2[COMRAM] unsigned char 
 Auto vars:     Size  Location     Type
  address         1    3[COMRAM] unsigned char 
 Return value:  Size  Location     Type
                  1    wreg      void 
 Registers used:
		wreg, status,2, status,0, cstack
 Tracked objects:
		On entry : 
		On exit  : 
		Unchanged: 
 Data sizes:     COMRAM   BANK0   BANK1   BANK2   BANK3   BANK4   BANK5   BANK6   BANK7   BANK8   BANK9  BANK10  BANK11  BANK12  BANK13  BANK14
      Params:         1       0       0       0       0       0       0       0       0       0       0       0       0       0       0       0
      Locals:         1       0       0       0       0       0       0       0       0       0       0       0       0       0       0       0
      Temps:          0       0       0       0       0       0       0       0       0       0       0       0       0       0       0       0
      Totals:         2       0       0       0       0       0       0       0       0       0       0       0       0       0       0       0
Total ram usage:        2 bytes
 Hardware stack levels used:    1
 Hardware stack levels required when called:    1
 This function calls:
		_Delay100TCYx
		_lcd_send_nibble
 This function is called by:
		_lcd_init
		_lcd_gotoxy
		_lcd_putc
		_lcd_comand
		_lcd_setcursor_vb
 This function uses a non-reentrant model


 *************** function _lcd_send_nibble *****************
 Defined at:
		line 25 in file "../../Librerias/Unimic/unmc_01/sources/unmc_lcd_216.c"
 Parameters:    Size  Location     Type
  nibble          1    wreg     unsigned char 
 Auto vars:     Size  Location     Type
  nibble          1    1[COMRAM] unsigned char 
 Return value:  Size  Location     Type
                  1    wreg      void 
 Registers used:
		wreg, status,2, status,0
 Tracked objects:
		On entry : 
		On exit  : 
		Unchanged: 
 Data sizes:     COMRAM   BANK0   BANK1   BANK2   BANK3   BANK4   BANK5   BANK6   BANK7   BANK8   BANK9  BANK10  BANK11  BANK12  BANK13  BANK14
      Params:         0       0       0       0       0       0       0       0       0       0       0       0       0       0       0       0
      Locals:         1       0       0       0       0       0       0       0       0       0       0       0       0       0       0       0
      Temps:          1       0       0       0       0       0       0       0       0       0       0       0       0       0       0       0
      Totals:         2       0       0       0       0       0       0       0       0       0       0       0       0       0       0       0
Total ram usage:        2 bytes
 Hardware stack levels used:    1
 This function calls:
		Nothing
 This function is called by:
		_lcd_send_byte
		_lcd_init
 This function uses a non-reentrant model


 *************** function _Delay100TCYx *****************
 Defined at:
		line 8 in file "C:\Program Files (x86)\Microchip\xc8\v1.43\sources\pic18\d100tcyx.c"
 Parameters:    Size  Location     Type
  unit            1    wreg     unsigned char 
 Auto vars:     Size  Location     Type
  unit            1    0[COMRAM] unsigned char 
 Return value:  Size  Location     Type
                  1    wreg      void 
 Registers used:
		wreg
 Tracked objects:
		On entry : 
		On exit  : 
		Unchanged: 
 Data sizes:     COMRAM   BANK0   BANK1   BANK2   BANK3   BANK4   BANK5   BANK6   BANK7   BANK8   BANK9  BANK10  BANK11  BANK12  BANK13  BANK14
      Params:         0       0       0       0       0       0       0       0       0       0       0       0       0       0       0       0
      Locals:         1       0       0       0       0       0       0       0       0       0       0       0       0       0       0       0
      Temps:          0       0       0       0       0       0       0       0       0       0       0       0       0       0       0       0
      Totals:         1       0       0       0       0       0       0       0       0       0       0       0       0       0       0       0
Total ram usage:        1 bytes
 Hardware stack levels used:    1
 This function calls:
		Nothing
 This function is called by:
		_lcd_send_byte
 This function uses a non-reentrant model


 *************** function _cambiar_opcion *****************
 Defined at:
		line 245 in file "main.c"
 Parameters:    Size  Location     Type
		None
 Auto vars:     Size  Location     Type
		None
 Return value:  Size  Location     Type
                  1    wreg      void 
 Registers used:
		wreg, status,2, status,0
 Tracked objects:
		On entry : 
		On exit  : 
		Unchanged: 
 Data sizes:     COMRAM   BANK0   BANK1   BANK2   BANK3   BANK4   BANK5   BANK6   BANK7   BANK8   BANK9  BANK10  BANK11  BANK12  BANK13  BANK14
      Params:         0       0       0       0       0       0       0       0       0       0       0       0       0       0       0       0
      Locals:         0       0       0       0       0       0       0       0       0       0       0       0       0       0       0       0
      Temps:          1       0       0       0       0       0       0       0       0       0       0       0       0       0       0       0
      Totals:         1       0       0       0       0       0       0       0       0       0       0       0       0       0       0       0
Total ram usage:        1 bytes
 Hardware stack levels used:    1
 This function calls:
		Nothing
 This function is called by:
		_ir_a_pantalla_edicion
 This function uses a non-reentrant model


 *************** function _Read_RTC *****************
 Defined at:
		line 111 in file "../../headers\unmc_rtcc_01.h"
 Parameters:    Size  Location     Type
		None
 Auto vars:     Size  Location     Type
		None
 Return value:  Size  Location     Type
                  1    wreg      void 
 Registers used:
		wreg, fsr2l, fsr2h, status,2, status,0, prodl, prodh, cstack
 Tracked objects:
		On entry : 
		On exit  : 
		Unchanged: 
 Data sizes:     COMRAM   BANK0   BANK1   BANK2   BANK3   BANK4   BANK5   BANK6   BANK7   BANK8   BANK9  BANK10  BANK11  BANK12  BANK13  BANK14
      Params:         0       0       0       0       0       0       0       0       0       0       0       0       0       0       0       0
      Locals:         0       0       0       0       0       0       0       0       0       0       0       0       0       0       0       0
      Temps:          0       0       0       0       0       0       0       0       0       0       0       0       0       0       0       0
      Totals:         0       0       0       0       0       0       0       0       0       0       0       0       0       0       0       0
Total ram usage:        0 bytes
 Hardware stack levels used:    1
 Hardware stack levels required when called:    1
 This function calls:
		_RtccReadDate
		_RtccReadTime
 This function is called by:
		_ir_a_pantalla_edicion
		_main
 This function uses a non-reentrant model


 *************** function _RtccReadTime *****************
 Defined at:
		line 23 in file "C:\Program Files (x86)\Microchip\xc8\v1.43\sources\pic18\plib\rtcc\RtccReadTime.c"
 Parameters:    Size  Location     Type
  pTm             2    0[COMRAM] PTR struct .
		 -> RtccTime(4), 
 Auto vars:     Size  Location     Type
  rTD0            8   10[COMRAM] struct .
  rTD1            8    2[COMRAM] struct .
 Return value:  Size  Location     Type
                  1    wreg      void 
 Registers used:
		wreg, fsr2l, fsr2h, status,2, status,0
 Tracked objects:
		On entry : 
		On exit  : 
		Unchanged: 
 Data sizes:     COMRAM   BANK0   BANK1   BANK2   BANK3   BANK4   BANK5   BANK6   BANK7   BANK8   BANK9  BANK10  BANK11  BANK12  BANK13  BANK14
      Params:         2       0       0       0       0       0       0       0       0       0       0       0       0       0       0       0
      Locals:        16       0       0       0       0       0       0       0       0       0       0       0       0       0       0       0
      Temps:          0       0       0       0       0       0       0       0       0       0       0       0       0       0       0       0
      Totals:        18       0       0       0       0       0       0       0       0       0       0       0       0       0       0       0
Total ram usage:       18 bytes
 Hardware stack levels used:    1
 This function calls:
		Nothing
 This function is called by:
		_Read_RTC
 This function uses a non-reentrant model


 *************** function _RtccReadDate *****************
 Defined at:
		line 23 in file "C:\Program Files (x86)\Microchip\xc8\v1.43\sources\pic18\plib\rtcc\RtccReadDate.c"
 Parameters:    Size  Location     Type
  pDt             2    0[COMRAM] PTR struct .
		 -> RtccDate(4), 
 Auto vars:     Size  Location     Type
  rTD0            8   10[COMRAM] struct .
  rTD1            8    2[COMRAM] struct .
 Return value:  Size  Location     Type
                  1    wreg      void 
 Registers used:
		wreg, fsr2l, fsr2h, status,2, status,0
 Tracked objects:
		On entry : 
		On exit  : 
		Unchanged: 
 Data sizes:     COMRAM   BANK0   BANK1   BANK2   BANK3   BANK4   BANK5   BANK6   BANK7   BANK8   BANK9  BANK10  BANK11  BANK12  BANK13  BANK14
      Params:         2       0       0       0       0       0       0       0       0       0       0       0       0       0       0       0
      Locals:        16       0       0       0       0       0       0       0       0       0       0       0       0       0       0       0
      Temps:          0       0       0       0       0       0       0       0       0       0       0       0       0       0       0       0
      Totals:        18       0       0       0       0       0       0       0       0       0       0       0       0       0       0       0
Total ram usage:       18 bytes
 Hardware stack levels used:    1
 This function calls:
		Nothing
 This function is called by:
		_Read_RTC
 This function uses a non-reentrant model



MODULE INFORMATION

Module		Function		Class		Link	Load	Size
../../Librerias/Unimic/unmc_01/sources/unmc_lcd_216.c
		_lcd_comand    		CODE           	D1FE	0000	15
		_lcd_putc      		CODE           	D404	0000	75
		_lcd_putrs     		CODE           	D536	0000	83
		_lcd_send_byte 		CODE           	D318	0000	51
		_lcd_gotoxy    		CODE           	D288	0000	35
		_lcd_send_nibble		CODE           	D6FE	0000	119
		_lcd_init      		CODE           	D774	0000	119

../../Librerias/Unimic/unmc_01/sources/unmc_lcd_216.c estimated size: 497

C:\Program Files (x86)\Microchip\xc8\v1.43\sources\common\frexp.c
		_ldexp         		CODE           	E1F0	0000	199
		_frexp         		CODE           	DDA0	0000	145

C:\Program Files (x86)\Microchip\xc8\v1.43\sources\common\frexp.c estimated size: 344

C:\Program Files (x86)\Microchip\xc8\v1.43\sources\pic18\d1ktcyx.c
		_Delay1KTCYx   		CODE           	D21C	0000	17

C:\Program Files (x86)\Microchip\xc8\v1.43\sources\pic18\d1ktcyx.c estimated size: 17

C:\Program Files (x86)\Microchip\xc8\v1.43\sources\common\floor.c
		_floor         		CODE           	E538	0000	223

C:\Program Files (x86)\Microchip\xc8\v1.43\sources\common\floor.c estimated size: 223

C:\Program Files (x86)\Microchip\xc8\v1.43\sources\common\ftmul.c
		___ftmul       		CODE           	E6FC	0000	245

C:\Program Files (x86)\Microchip\xc8\v1.43\sources\common\ftmul.c estimated size: 245

C:\Program Files (x86)\Microchip\xc8\v1.43\sources\common\log.c
		_log           		CODE           	E9E0	0000	287

C:\Program Files (x86)\Microchip\xc8\v1.43\sources\common\log.c estimated size: 287

C:\Program Files (x86)\Microchip\xc8\v1.43\sources\common\isdigit.c
		_isdigit       		CODE           	D26A	0000	31

C:\Program Files (x86)\Microchip\xc8\v1.43\sources\common\isdigit.c estimated size: 31

C:\Program Files (x86)\Microchip\xc8\v1.43\sources\common\ftdiv.c
		___ftdiv       		CODE           	E616	0000	231

C:\Program Files (x86)\Microchip\xc8\v1.43\sources\common\ftdiv.c estimated size: 231

C:\Program Files (x86)\Microchip\xc8\v1.43\sources\common\ftge.c
		___ftge        		CODE           	DD10	0000	145

C:\Program Files (x86)\Microchip\xc8\v1.43\sources\common\ftge.c estimated size: 145

C:\Program Files (x86)\Microchip\xc8\v1.43\sources\common\lwdiv.c
		___lwdiv       		CODE           	D588	0000	83

C:\Program Files (x86)\Microchip\xc8\v1.43\sources\common\lwdiv.c estimated size: 83

../../headers\unmc_rtcc_01.h
		_Read_RTC      		CODE           	EC34	0000	327
		_Write_RTC     		CODE           	EEF0	0000	413

../../headers\unmc_rtcc_01.h estimated size: 740

C:\Program Files (x86)\Microchip\xc8\v1.43\sources\common\awdiv.c
		___awdiv       		CODE           	D9D4	0000	133

C:\Program Files (x86)\Microchip\xc8\v1.43\sources\common\awdiv.c estimated size: 133

C:\Program Files (x86)\Microchip\xc8\v1.43\sources\common\pow.c
		_pow           		CODE           	ED7A	0000	375

C:\Program Files (x86)\Microchip\xc8\v1.43\sources\common\pow.c estimated size: 375

C:\Program Files (x86)\Microchip\xc8\v1.43\sources\common\awtoft.c
		___awtoft      		CODE           	D34A	0000	57

C:\Program Files (x86)\Microchip\xc8\v1.43\sources\common\awtoft.c estimated size: 57

C:\Program Files (x86)\Microchip\xc8\v1.43\sources\common\altoft.c
		___altoft      		CODE           	D862	0000	121

C:\Program Files (x86)\Microchip\xc8\v1.43\sources\common\altoft.c estimated size: 121

C:\Program Files (x86)\Microchip\xc8\v1.43\sources\pic18\d100tcyx.c
		_Delay100TCYx  		CODE           	D20C	0000	17

C:\Program Files (x86)\Microchip\xc8\v1.43\sources\pic18\d100tcyx.c estimated size: 17

C:\Program Files (x86)\Microchip\xc8\v1.43\sources\common\fttol.c
		___fttol       		CODE           	E7F0	0000	245

C:\Program Files (x86)\Microchip\xc8\v1.43\sources\common\fttol.c estimated size: 245

C:\Program Files (x86)\Microchip\xc8\v1.43\sources\common\evalpoly.c
		_eval_poly     		CODE           	E2B6	0000	211

C:\Program Files (x86)\Microchip\xc8\v1.43\sources\common\evalpoly.c estimated size: 211

C:\Program Files (x86)\Microchip\xc8\v1.43\sources\pic18\plib\rtcc\RtccWriteDate.c
		_RtccWriteDate 		CODE           	EAFE	0000	311

C:\Program Files (x86)\Microchip\xc8\v1.43\sources\pic18\plib\rtcc\RtccWriteDate.c estimated size: 311

C:\Program Files (x86)\Microchip\xc8\v1.43\sources\common\doprnt.c
		_sprintf       		CODE           	F812	0000	561

C:\Program Files (x86)\Microchip\xc8\v1.43\sources\common\doprnt.c estimated size: 561

C:\Program Files (x86)\Microchip\xc8\v1.43\sources\common\lltoft.c
		___lltoft      		CODE           	D634	0000	93

C:\Program Files (x86)\Microchip\xc8\v1.43\sources\common\lltoft.c estimated size: 93

C:\Program Files (x86)\Microchip\xc8\v1.43\sources\common\ftadd.c
		___ftadd       		CODE           	F08C	0000	429

C:\Program Files (x86)\Microchip\xc8\v1.43\sources\common\ftadd.c estimated size: 429

C:\Program Files (x86)\Microchip\xc8\v1.43\sources\pic18\plib\rtcc\RtccReadDate.c
		_RtccReadDate  		CODE           	DC82	0000	143

C:\Program Files (x86)\Microchip\xc8\v1.43\sources\pic18\plib\rtcc\RtccReadDate.c estimated size: 143

shared
		exp@coeff      		MEDIUMCONST    	FEF1	0000	31
		_dpowers       		MEDIUMCONST    	FEE3	0000	11
		_LCD_INIT_STRING		MEDIUMCONST    	FEED	0000	5
		__initialization		CODE           	D5DA	0000	81
		log@coeff      		MEDIUMCONST    	FF0F	0000	28

shared estimated size: 156

C:\Program Files (x86)\Microchip\xc8\v1.43\sources\pic18\plib\rtcc\RtccWrOn.c
		_RtccWrOn      		CODE           	D22C	0000	19

C:\Program Files (x86)\Microchip\xc8\v1.43\sources\pic18\plib\rtcc\RtccWrOn.c estimated size: 19

C:\Program Files (x86)\Microchip\xc8\v1.43\sources\pic18\plib\rtcc\RtccReadTime.c
		_RtccReadTime  		CODE           	D690	0000	111

C:\Program Files (x86)\Microchip\xc8\v1.43\sources\pic18\plib\rtcc\RtccReadTime.c estimated size: 111

C:\Program Files (x86)\Microchip\xc8\v1.43\sources\common\ftneg.c
		___ftneg       		CODE           	D2AA	0000	37

C:\Program Files (x86)\Microchip\xc8\v1.43\sources\common\ftneg.c estimated size: 37

C:\Program Files (x86)\Microchip\xc8\v1.43\sources\pic18\plib\rtcc\RtccWriteTime.c
		_RtccWriteTime 		CODE           	E8E4	0000	253

C:\Program Files (x86)\Microchip\xc8\v1.43\sources\pic18\plib\rtcc\RtccWriteTime.c estimated size: 253

C:\Program Files (x86)\Microchip\xc8\v1.43\sources\common\Umul16.c
		___wmul        		CODE           	D2F2	0000	39

C:\Program Files (x86)\Microchip\xc8\v1.43\sources\common\Umul16.c estimated size: 39

C:\Program Files (x86)\Microchip\xc8\v1.43\sources\common\ftsub.c
		___ftsub       		CODE           	D382	0000	65

C:\Program Files (x86)\Microchip\xc8\v1.43\sources\common\ftsub.c estimated size: 65

C:\Program Files (x86)\Microchip\xc8\v1.43\sources\common\float.c
		___ftpack      		CODE           	E142	0000	175

C:\Program Files (x86)\Microchip\xc8\v1.43\sources\common\float.c estimated size: 175

C:\Program Files (x86)\Microchip\xc8\v1.43\sources\common\exp.c
		_exp           		CODE           	F40E	0000	489

C:\Program Files (x86)\Microchip\xc8\v1.43\sources\common\exp.c estimated size: 489

C:\Program Files (x86)\Microchip\xc8\v1.43\sources\common\lwmod.c
		___lwmod       		CODE           	D3C2	0000	67

C:\Program Files (x86)\Microchip\xc8\v1.43\sources\common\lwmod.c estimated size: 67

main.c
		_titila_opcion 		CODE           	E460	0000	217
		_editar_fecha_reloj_digital		CODE           	FA42	0000	569
		_resetear_pantalla_ingresar_contrasenia		CODE           	D498	0000	79
		_selecciona_opcion_fecha_hora		CODE           	DA58	0000	135
		_verificar_contrasenia		CODE           	D956	0000	127
		_ir_a_pantalla_editar_contrasenia		CODE           	DF5E	0000	159
		_ir_a_pantalla_ingresar_contrasenia		CODE           	DFFC	0000	163
		_setHoraMinutoSegundo		CODE           	D8DA	0000	125
		_main          		CODE           	D2CE	0000	37
		_editar_hora_reloj_digital		CODE           	F5F6	0000	541
		_ingreso_numero		CODE           	FC7A	0000	617
		_titila_alarma_activada		CODE           	D7EA	0000	121
		_cambiar_opcion		CODE           	DE30	0000	149
		_mostrar_presionar_a		CODE           	D252	0000	25
		_ir_a_pantalla_inicial		CODE           	D1F0	0000	15
		_set_reloj_digital		CODE           	D1DA	0000	11
		_titila_texto_insert_password		CODE           	E09E	0000	165
		_si_apreta_numero_va_a_pantalla_contrasenia		CODE           	DBF6	0000	141
		_activar_alarma		CODE           	F238	0000	471
		_setup         		CODE           	D44E	0000	75
		_seleccionar_opcion		CODE           	D4E6	0000	81
		_setDiaMesAnio 		CODE           	DB6A	0000	141
		_covertir_valores_de_array_a_escala_decimal		CODE           	E388	0000	217
		_guarda_numero_ingresado		CODE           	DADE	0000	141
		_ir_a_pantalla_edicion		CODE           	DEC4	0000	155

main.c estimated size: 4677

