Microchip MPLAB XC8 Compiler V1.43 ()

Linker command line:

--edf=C:\Program Files (x86)\Microchip\xc8\v1.43\dat\en_msgs.txt -cs \
  -h+dist/default/production\unimic_reloj_digital.X.production.sym \
  --cmf=dist/default/production\unimic_reloj_digital.X.production.cmf -z \
  -Q18F26J50 -oC:\Users\Fernando\AppData\Local\Temp\s1e94.2 \
  -Mdist/default/production/unimic_reloj_digital.X.production.map -E1 \
  -ver=XC8 -ASTACK=09Eh-0ebfh -pstack=STACK -ACODE=00h-0FFF7h \
  -ACONST=00h-0FFF7h -ASMALLCONST=0F00h-0FFFhx240,0FF00h-0FFF7h \
  -AMEDIUMCONST=0F00h-0FFF7h -ACOMRAM=01h-05Fh -AABS1=00h-0EBFh \
  -ABIGRAM=01h-0EBFh -ARAM=060h-0FFh,0100h-01FFhx13,0E00h-0EBFh \
  -ABANK0=060h-0FFh -ABANK1=0100h-01FFh -ABANK2=0200h-02FFh \
  -ABANK3=0300h-03FFh -ABANK4=0400h-04FFh -ABANK5=0500h-05FFh \
  -ABANK6=0600h-06FFh -ABANK7=0700h-07FFh -ABANK8=0800h-08FFh \
  -ABANK9=0900h-09FFh -ABANK10=0A00h-0AFFh -ABANK11=0B00h-0BFFh \
  -ABANK12=0C00h-0CFFh -ABANK13=0D00h-0DFFh -ABANK14=0E00h-0EBFh \
  -ASFR=0EC0h-0EFFh,0F00h-0F5Fh,0F60h-0FFFh \
  -preset_vec=00h,intcode,intcodelo,powerup,init -pramtop=0F00h \
  -psmallconst=SMALLCONST -pmediumconst=MEDIUMCONST -pconst=CONST \
  -AFARRAM=00h-00h -ACONFIG=0FFF8h-0FFFFh -pconfig=CONFIG \
  -pjflash_buffer=0F800h \
  -prdata=COMRAM,nvrram=COMRAM,nvbit=COMRAM,rbss=COMRAM,rbit=COMRAM \
  -pfarbss=FARRAM,fardata=FARRAM,nvFARRAM=FARRAM \
  -pintsave_regs=BIGRAM,bigbss=BIGRAM,bigdata=BIGRAM -pbss=RAM \
  -pidata=CODE,irdata=CODE,ibigdata=CODE,ifardata=CODE -prparam=COMRAM \
  C:\Users\Fernando\AppData\Local\Temp\s1e94.obj \
  dist/default/production\unimic_reloj_digital.X.production.obj 

Object code version is 3.11

Machine type is 18F26J50

Call graph: (short form)




                Name                               Link     Load   Length Selector   Space Scale
C:\Users\Fernando\AppData\Local\Temp\s1e94.obj
                init                                  0        0        4        0       0
                config                             FFF8     FFF8        8     FFF8       0
dist/default/production\unimic_reloj_digital.X.production.obj
                smallconst                          F00      F00       A0      780       0
                text26                             1C36     1C36       8E      7D0       0
                text25                             1F20     1F20       6E      7D0       0
                text24                             1B5E     1B5E       D8      7D0       0
                text23                             2224     2224       10      7D0       0
                text22                             1E3A     1E3A       76      7D0       0
                text21                             216A     216A       32      7D0       0
                text20                             2242     2242        E      7D0       0
                text19                             2214     2214       10      7D0       0
                text18                             1DC4     1DC4       76      7D0       0
                text17                             2202     2202       12      7D0       0
                text16                             192C     192C      136      7D0       0
                text15                             1A62     1A62       FC      7D0       0
                text14                             1CC4     1CC4       84      7D0       0
                text13                             17E4     17E4      148      7D0       0
                text12                             21C2     21C2       22      7D0       0
                text11                             2096     2096       4A      7D0       0
                text10                             2044     2044       52      7D0       0
                text9                              1FF2     1FF2       52      7D0       0
                text8                              2128     2128       42      7D0       0
                text7                              219C     219C       26      7D0       0
                text6                              21E4     21E4       1E      7D0       0
                text5                              139C     139C      2FC      7D0       0
                text4                              1D48     1D48       7C      7D0       0
                text3                              1698     1698      14C      7D0       0
                text2                              1EB0     1EB0       70      7D0       0
                text1                              20E0     20E0       48      7D0       0
                text0                               FA0      FA0      3FC      7D0       0
                cstackCOMRAM                          1        1       2C        1       1
                dataBANK0                            90       90        E       60       1
                bssBANK0                             60       60       30       60       1
                dataCOMRAM                           50       50        C        1       1
                bssCOMRAM                            2D       2D       23        1       1
                bitbssCOMRAM                        2E0       5C        1        1       1     8
                cinit                              1F8E     1F8E       64      7D0       0
                idataBANK0                         2234     2234        E      7D0       0
                idataCOMRAM                        2250     2250        C      7D0       0

TOTAL           Name                               Link     Load   Length     Space
        CLASS   STACK          

        CLASS   CODE           
                init                                  0        0        4         0
                text26                             1C36     1C36       8E         0
                text25                             1F20     1F20       6E         0
                text24                             1B5E     1B5E       D8         0
                text23                             2224     2224       10         0
                text22                             1E3A     1E3A       76         0
                text21                             216A     216A       32         0
                text20                             2242     2242        E         0
                text19                             2214     2214       10         0
                text18                             1DC4     1DC4       76         0
                text17                             2202     2202       12         0
                text16                             192C     192C      136         0
                text15                             1A62     1A62       FC         0
                text14                             1CC4     1CC4       84         0
                text13                             17E4     17E4      148         0
                text12                             21C2     21C2       22         0
                text11                             2096     2096       4A         0
                text10                             2044     2044       52         0
                text9                              1FF2     1FF2       52         0
                text8                              2128     2128       42         0
                text7                              219C     219C       26         0
                text6                              21E4     21E4       1E         0
                text5                              139C     139C      2FC         0
                text4                              1D48     1D48       7C         0
                text3                              1698     1698      14C         0
                text2                              1EB0     1EB0       70         0
                text1                              20E0     20E0       48         0
                text0                               FA0      FA0      3FC         0
                cinit                              1F8E     1F8E       64         0
                idataBANK0                         2234     2234        E         0
                idataCOMRAM                        2250     2250        C         0

        CLASS   CONST          

        CLASS   SMALLCONST     
                smallconst                          F00      F00       A0         0

        CLASS   MEDIUMCONST    

        CLASS   COMRAM         
                cstackCOMRAM                          1        1       2C         1
                dataCOMRAM                           50       50        C         1
                bssCOMRAM                            2D       2D       23         1
                bitbssCOMRAM                        2E0       5C        1         1

        CLASS   ABS1           

        CLASS   BIGRAM         

        CLASS   RAM            

        CLASS   BANK0          
                dataBANK0                            90       90        E         1
                bssBANK0                             60       60       30         1

        CLASS   BANK1          

        CLASS   BANK2          

        CLASS   BANK3          

        CLASS   BANK4          

        CLASS   BANK5          

        CLASS   BANK6          

        CLASS   BANK7          

        CLASS   BANK8          

        CLASS   BANK9          

        CLASS   BANK10         

        CLASS   BANK11         

        CLASS   BANK12         

        CLASS   BANK13         

        CLASS   BANK14         

        CLASS   SFR            

        CLASS   FARRAM         

        CLASS   CONFIG         
                config                             FFF8     FFF8        8         0

        CLASS   IDLOC          



SEGMENTS        Name                           Load    Length   Top    Selector   Space  Class

                reset_vec                      000000  000004  000004         0       0  CODE    
                cstackCOMRAM                   000001  00005C  00005D         1       1  COMRAM  
                bssBANK0                       000060  00003E  00009E        60       1  BANK0   
                smallconst                     000F00  0000A0  000FA0       780       0  SMALLCON
                text0                          000FA0  0012BC  00225C       7D0       0  CODE    
                config                         00FFF8  000008  010000      FFF8       0  CONFIG  


UNUSED ADDRESS RANGES

        Name                Unused          Largest block    Delta
        BANK0            0009E-000FF              62
        BANK1            00100-001FF             100
        BANK10           00A00-00AFF             100
        BANK11           00B00-00BFF             100
        BANK12           00C00-00CFF             100
        BANK13           00D00-00DFF             100
        BANK14           00E00-00EBF              C0
        BANK2            00200-002FF             100
        BANK3            00300-003FF             100
        BANK4            00400-004FF             100
        BANK5            00500-005FF             100
        BANK6            00600-006FF             100
        BANK7            00700-007FF             100
        BANK8            00800-008FF             100
        BANK9            00900-009FF             100
        BIGRAM           0005D-0005F               3
                         0009E-00EBF             E22
        CODE             00004-00EFF             EFC
                         0225C-0FFF7            DD9C
        COMRAM           0005D-0005F               3
        CONST            00004-00EFF             EFC
                         0225C-0FFF7            DD9C
        MEDIUMCONST      0225C-0FFF7            DD9C
        RAM              0009E-00EBF             100
        SFR              00EC0-00FFF              60
        SMALLCONST       0225C-0FFF7             100
        STACK            0009E-00EBF             E22

                                  Symbol Table

?___awdiv                      cstackCOMRAM  00001
?___lwdiv                      cstackCOMRAM  00001
?___lwmod                      cstackCOMRAM  00008
?___wmul                       cstackCOMRAM  00001
?_sprintf                      cstackCOMRAM  0000D
Delay100TCYx@unit              cstackCOMRAM  00001
Delay1KTCYx@unit               cstackCOMRAM  00001
RtccReadDate@pDt               cstackCOMRAM  00001
RtccReadDate@rTD0              cstackCOMRAM  0000B
RtccReadDate@rTD1              cstackCOMRAM  00003
RtccReadTime@pTm               cstackCOMRAM  00001
RtccReadTime@rTD0              cstackCOMRAM  0000B
RtccReadTime@rTD1              cstackCOMRAM  00003
RtccWriteDate@di               cstackCOMRAM  00003
RtccWriteDate@pDt              cstackCOMRAM  00001
RtccWriteDate@tempDayMonth     cstackCOMRAM  0000A
RtccWriteDate@tempHourWDay     cstackCOMRAM  0000C
RtccWriteDate@tempYear         cstackCOMRAM  00007
RtccWriteDate@wasAlrm          cstackCOMRAM  00006
RtccWriteDate@wasOn            cstackCOMRAM  00005
RtccWriteDate@wasWrEn          cstackCOMRAM  00009
RtccWriteTime@di               cstackCOMRAM  00003
RtccWriteTime@pTm              cstackCOMRAM  00001
RtccWriteTime@tempHourWDay     cstackCOMRAM  0000A
RtccWriteTime@tempMinSec       cstackCOMRAM  00008
RtccWriteTime@wasAlrm          cstackCOMRAM  00006
RtccWriteTime@wasOn            cstackCOMRAM  00005
RtccWriteTime@wasWrEn          cstackCOMRAM  00007
_ADCON0                        (abs)         00FC2
_ADCON1                        (abs)         00FC1
_ALRMCFGbits                   (abs)         00F91
_ANCON0                        (abs)         00F48
_ANCON1                        (abs)         00F49
_Delay100TCYx                  text23        02224
_Delay1KTCYx                   text19        02214
_EECON2                        (abs)         00FA7
_INTCON2bits                   (abs)         00FF1
_INTCONbits                    (abs)         00FF2
_LATBbits                      (abs)         00F8A
_LCD_INIT_STRING               smallconst    00F0B
_OSCCONbits                    (abs)         00FD3
_OSCTUNEbits                   (abs)         00F9B
_PIE3bits                      (abs)         00FA3
_PORTAbits                     (abs)         00F80
_RTCCFG                        (abs)         00F3F
_RTCCFGbits                    (abs)         00F3F
_RTCVALH                       (abs)         00F99
_RTCVALL                       (abs)         00F98
_Read_RTC                      text24        01B5E
_RtccAlrmTimeDate              bssBANK0      00068
_RtccDate                      bssCOMRAM     00048
_RtccReadDate                  text26        01C36
_RtccReadTime                  text25        01F20
_RtccTime                      bssCOMRAM     0004C
_RtccTimeDate                  bssBANK0      00070
_RtccTimeVal                   bssBANK0      00078
_RtccWrOn                      text17        02202
_RtccWriteDate                 text16        0192C
_RtccWriteTime                 text15        01A62
_Rtcc_read_TimeDate            bssBANK0      00060
_T1CONbits                     (abs)         00FCD
_TRISA                         (abs)         00F92
_TRISB                         (abs)         00F93
_TRISBbits                     (abs)         00F93
_TRISC                         (abs)         00F94
_Write_RTC                     text13        017E4
__CFG_CP0$OFF                  (abs)         00000
__CFG_CPUDIV$OSC1              (abs)         00000
__CFG_DSBOREN$OFF              (abs)         00000
__CFG_DSWDTEN$OFF              (abs)         00000
__CFG_DSWDTOSC$INTOSCREF       (abs)         00000
__CFG_DSWDTPS$G2               (abs)         00000
__CFG_FCMEN$OFF                (abs)         00000
__CFG_IESO$OFF                 (abs)         00000
__CFG_IOL1WAY$OFF              (abs)         00000
__CFG_LPT1OSC$OFF              (abs)         00000
__CFG_MSSP7B_EN$MSK7           (abs)         00000
__CFG_OSC$INTOSC               (abs)         00000
__CFG_PLLDIV$1                 (abs)         00000
__CFG_RTCOSC$T1OSCREF          (abs)         00000
__CFG_STVREN$ON                (abs)         00000
__CFG_T1DIG$ON                 (abs)         00000
__CFG_WDTEN$OFF                (abs)         00000
__CFG_WDTPS$32768              (abs)         00000
__CFG_WPCFG$OFF                (abs)         00000
__CFG_WPDIS$OFF                (abs)         00000
__CFG_XINST$OFF                (abs)         00000
__HRAM                         (abs)         00000
__Habs1                        abs1          00000
__Hbank0                       bank0         00000
__Hbank1                       bank1         00000
__Hbank10                      bank10        00000
__Hbank11                      bank11        00000
__Hbank12                      bank12        00000
__Hbank13                      bank13        00000
__Hbank14                      bank14        00000
__Hbank2                       bank2         00000
__Hbank3                       bank3         00000
__Hbank4                       bank4         00000
__Hbank5                       bank5         00000
__Hbank6                       bank6         00000
__Hbank7                       bank7         00000
__Hbank8                       bank8         00000
__Hbank9                       bank9         00000
__Hbigbss                      bigbss        00000
__Hbigdata                     bigdata       00000
__Hbigram                      bigram        00000
__HbitbssCOMRAM                bitbssCOMRAM  00000
__Hbss                         bss           00000
__HbssBANK0                    bssBANK0      00000
__HbssCOMRAM                   bssCOMRAM     00000
__Hcinit                       cinit         00000
__Hclrtext                     clrtext       00000
__Hcomram                      comram        00000
__Hconfig                      config        10000
__Hconst                       const         00000
__HcstackCOMRAM                cstackCOMRAM  00000
__Hdata                        data          00000
__HdataBANK0                   dataBANK0     00000
__HdataCOMRAM                  dataCOMRAM    00000
__Hfarbss                      farbss        00000
__Hfardata                     fardata       00000
__Hibigdata                    ibigdata      00000
__Hidata                       idata         00000
__HidataBANK0                  idataBANK0    00000
__HidataCOMRAM                 idataCOMRAM   00000
__Hidloc                       idloc         00000
__Hifardata                    ifardata      00000
__Hinit                        init          00004
__Hintcode                     intcode       00000
__Hintcode_body                intcode_body  00000
__Hintcodelo                   intcodelo     00000
__Hintentry                    intentry      00000
__Hintret                      intret        00000
__Hintsave_regs                intsave_regs  00000
__Hirdata                      irdata        00000
__Hjflash_buffer               jflash_buffer 0F800
__Hmediumconst                 mediumconst   00000
__HnvFARRAM                    nvFARRAM      00000
__Hnvbit                       nvbit         00000
__Hnvrram                      nvrram        00000
__Hparam                       rparam        00000
__Hpowerup                     powerup       00000
__Hram                         ram           00000
__Hramtop                      ramtop        00F00
__Hrbit                        rbit          00000
__Hrbss                        rbss          00000
__Hrdata                       rdata         00000
__Hreset_vec                   reset_vec     00000
__Hrparam                      rparam        00000
__Hsfr                         sfr           00000
__Hsmallconst                  smallconst    00FA0
__Hspace_0                     (abs)         10000
__Hspace_1                     (abs)         002E1
__Hspace_2                     (abs)         00000
__Hstack                       stack         00000
__Hstruct                      struct        00000
__Htemp                        temp          00000
__Htext                        text          00000
__Htext0                       text0         00000
__Htext1                       text1         00000
__Htext10                      text10        00000
__Htext11                      text11        00000
__Htext12                      text12        00000
__Htext13                      text13        00000
__Htext14                      text14        00000
__Htext15                      text15        00000
__Htext16                      text16        00000
__Htext17                      text17        00000
__Htext18                      text18        00000
__Htext19                      text19        00000
__Htext2                       text2         00000
__Htext20                      text20        00000
__Htext21                      text21        00000
__Htext22                      text22        00000
__Htext23                      text23        00000
__Htext24                      text24        00000
__Htext25                      text25        00000
__Htext26                      text26        00000
__Htext3                       text3         00000
__Htext4                       text4         00000
__Htext5                       text5         00000
__Htext6                       text6         00000
__Htext7                       text7         00000
__Htext8                       text8         00000
__Htext9                       text9         00000
__LRAM                         (abs)         00001
__Labs1                        abs1          00000
__Lbank0                       bank0         00000
__Lbank1                       bank1         00000
__Lbank10                      bank10        00000
__Lbank11                      bank11        00000
__Lbank12                      bank12        00000
__Lbank13                      bank13        00000
__Lbank14                      bank14        00000
__Lbank2                       bank2         00000
__Lbank3                       bank3         00000
__Lbank4                       bank4         00000
__Lbank5                       bank5         00000
__Lbank6                       bank6         00000
__Lbank7                       bank7         00000
__Lbank8                       bank8         00000
__Lbank9                       bank9         00000
__Lbigbss                      bigbss        00000
__Lbigdata                     bigdata       00000
__Lbigram                      bigram        00000
__LbitbssCOMRAM                bitbssCOMRAM  00000
__Lbss                         bss           00000
__LbssBANK0                    bssBANK0      00000
__LbssCOMRAM                   bssCOMRAM     00000
__Lcinit                       cinit         00000
__Lclrtext                     clrtext       00000
__Lcomram                      comram        00000
__Lconfig                      config        0FFF8
__Lconst                       const         00000
__LcstackCOMRAM                cstackCOMRAM  00000
__Ldata                        data          00000
__LdataBANK0                   dataBANK0     00000
__LdataCOMRAM                  dataCOMRAM    00000
__Lfarbss                      farbss        00000
__Lfardata                     fardata       00000
__Libigdata                    ibigdata      00000
__Lidata                       idata         00000
__LidataBANK0                  idataBANK0    00000
__LidataCOMRAM                 idataCOMRAM   00000
__Lidloc                       idloc         00000
__Lifardata                    ifardata      00000
__Linit                        init          00000
__Lintcode                     intcode       00000
__Lintcode_body                intcode_body  00000
__Lintcodelo                   intcodelo     00000
__Lintentry                    intentry      00000
__Lintret                      intret        00000
__Lintsave_regs                intsave_regs  00000
__Lirdata                      irdata        00000
__Ljflash_buffer               jflash_buffer 0F800
__Lmediumconst                 mediumconst   00000
__LnvFARRAM                    nvFARRAM      00000
__Lnvbit                       nvbit         00000
__Lnvrram                      nvrram        00000
__Lparam                       rparam        00000
__Lpowerup                     powerup       00000
__Lram                         ram           00000
__Lramtop                      ramtop        00F00
__Lrbit                        rbit          00000
__Lrbss                        rbss          00000
__Lrdata                       rdata         00000
__Lreset_vec                   reset_vec     00000
__Lrparam                      rparam        00000
__Lsfr                         sfr           00000
__Lsmallconst                  smallconst    00F00
__Lspace_0                     (abs)         00000
__Lspace_1                     (abs)         00000
__Lspace_2                     (abs)         00000
__Lstack                       stack         00000
__Lstruct                      struct        00000
__Ltemp                        temp          00000
__Ltext                        text          00000
__Ltext0                       text0         00000
__Ltext1                       text1         00000
__Ltext10                      text10        00000
__Ltext11                      text11        00000
__Ltext12                      text12        00000
__Ltext13                      text13        00000
__Ltext14                      text14        00000
__Ltext15                      text15        00000
__Ltext16                      text16        00000
__Ltext17                      text17        00000
__Ltext18                      text18        00000
__Ltext19                      text19        00000
__Ltext2                       text2         00000
__Ltext20                      text20        00000
__Ltext21                      text21        00000
__Ltext22                      text22        00000
__Ltext23                      text23        00000
__Ltext24                      text24        00000
__Ltext25                      text25        00000
__Ltext26                      text26        00000
__Ltext3                       text3         00000
__Ltext4                       text4         00000
__Ltext5                       text5         00000
__Ltext6                       text6         00000
__Ltext7                       text7         00000
__Ltext8                       text8         00000
__Ltext9                       text9         00000
__S0                           (abs)         10000
__S1                           (abs)         0009E
__S2                           (abs)         00000
___awdiv                       text14        01CC4
___awdiv@counter               cstackCOMRAM  00005
___awdiv@dividend              cstackCOMRAM  00001
___awdiv@divisor               cstackCOMRAM  00003
___awdiv@quotient              cstackCOMRAM  00007
___awdiv@sign                  cstackCOMRAM  00006
___inthi_sp                    stack         00000
___intlo_sp                    stack         00000
___lwdiv                       text9         01FF2
___lwdiv@counter               cstackCOMRAM  00007
___lwdiv@dividend              cstackCOMRAM  00001
___lwdiv@divisor               cstackCOMRAM  00003
___lwdiv@quotient              cstackCOMRAM  00005
___lwmod                       text8         02128
___lwmod@counter               cstackCOMRAM  0000C
___lwmod@dividend              cstackCOMRAM  00008
___lwmod@divisor               cstackCOMRAM  0000A
___param_bank                  (abs)         00000
___rparam_used                 (abs)         00001
___sp                          stack         00000
___wmul                        text7         0219C
___wmul@multiplicand           cstackCOMRAM  00003
___wmul@multiplier             cstackCOMRAM  00001
___wmul@product                cstackCOMRAM  00005
__accesstop                    (abs)         00060
__activetblptr                 (abs)         00002
__end_of_Delay100TCYx          text23        02234
__end_of_Delay1KTCYx           text19        02224
__end_of_LCD_INIT_STRING       smallconst    00F0F
__end_of_Read_RTC              text24        01C36
__end_of_RtccReadDate          text26        01CC4
__end_of_RtccReadTime          text25        01F8E
__end_of_RtccWrOn              text17        02214
__end_of_RtccWriteDate         text16        01A62
__end_of_RtccWriteTime         text15        01B5E
__end_of_Write_RTC             text13        0192C
__end_of___awdiv               text14        01D48
__end_of___lwdiv               text9         02044
__end_of___lwmod               text8         0216A
__end_of___wmul                text7         021C2
__end_of__initialization       cinit         01FE8
__end_of_dpowers               smallconst    00F0B
__end_of_isdigit               text6         02202
__end_of_lcd_comand            text20        02250
__end_of_lcd_gotoxy            text12        021E4
__end_of_lcd_init              text18        01E3A
__end_of_lcd_putc              text11        020E0
__end_of_lcd_putrs             text10        02096
__end_of_lcd_send_byte         text21        0219C
__end_of_lcd_send_nibble       text22        01EB0
__end_of_main                  text0         0139C
__end_of_setDiaMesAnio         text4         01DC4
__end_of_setDiaSemana          text3         017E4
__end_of_setHoraMinutoSegundo  text2         01F20
__end_of_setup                 text1         02128
__end_of_sprintf               text5         01698
__initialization               cinit         01F8E
__mediumconst                  mediumconst   00000
__pbitbssCOMRAM                bitbssCOMRAM  002E0
__pbssBANK0                    bssBANK0      00060
__pbssCOMRAM                   bssCOMRAM     0002D
__pcinit                       cinit         01F8E
__pcstackCOMRAM                cstackCOMRAM  00001
__pdataBANK0                   dataBANK0     00090
__pdataCOMRAM                  dataCOMRAM    00050
__pidataBANK0                  idataBANK0    02234
__pidataCOMRAM                 idataCOMRAM   02250
__psmallconst                  smallconst    00F00
__ptext0                       text0         00FA0
__ptext1                       text1         020E0
__ptext10                      text10        02044
__ptext11                      text11        02096
__ptext12                      text12        021C2
__ptext13                      text13        017E4
__ptext14                      text14        01CC4
__ptext15                      text15        01A62
__ptext16                      text16        0192C
__ptext17                      text17        02202
__ptext18                      text18        01DC4
__ptext19                      text19        02214
__ptext2                       text2         01EB0
__ptext20                      text20        02242
__ptext21                      text21        0216A
__ptext22                      text22        01E3A
__ptext23                      text23        02224
__ptext24                      text24        01B5E
__ptext25                      text25        01F20
__ptext26                      text26        01C36
__ptext3                       text3         01698
__ptext4                       text4         01D48
__ptext5                       text5         0139C
__ptext6                       text6         021E4
__ptext7                       text7         0219C
__ptext8                       text8         02128
__ptext9                       text9         01FF2
__ramtop                       ramtop        00F00
__size_of_Delay100TCYx         (abs)         00000
__size_of_Delay1KTCYx          (abs)         00000
__size_of_Read_RTC             (abs)         00000
__size_of_RtccReadDate         (abs)         00000
__size_of_RtccReadTime         (abs)         00000
__size_of_RtccWrOn             (abs)         00000
__size_of_RtccWriteDate        (abs)         00000
__size_of_RtccWriteTime        (abs)         00000
__size_of_Write_RTC            (abs)         00000
__size_of___awdiv              (abs)         00000
__size_of___lwdiv              (abs)         00000
__size_of___lwmod              (abs)         00000
__size_of___wmul               (abs)         00000
__size_of_isdigit              (abs)         00000
__size_of_lcd_comand           (abs)         00000
__size_of_lcd_gotoxy           (abs)         00000
__size_of_lcd_init             (abs)         00000
__size_of_lcd_putc             (abs)         00000
__size_of_lcd_putrs            (abs)         00000
__size_of_lcd_send_byte        (abs)         00000
__size_of_lcd_send_nibble      (abs)         00000
__size_of_main                 (abs)         00000
__size_of_setDiaMesAnio        (abs)         00000
__size_of_setDiaSemana         (abs)         00000
__size_of_setHoraMinutoSegundo (abs)         00000
__size_of_setup                (abs)         00000
__size_of_sprintf              (abs)         00000
__smallconst                   smallconst    00F00
_a                             bssCOMRAM     00035
_anio                          dataCOMRAM    0005A
_anio_d                        bssCOMRAM     0003B
_anio_u                        bssCOMRAM     0003C
_array_seleccionar             dataBANK0     00090
_b                             bssCOMRAM     00033
_buffer2                       bssBANK0      0007C
_c                             bssCOMRAM     00031
_dia                           dataCOMRAM    00054
_dia_semana                    bssCOMRAM     0003D
_diasem                        dataCOMRAM    00056
_dpowers                       smallconst    00F01
_fecha_d                       bssCOMRAM     00040
_fecha_u                       bssCOMRAM     00041
_flag                          bitbssCOMRAM  002E0
_hora                          dataCOMRAM    00052
_hora_d                        bssCOMRAM     00042
_hora_u                        bssCOMRAM     00043
_i                             bssCOMRAM     00039
_isdigit                       text6         021E4
_isdigit$1752                  cstackCOMRAM  00002
_j                             bssCOMRAM     00037
_k                             bssCOMRAM     0002F
_lcd_comand                    text20        02242
_lcd_gotoxy                    text12        021C2
_lcd_init                      text18        01DC4
_lcd_putc                      text11        02096
_lcd_putrs                     text10        02044
_lcd_send_byte                 text21        0216A
_lcd_send_nibble               text22        01E3A
_main                          text0         00FA0
_mes                           dataCOMRAM    00058
_mes_d                         bssCOMRAM     0003E
_mes_u                         bssCOMRAM     0003F
_minuto                        dataCOMRAM    00050
_minuto_d                      bssCOMRAM     00044
_minuto_u                      bssCOMRAM     00045
_segundo                       bssCOMRAM     0002D
_segundo_d                     bssCOMRAM     00046
_segundo_u                     bssCOMRAM     00047
_setDiaMesAnio                 text4         01D48
_setDiaSemana                  text3         01698
_setHoraMinutoSegundo          text2         01EB0
_setup                         text1         020E0
_sprintf                       text5         0139C
end_of_initialization          cinit         01FE8
intlevel0                      text          00000
intlevel1                      text          00000
intlevel2                      text          00000
intlevel3                      text          00000
isdigit@c                      cstackCOMRAM  00003
lcd_comand@d                   cstackCOMRAM  00005
lcd_gotoxy@address             cstackCOMRAM  00007
lcd_gotoxy@x                   cstackCOMRAM  00006
lcd_gotoxy@y                   cstackCOMRAM  00005
lcd_init@i                     cstackCOMRAM  00005
lcd_putc@c                     cstackCOMRAM  00008
lcd_putrs@ptr                  cstackCOMRAM  00009
lcd_send_byte@address          cstackCOMRAM  00004
lcd_send_byte@n                cstackCOMRAM  00003
lcd_send_nibble@nibble         cstackCOMRAM  00002
main@boton_centro_estado       cstackCOMRAM  00029
main@boton_seleccionar         cstackCOMRAM  0002B
sprintf@ap                     cstackCOMRAM  0001F
sprintf@c                      cstackCOMRAM  00027
sprintf@cp                     cstackCOMRAM  00021
sprintf@f                      cstackCOMRAM  0000F
sprintf@flag                   cstackCOMRAM  0001B
sprintf@len                    cstackCOMRAM  00023
sprintf@prec                   cstackCOMRAM  0001E
sprintf@sp                     cstackCOMRAM  0000D
sprintf@val                    cstackCOMRAM  0001C
sprintf@width                  cstackCOMRAM  00025
stackhi                        (abs)         00EBF
stacklo                        (abs)         0009E
start                          init          00000
start_initialization           cinit         01F8E


FUNCTION INFORMATION:

 *************** function _main *****************
 Defined at:
		line 128 in file "main.c"
 Parameters:    Size  Location     Type
		None
 Auto vars:     Size  Location     Type
  boton_selecc    2   42[COMRAM] int 
  boton_centro    2   40[COMRAM] int 
 Return value:  Size  Location     Type
                  2  168[None  ] int 
 Registers used:
		wreg, fsr0l, fsr0h, fsr2l, fsr2h, status,2, status,0, tblptrl, tblptrh, tblptru, prodl, prodh, cstack
 Tracked objects:
		On entry : 
		On exit  : 
		Unchanged: 
 Data sizes:     COMRAM   BANK0   BANK1   BANK2   BANK3   BANK4   BANK5   BANK6   BANK7   BANK8   BANK9  BANK10  BANK11  BANK12  BANK13  BANK14
      Params:         0       0       0       0       0       0       0       0       0       0       0       0       0       0       0       0
      Locals:         4       0       0       0       0       0       0       0       0       0       0       0       0       0       0       0
      Temps:          1       0       0       0       0       0       0       0       0       0       0       0       0       0       0       0
      Totals:         5       0       0       0       0       0       0       0       0       0       0       0       0       0       0       0
Total ram usage:        5 bytes
 Hardware stack levels required when called:    7
 This function calls:
		_Read_RTC
		_Write_RTC
		_lcd_gotoxy
		_lcd_putrs
		_setDiaMesAnio
		_setDiaSemana
		_setHoraMinutoSegundo
		_setup
		_sprintf
 This function is called by:
		Startup code after reset
 This function uses a non-reentrant model


 *************** function _setup *****************
 Defined at:
		line 97 in file "main.c"
 Parameters:    Size  Location     Type
		None
 Auto vars:     Size  Location     Type
		None
 Return value:  Size  Location     Type
                  1    wreg      void 
 Registers used:
		wreg, fsr0l, fsr0h, fsr2l, fsr2h, status,2, status,0, tblptrl, tblptrh, tblptru, prodl, prodh, cstack
 Tracked objects:
		On entry : 
		On exit  : 
		Unchanged: 
 Data sizes:     COMRAM   BANK0   BANK1   BANK2   BANK3   BANK4   BANK5   BANK6   BANK7   BANK8   BANK9  BANK10  BANK11  BANK12  BANK13  BANK14
      Params:         0       0       0       0       0       0       0       0       0       0       0       0       0       0       0       0
      Locals:         0       0       0       0       0       0       0       0       0       0       0       0       0       0       0       0
      Temps:          0       0       0       0       0       0       0       0       0       0       0       0       0       0       0       0
      Totals:         0       0       0       0       0       0       0       0       0       0       0       0       0       0       0       0
Total ram usage:        0 bytes
 Hardware stack levels used:    1
 Hardware stack levels required when called:    6
 This function calls:
		_Write_RTC
		_lcd_comand
		_lcd_init
		_setDiaMesAnio
		_setDiaSemana
		_setHoraMinutoSegundo
 This function is called by:
		_main
 This function uses a non-reentrant model


 *************** function _setHoraMinutoSegundo *****************
 Defined at:
		line 83 in file "main.c"
 Parameters:    Size  Location     Type
		None
 Auto vars:     Size  Location     Type
		None
 Return value:  Size  Location     Type
                  1    wreg      void 
 Registers used:
		wreg, fsr0l, fsr0h, fsr2l, fsr2h, status,2, status,0, tblptrl, tblptrh, tblptru, prodl, prodh, cstack
 Tracked objects:
		On entry : 
		On exit  : 
		Unchanged: 
 Data sizes:     COMRAM   BANK0   BANK1   BANK2   BANK3   BANK4   BANK5   BANK6   BANK7   BANK8   BANK9  BANK10  BANK11  BANK12  BANK13  BANK14
      Params:         0       0       0       0       0       0       0       0       0       0       0       0       0       0       0       0
      Locals:         0       0       0       0       0       0       0       0       0       0       0       0       0       0       0       0
      Temps:          0       0       0       0       0       0       0       0       0       0       0       0       0       0       0       0
      Totals:         0       0       0       0       0       0       0       0       0       0       0       0       0       0       0       0
Total ram usage:        0 bytes
 Hardware stack levels used:    1
 Hardware stack levels required when called:    5
 This function calls:
		_Write_RTC
		_lcd_gotoxy
		_lcd_putrs
		_sprintf
 This function is called by:
		_setup
		_main
 This function uses a non-reentrant model


 *************** function _setDiaSemana *****************
 Defined at:
		line 35 in file "main.c"
 Parameters:    Size  Location     Type
		None
 Auto vars:     Size  Location     Type
		None
 Return value:  Size  Location     Type
                  1    wreg      void 
 Registers used:
		wreg, fsr0l, fsr0h, status,2, status,0, tblptrl, tblptrh, tblptru, cstack
 Tracked objects:
		On entry : 
		On exit  : 
		Unchanged: 
 Data sizes:     COMRAM   BANK0   BANK1   BANK2   BANK3   BANK4   BANK5   BANK6   BANK7   BANK8   BANK9  BANK10  BANK11  BANK12  BANK13  BANK14
      Params:         0       0       0       0       0       0       0       0       0       0       0       0       0       0       0       0
      Locals:         0       0       0       0       0       0       0       0       0       0       0       0       0       0       0       0
      Temps:          1       0       0       0       0       0       0       0       0       0       0       0       0       0       0       0
      Totals:         1       0       0       0       0       0       0       0       0       0       0       0       0       0       0       0
Total ram usage:        1 bytes
 Hardware stack levels used:    1
 Hardware stack levels required when called:    5
 This function calls:
		_lcd_gotoxy
		_lcd_putrs
 This function is called by:
		_setup
		_main
 This function uses a non-reentrant model


 *************** function _setDiaMesAnio *****************
 Defined at:
		line 67 in file "main.c"
 Parameters:    Size  Location     Type
		None
 Auto vars:     Size  Location     Type
		None
 Return value:  Size  Location     Type
                  1    wreg      void 
 Registers used:
		wreg, fsr0l, fsr0h, fsr2l, fsr2h, status,2, status,0, tblptrl, tblptrh, tblptru, prodl, prodh, cstack
 Tracked objects:
		On entry : 
		On exit  : 
		Unchanged: 
 Data sizes:     COMRAM   BANK0   BANK1   BANK2   BANK3   BANK4   BANK5   BANK6   BANK7   BANK8   BANK9  BANK10  BANK11  BANK12  BANK13  BANK14
      Params:         0       0       0       0       0       0       0       0       0       0       0       0       0       0       0       0
      Locals:         0       0       0       0       0       0       0       0       0       0       0       0       0       0       0       0
      Temps:          0       0       0       0       0       0       0       0       0       0       0       0       0       0       0       0
      Totals:         0       0       0       0       0       0       0       0       0       0       0       0       0       0       0       0
Total ram usage:        0 bytes
 Hardware stack levels used:    1
 Hardware stack levels required when called:    5
 This function calls:
		_Write_RTC
		_lcd_gotoxy
		_lcd_putrs
		_sprintf
 This function is called by:
		_setup
		_main
 This function uses a non-reentrant model


 *************** function _sprintf *****************
 Defined at:
		line 492 in file "C:\Program Files (x86)\Microchip\xc8\v1.43\sources\common\doprnt.c"
 Parameters:    Size  Location     Type
  sp              2   12[COMRAM] PTR unsigned char 
		 -> buffer2(20), 
  f               2   14[COMRAM] PTR const unsigned char 
		 -> STR_19(3), STR_16(15), STR_15(15), 
 Auto vars:     Size  Location     Type
  tmpval          4    0        struct .
  width           2   36[COMRAM] int 
  len             2   34[COMRAM] unsigned int 
  cp              2   32[COMRAM] PTR const unsigned char 
		 -> STR_20(7), STR_7(5), STR_6(5), STR_5(5), 
		 -> STR_4(5), STR_3(5), STR_2(5), STR_1(5), 
  ap              2   30[COMRAM] PTR void [1]
		 -> ?_sprintf(2), 
  val             2   27[COMRAM] unsigned int 
  c               1   38[COMRAM] char 
  prec            1   29[COMRAM] char 
  flag            1   26[COMRAM] unsigned char 
 Return value:  Size  Location     Type
                  2   12[COMRAM] int 
 Registers used:
		wreg, fsr2l, fsr2h, status,2, status,0, tblptrl, tblptrh, tblptru, prodl, prodh, cstack
 Tracked objects:
		On entry : 
		On exit  : 
		Unchanged: 
 Data sizes:     COMRAM   BANK0   BANK1   BANK2   BANK3   BANK4   BANK5   BANK6   BANK7   BANK8   BANK9  BANK10  BANK11  BANK12  BANK13  BANK14
      Params:        10       0       0       0       0       0       0       0       0       0       0       0       0       0       0       0
      Locals:        13       0       0       0       0       0       0       0       0       0       0       0       0       0       0       0
      Temps:          4       0       0       0       0       0       0       0       0       0       0       0       0       0       0       0
      Totals:        27       0       0       0       0       0       0       0       0       0       0       0       0       0       0       0
Total ram usage:       27 bytes
 Hardware stack levels used:    1
 Hardware stack levels required when called:    1
 This function calls:
		___lwdiv
		___lwmod
		___wmul
		_isdigit
 This function is called by:
		_setDiaMesAnio
		_setHoraMinutoSegundo
		_main
 This function uses a non-reentrant model


 *************** function _isdigit *****************
 Defined at:
		line 8 in file "C:\Program Files (x86)\Microchip\xc8\v1.43\sources\common\isdigit.c"
 Parameters:    Size  Location     Type
  c               1    wreg     unsigned char 
 Auto vars:     Size  Location     Type
  c               1    2[COMRAM] unsigned char 
 Return value:  Size  Location     Type
		None               void
 Registers used:
		wreg, status,2, status,0
 Tracked objects:
		On entry : 
		On exit  : 
		Unchanged: 
 Data sizes:     COMRAM   BANK0   BANK1   BANK2   BANK3   BANK4   BANK5   BANK6   BANK7   BANK8   BANK9  BANK10  BANK11  BANK12  BANK13  BANK14
      Params:         0       0       0       0       0       0       0       0       0       0       0       0       0       0       0       0
      Locals:         2       0       0       0       0       0       0       0       0       0       0       0       0       0       0       0
      Temps:          1       0       0       0       0       0       0       0       0       0       0       0       0       0       0       0
      Totals:         3       0       0       0       0       0       0       0       0       0       0       0       0       0       0       0
Total ram usage:        3 bytes
 Hardware stack levels used:    1
 This function calls:
		Nothing
 This function is called by:
		_sprintf
 This function uses a non-reentrant model


 *************** function ___wmul *****************
 Defined at:
		line 15 in file "C:\Program Files (x86)\Microchip\xc8\v1.43\sources\common\Umul16.c"
 Parameters:    Size  Location     Type
  multiplier      2    0[COMRAM] unsigned int 
  multiplicand    2    2[COMRAM] unsigned int 
 Auto vars:     Size  Location     Type
  product         2    4[COMRAM] unsigned int 
 Return value:  Size  Location     Type
                  2    0[COMRAM] unsigned int 
 Registers used:
		wreg, status,2, status,0, prodl, prodh
 Tracked objects:
		On entry : 
		On exit  : 
		Unchanged: 
 Data sizes:     COMRAM   BANK0   BANK1   BANK2   BANK3   BANK4   BANK5   BANK6   BANK7   BANK8   BANK9  BANK10  BANK11  BANK12  BANK13  BANK14
      Params:         4       0       0       0       0       0       0       0       0       0       0       0       0       0       0       0
      Locals:         2       0       0       0       0       0       0       0       0       0       0       0       0       0       0       0
      Temps:          0       0       0       0       0       0       0       0       0       0       0       0       0       0       0       0
      Totals:         6       0       0       0       0       0       0       0       0       0       0       0       0       0       0       0
Total ram usage:        6 bytes
 Hardware stack levels used:    1
 This function calls:
		Nothing
 This function is called by:
		_sprintf
 This function uses a non-reentrant model


 *************** function ___lwmod *****************
 Defined at:
		line 8 in file "C:\Program Files (x86)\Microchip\xc8\v1.43\sources\common\lwmod.c"
 Parameters:    Size  Location     Type
  dividend        2    7[COMRAM] unsigned int 
  divisor         2    9[COMRAM] unsigned int 
 Auto vars:     Size  Location     Type
  counter         1   11[COMRAM] unsigned char 
 Return value:  Size  Location     Type
                  2    7[COMRAM] unsigned int 
 Registers used:
		wreg, status,2, status,0
 Tracked objects:
		On entry : 
		On exit  : 
		Unchanged: 
 Data sizes:     COMRAM   BANK0   BANK1   BANK2   BANK3   BANK4   BANK5   BANK6   BANK7   BANK8   BANK9  BANK10  BANK11  BANK12  BANK13  BANK14
      Params:         4       0       0       0       0       0       0       0       0       0       0       0       0       0       0       0
      Locals:         1       0       0       0       0       0       0       0       0       0       0       0       0       0       0       0
      Temps:          0       0       0       0       0       0       0       0       0       0       0       0       0       0       0       0
      Totals:         5       0       0       0       0       0       0       0       0       0       0       0       0       0       0       0
Total ram usage:        5 bytes
 Hardware stack levels used:    1
 This function calls:
		Nothing
 This function is called by:
		_sprintf
 This function uses a non-reentrant model


 *************** function ___lwdiv *****************
 Defined at:
		line 8 in file "C:\Program Files (x86)\Microchip\xc8\v1.43\sources\common\lwdiv.c"
 Parameters:    Size  Location     Type
  dividend        2    0[COMRAM] unsigned int 
  divisor         2    2[COMRAM] unsigned int 
 Auto vars:     Size  Location     Type
  quotient        2    4[COMRAM] unsigned int 
  counter         1    6[COMRAM] unsigned char 
 Return value:  Size  Location     Type
                  2    0[COMRAM] unsigned int 
 Registers used:
		wreg, status,2, status,0
 Tracked objects:
		On entry : 
		On exit  : 
		Unchanged: 
 Data sizes:     COMRAM   BANK0   BANK1   BANK2   BANK3   BANK4   BANK5   BANK6   BANK7   BANK8   BANK9  BANK10  BANK11  BANK12  BANK13  BANK14
      Params:         4       0       0       0       0       0       0       0       0       0       0       0       0       0       0       0
      Locals:         3       0       0       0       0       0       0       0       0       0       0       0       0       0       0       0
      Temps:          0       0       0       0       0       0       0       0       0       0       0       0       0       0       0       0
      Totals:         7       0       0       0       0       0       0       0       0       0       0       0       0       0       0       0
Total ram usage:        7 bytes
 Hardware stack levels used:    1
 This function calls:
		Nothing
 This function is called by:
		_sprintf
 This function uses a non-reentrant model


 *************** function _lcd_putrs *****************
 Defined at:
		line 221 in file "../../Librerias/Unimic/unmc_01/sources/unmc_lcd_216.c"
 Parameters:    Size  Location     Type
  ptr             2    8[COMRAM] PTR const unsigned char 
		 -> STR_18(9), STR_17(4), buffer2(20), STR_14(8), 
		 -> STR_13(8), STR_12(8), STR_11(8), STR_10(8), 
		 -> STR_9(8), STR_8(8), 
 Auto vars:     Size  Location     Type
		None
 Return value:  Size  Location     Type
                  1    wreg      void 
 Registers used:
		wreg, fsr0l, fsr0h, status,2, status,0, tblptrl, tblptrh, tblptru, cstack
 Tracked objects:
		On entry : 
		On exit  : 
		Unchanged: 
 Data sizes:     COMRAM   BANK0   BANK1   BANK2   BANK3   BANK4   BANK5   BANK6   BANK7   BANK8   BANK9  BANK10  BANK11  BANK12  BANK13  BANK14
      Params:         2       0       0       0       0       0       0       0       0       0       0       0       0       0       0       0
      Locals:         0       0       0       0       0       0       0       0       0       0       0       0       0       0       0       0
      Temps:          0       0       0       0       0       0       0       0       0       0       0       0       0       0       0       0
      Totals:         2       0       0       0       0       0       0       0       0       0       0       0       0       0       0       0
Total ram usage:        2 bytes
 Hardware stack levels used:    1
 Hardware stack levels required when called:    4
 This function calls:
		_lcd_putc
 This function is called by:
		_setDiaSemana
		_setDiaMesAnio
		_setHoraMinutoSegundo
		_main
 This function uses a non-reentrant model


 *************** function _lcd_putc *****************
 Defined at:
		line 172 in file "../../Librerias/Unimic/unmc_01/sources/unmc_lcd_216.c"
 Parameters:    Size  Location     Type
  c               1    wreg     unsigned char 
 Auto vars:     Size  Location     Type
  c               1    7[COMRAM] unsigned char 
 Return value:  Size  Location     Type
                  1    wreg      void 
 Registers used:
		wreg, status,2, status,0, cstack
 Tracked objects:
		On entry : 
		On exit  : 
		Unchanged: 
 Data sizes:     COMRAM   BANK0   BANK1   BANK2   BANK3   BANK4   BANK5   BANK6   BANK7   BANK8   BANK9  BANK10  BANK11  BANK12  BANK13  BANK14
      Params:         0       0       0       0       0       0       0       0       0       0       0       0       0       0       0       0
      Locals:         1       0       0       0       0       0       0       0       0       0       0       0       0       0       0       0
      Temps:          0       0       0       0       0       0       0       0       0       0       0       0       0       0       0       0
      Totals:         1       0       0       0       0       0       0       0       0       0       0       0       0       0       0       0
Total ram usage:        1 bytes
 Hardware stack levels used:    1
 Hardware stack levels required when called:    3
 This function calls:
		_lcd_gotoxy
		_lcd_send_byte
 This function is called by:
		_lcd_putrs
		_lcd_puts
 This function uses a non-reentrant model


 *************** function _lcd_gotoxy *****************
 Defined at:
		line 158 in file "../../Librerias/Unimic/unmc_01/sources/unmc_lcd_216.c"
 Parameters:    Size  Location     Type
  x               1    wreg     unsigned char 
  y               1    4[COMRAM] unsigned char 
 Auto vars:     Size  Location     Type
  x               1    5[COMRAM] unsigned char 
  address         1    6[COMRAM] unsigned char 
 Return value:  Size  Location     Type
                  1    wreg      void 
 Registers used:
		wreg, status,2, status,0, cstack
 Tracked objects:
		On entry : 
		On exit  : 
		Unchanged: 
 Data sizes:     COMRAM   BANK0   BANK1   BANK2   BANK3   BANK4   BANK5   BANK6   BANK7   BANK8   BANK9  BANK10  BANK11  BANK12  BANK13  BANK14
      Params:         1       0       0       0       0       0       0       0       0       0       0       0       0       0       0       0
      Locals:         2       0       0       0       0       0       0       0       0       0       0       0       0       0       0       0
      Temps:          0       0       0       0       0       0       0       0       0       0       0       0       0       0       0       0
      Totals:         3       0       0       0       0       0       0       0       0       0       0       0       0       0       0       0
Total ram usage:        3 bytes
 Hardware stack levels used:    1
 Hardware stack levels required when called:    2
 This function calls:
		_lcd_send_byte
 This function is called by:
		_setDiaSemana
		_setDiaMesAnio
		_setHoraMinutoSegundo
		_main
		_lcd_putc
 This function uses a non-reentrant model


 *************** function _Write_RTC *****************
 Defined at:
		line 72 in file "../../headers\unmc_rtcc_01.h"
 Parameters:    Size  Location     Type
		None
 Auto vars:     Size  Location     Type
		None
 Return value:  Size  Location     Type
                  1    wreg      void 
 Registers used:
		wreg, fsr2l, fsr2h, status,2, status,0, prodl, prodh, cstack
 Tracked objects:
		On entry : 
		On exit  : 
		Unchanged: 
 Data sizes:     COMRAM   BANK0   BANK1   BANK2   BANK3   BANK4   BANK5   BANK6   BANK7   BANK8   BANK9  BANK10  BANK11  BANK12  BANK13  BANK14
      Params:         0       0       0       0       0       0       0       0       0       0       0       0       0       0       0       0
      Locals:         0       0       0       0       0       0       0       0       0       0       0       0       0       0       0       0
      Temps:          0       0       0       0       0       0       0       0       0       0       0       0       0       0       0       0
      Totals:         0       0       0       0       0       0       0       0       0       0       0       0       0       0       0       0
Total ram usage:        0 bytes
 Hardware stack levels used:    1
 Hardware stack levels required when called:    2
 This function calls:
		_RtccWrOn
		_RtccWriteDate
		_RtccWriteTime
		___awdiv
 This function is called by:
		_setDiaMesAnio
		_setHoraMinutoSegundo
		_setup
		_main
 This function uses a non-reentrant model


 *************** function ___awdiv *****************
 Defined at:
		line 8 in file "C:\Program Files (x86)\Microchip\xc8\v1.43\sources\common\awdiv.c"
 Parameters:    Size  Location     Type
  dividend        2    0[COMRAM] int 
  divisor         2    2[COMRAM] int 
 Auto vars:     Size  Location     Type
  quotient        2    6[COMRAM] int 
  sign            1    5[COMRAM] unsigned char 
  counter         1    4[COMRAM] unsigned char 
 Return value:  Size  Location     Type
                  2    0[COMRAM] int 
 Registers used:
		wreg, status,2, status,0
 Tracked objects:
		On entry : 
		On exit  : 
		Unchanged: 
 Data sizes:     COMRAM   BANK0   BANK1   BANK2   BANK3   BANK4   BANK5   BANK6   BANK7   BANK8   BANK9  BANK10  BANK11  BANK12  BANK13  BANK14
      Params:         4       0       0       0       0       0       0       0       0       0       0       0       0       0       0       0
      Locals:         4       0       0       0       0       0       0       0       0       0       0       0       0       0       0       0
      Temps:          0       0       0       0       0       0       0       0       0       0       0       0       0       0       0       0
      Totals:         8       0       0       0       0       0       0       0       0       0       0       0       0       0       0       0
Total ram usage:        8 bytes
 Hardware stack levels used:    1
 This function calls:
		Nothing
 This function is called by:
		_Write_RTC
 This function uses a non-reentrant model


 *************** function _RtccWriteTime *****************
 Defined at:
		line 34 in file "C:\Program Files (x86)\Microchip\xc8\v1.43\sources\pic18\plib\rtcc\RtccWriteTime.c"
 Parameters:    Size  Location     Type
  pTm             2    0[COMRAM] PTR const struct .
		 -> RtccTime(4), 
  di              1    2[COMRAM] enum E7121
 Auto vars:     Size  Location     Type
  tempHourWDay    2    9[COMRAM] struct .
  tempMinSec      2    7[COMRAM] struct .
  wasWrEn         1    6[COMRAM] enum E7121
  wasAlrm         1    5[COMRAM] enum E7121
  wasOn           1    4[COMRAM] enum E7121
 Return value:  Size  Location     Type
                  1    wreg      enum E6550
 Registers used:
		wreg, fsr2l, fsr2h, status,2, status,0, cstack
 Tracked objects:
		On entry : 
		On exit  : 
		Unchanged: 
 Data sizes:     COMRAM   BANK0   BANK1   BANK2   BANK3   BANK4   BANK5   BANK6   BANK7   BANK8   BANK9  BANK10  BANK11  BANK12  BANK13  BANK14
      Params:         3       0       0       0       0       0       0       0       0       0       0       0       0       0       0       0
      Locals:         7       0       0       0       0       0       0       0       0       0       0       0       0       0       0       0
      Temps:          1       0       0       0       0       0       0       0       0       0       0       0       0       0       0       0
      Totals:        11       0       0       0       0       0       0       0       0       0       0       0       0       0       0       0
Total ram usage:       11 bytes
 Hardware stack levels used:    1
 Hardware stack levels required when called:    1
 This function calls:
		_RtccWrOn
 This function is called by:
		_Write_RTC
 This function uses a non-reentrant model


 *************** function _RtccWriteDate *****************
 Defined at:
		line 35 in file "C:\Program Files (x86)\Microchip\xc8\v1.43\sources\pic18\plib\rtcc\RtccWriteDate.c"
 Parameters:    Size  Location     Type
  pDt             2    0[COMRAM] PTR const struct .
		 -> RtccDate(4), 
  di              1    2[COMRAM] enum E7121
 Auto vars:     Size  Location     Type
  tempHourWDay    2   11[COMRAM] struct .
  tempDayMonth    2    9[COMRAM] struct .
  tempYear        2    6[COMRAM] struct .
  wasWrEn         1    8[COMRAM] enum E7121
  wasAlrm         1    5[COMRAM] enum E7121
  wasOn           1    4[COMRAM] enum E7121
 Return value:  Size  Location     Type
                  1    wreg      enum E6550
 Registers used:
		wreg, fsr2l, fsr2h, status,2, status,0, cstack
 Tracked objects:
		On entry : 
		On exit  : 
		Unchanged: 
 Data sizes:     COMRAM   BANK0   BANK1   BANK2   BANK3   BANK4   BANK5   BANK6   BANK7   BANK8   BANK9  BANK10  BANK11  BANK12  BANK13  BANK14
      Params:         3       0       0       0       0       0       0       0       0       0       0       0       0       0       0       0
      Locals:         9       0       0       0       0       0       0       0       0       0       0       0       0       0       0       0
      Temps:          1       0       0       0       0       0       0       0       0       0       0       0       0       0       0       0
      Totals:        13       0       0       0       0       0       0       0       0       0       0       0       0       0       0       0
Total ram usage:       13 bytes
 Hardware stack levels used:    1
 Hardware stack levels required when called:    1
 This function calls:
		_RtccWrOn
 This function is called by:
		_Write_RTC
 This function uses a non-reentrant model


 *************** function _RtccWrOn *****************
 Defined at:
		line 21 in file "C:\Program Files (x86)\Microchip\xc8\v1.43\sources\pic18\plib\rtcc\RtccWrOn.c"
 Parameters:    Size  Location     Type
		None
 Auto vars:     Size  Location     Type
  data            2    0        unsigned int 
 Return value:  Size  Location     Type
                  1    wreg      void 
 Registers used:
		wreg, status,2
 Tracked objects:
		On entry : 
		On exit  : 
		Unchanged: 
 Data sizes:     COMRAM   BANK0   BANK1   BANK2   BANK3   BANK4   BANK5   BANK6   BANK7   BANK8   BANK9  BANK10  BANK11  BANK12  BANK13  BANK14
      Params:         0       0       0       0       0       0       0       0       0       0       0       0       0       0       0       0
      Locals:         0       0       0       0       0       0       0       0       0       0       0       0       0       0       0       0
      Temps:          0       0       0       0       0       0       0       0       0       0       0       0       0       0       0       0
      Totals:         0       0       0       0       0       0       0       0       0       0       0       0       0       0       0       0
Total ram usage:        0 bytes
 Hardware stack levels used:    1
 This function calls:
		Nothing
 This function is called by:
		_Write_RTC
		_RtccWriteDate
		_RtccWriteTime
 This function uses a non-reentrant model


 *************** function _lcd_init *****************
 Defined at:
		line 119 in file "../../Librerias/Unimic/unmc_01/sources/unmc_lcd_216.c"
 Parameters:    Size  Location     Type
		None
 Auto vars:     Size  Location     Type
  i               1    4[COMRAM] unsigned char 
 Return value:  Size  Location     Type
                  1    wreg      void 
 Registers used:
		wreg, status,2, status,0, tblptrl, tblptrh, tblptru, prodl, prodh, cstack
 Tracked objects:
		On entry : 
		On exit  : 
		Unchanged: 
 Data sizes:     COMRAM   BANK0   BANK1   BANK2   BANK3   BANK4   BANK5   BANK6   BANK7   BANK8   BANK9  BANK10  BANK11  BANK12  BANK13  BANK14
      Params:         0       0       0       0       0       0       0       0       0       0       0       0       0       0       0       0
      Locals:         1       0       0       0       0       0       0       0       0       0       0       0       0       0       0       0
      Temps:          0       0       0       0       0       0       0       0       0       0       0       0       0       0       0       0
      Totals:         1       0       0       0       0       0       0       0       0       0       0       0       0       0       0       0
Total ram usage:        1 bytes
 Hardware stack levels used:    1
 Hardware stack levels required when called:    2
 This function calls:
		_Delay1KTCYx
		_lcd_send_byte
		_lcd_send_nibble
 This function is called by:
		_setup
 This function uses a non-reentrant model


 *************** function _Delay1KTCYx *****************
 Defined at:
		line 8 in file "C:\Program Files (x86)\Microchip\xc8\v1.43\sources\pic18\d1ktcyx.c"
 Parameters:    Size  Location     Type
  unit            1    wreg     unsigned char 
 Auto vars:     Size  Location     Type
  unit            1    0[COMRAM] unsigned char 
 Return value:  Size  Location     Type
                  1    wreg      void 
 Registers used:
		wreg
 Tracked objects:
		On entry : 
		On exit  : 
		Unchanged: 
 Data sizes:     COMRAM   BANK0   BANK1   BANK2   BANK3   BANK4   BANK5   BANK6   BANK7   BANK8   BANK9  BANK10  BANK11  BANK12  BANK13  BANK14
      Params:         0       0       0       0       0       0       0       0       0       0       0       0       0       0       0       0
      Locals:         1       0       0       0       0       0       0       0       0       0       0       0       0       0       0       0
      Temps:          0       0       0       0       0       0       0       0       0       0       0       0       0       0       0       0
      Totals:         1       0       0       0       0       0       0       0       0       0       0       0       0       0       0       0
Total ram usage:        1 bytes
 Hardware stack levels used:    1
 This function calls:
		Nothing
 This function is called by:
		_lcd_init
		_DelayPORXLCD
 This function uses a non-reentrant model


 *************** function _lcd_comand *****************
 Defined at:
		line 189 in file "../../Librerias/Unimic/unmc_01/sources/unmc_lcd_216.c"
 Parameters:    Size  Location     Type
  d               1    wreg     unsigned char 
 Auto vars:     Size  Location     Type
  d               1    4[COMRAM] unsigned char 
 Return value:  Size  Location     Type
                  1    wreg      void 
 Registers used:
		wreg, status,2, status,0, cstack
 Tracked objects:
		On entry : 
		On exit  : 
		Unchanged: 
 Data sizes:     COMRAM   BANK0   BANK1   BANK2   BANK3   BANK4   BANK5   BANK6   BANK7   BANK8   BANK9  BANK10  BANK11  BANK12  BANK13  BANK14
      Params:         0       0       0       0       0       0       0       0       0       0       0       0       0       0       0       0
      Locals:         1       0       0       0       0       0       0       0       0       0       0       0       0       0       0       0
      Temps:          0       0       0       0       0       0       0       0       0       0       0       0       0       0       0       0
      Totals:         1       0       0       0       0       0       0       0       0       0       0       0       0       0       0       0
Total ram usage:        1 bytes
 Hardware stack levels used:    1
 Hardware stack levels required when called:    2
 This function calls:
		_lcd_send_byte
 This function is called by:
		_setup
 This function uses a non-reentrant model


 *************** function _lcd_send_byte *****************
 Defined at:
		line 86 in file "../../Librerias/Unimic/unmc_01/sources/unmc_lcd_216.c"
 Parameters:    Size  Location     Type
  address         1    wreg     unsigned char 
  n               1    2[COMRAM] unsigned char 
 Auto vars:     Size  Location     Type
  address         1    3[COMRAM] unsigned char 
 Return value:  Size  Location     Type
                  1    wreg      void 
 Registers used:
		wreg, status,2, status,0, cstack
 Tracked objects:
		On entry : 
		On exit  : 
		Unchanged: 
 Data sizes:     COMRAM   BANK0   BANK1   BANK2   BANK3   BANK4   BANK5   BANK6   BANK7   BANK8   BANK9  BANK10  BANK11  BANK12  BANK13  BANK14
      Params:         1       0       0       0       0       0       0       0       0       0       0       0       0       0       0       0
      Locals:         1       0       0       0       0       0       0       0       0       0       0       0       0       0       0       0
      Temps:          0       0       0       0       0       0       0       0       0       0       0       0       0       0       0       0
      Totals:         2       0       0       0       0       0       0       0       0       0       0       0       0       0       0       0
Total ram usage:        2 bytes
 Hardware stack levels used:    1
 Hardware stack levels required when called:    1
 This function calls:
		_Delay100TCYx
		_lcd_send_nibble
 This function is called by:
		_lcd_init
		_lcd_gotoxy
		_lcd_putc
		_lcd_comand
		_lcd_setcursor_vb
 This function uses a non-reentrant model


 *************** function _lcd_send_nibble *****************
 Defined at:
		line 25 in file "../../Librerias/Unimic/unmc_01/sources/unmc_lcd_216.c"
 Parameters:    Size  Location     Type
  nibble          1    wreg     unsigned char 
 Auto vars:     Size  Location     Type
  nibble          1    1[COMRAM] unsigned char 
 Return value:  Size  Location     Type
                  1    wreg      void 
 Registers used:
		wreg, status,2, status,0
 Tracked objects:
		On entry : 
		On exit  : 
		Unchanged: 
 Data sizes:     COMRAM   BANK0   BANK1   BANK2   BANK3   BANK4   BANK5   BANK6   BANK7   BANK8   BANK9  BANK10  BANK11  BANK12  BANK13  BANK14
      Params:         0       0       0       0       0       0       0       0       0       0       0       0       0       0       0       0
      Locals:         1       0       0       0       0       0       0       0       0       0       0       0       0       0       0       0
      Temps:          1       0       0       0       0       0       0       0       0       0       0       0       0       0       0       0
      Totals:         2       0       0       0       0       0       0       0       0       0       0       0       0       0       0       0
Total ram usage:        2 bytes
 Hardware stack levels used:    1
 This function calls:
		Nothing
 This function is called by:
		_lcd_send_byte
		_lcd_init
 This function uses a non-reentrant model


 *************** function _Delay100TCYx *****************
 Defined at:
		line 8 in file "C:\Program Files (x86)\Microchip\xc8\v1.43\sources\pic18\d100tcyx.c"
 Parameters:    Size  Location     Type
  unit            1    wreg     unsigned char 
 Auto vars:     Size  Location     Type
  unit            1    0[COMRAM] unsigned char 
 Return value:  Size  Location     Type
                  1    wreg      void 
 Registers used:
		wreg
 Tracked objects:
		On entry : 
		On exit  : 
		Unchanged: 
 Data sizes:     COMRAM   BANK0   BANK1   BANK2   BANK3   BANK4   BANK5   BANK6   BANK7   BANK8   BANK9  BANK10  BANK11  BANK12  BANK13  BANK14
      Params:         0       0       0       0       0       0       0       0       0       0       0       0       0       0       0       0
      Locals:         1       0       0       0       0       0       0       0       0       0       0       0       0       0       0       0
      Temps:          0       0       0       0       0       0       0       0       0       0       0       0       0       0       0       0
      Totals:         1       0       0       0       0       0       0       0       0       0       0       0       0       0       0       0
Total ram usage:        1 bytes
 Hardware stack levels used:    1
 This function calls:
		Nothing
 This function is called by:
		_lcd_send_byte
 This function uses a non-reentrant model


 *************** function _Read_RTC *****************
 Defined at:
		line 108 in file "../../headers\unmc_rtcc_01.h"
 Parameters:    Size  Location     Type
		None
 Auto vars:     Size  Location     Type
		None
 Return value:  Size  Location     Type
                  1    wreg      void 
 Registers used:
		wreg, fsr2l, fsr2h, status,2, status,0, prodl, prodh, cstack
 Tracked objects:
		On entry : 
		On exit  : 
		Unchanged: 
 Data sizes:     COMRAM   BANK0   BANK1   BANK2   BANK3   BANK4   BANK5   BANK6   BANK7   BANK8   BANK9  BANK10  BANK11  BANK12  BANK13  BANK14
      Params:         0       0       0       0       0       0       0       0       0       0       0       0       0       0       0       0
      Locals:         0       0       0       0       0       0       0       0       0       0       0       0       0       0       0       0
      Temps:          0       0       0       0       0       0       0       0       0       0       0       0       0       0       0       0
      Totals:         0       0       0       0       0       0       0       0       0       0       0       0       0       0       0       0
Total ram usage:        0 bytes
 Hardware stack levels used:    1
 Hardware stack levels required when called:    1
 This function calls:
		_RtccReadDate
		_RtccReadTime
 This function is called by:
		_main
 This function uses a non-reentrant model


 *************** function _RtccReadTime *****************
 Defined at:
		line 23 in file "C:\Program Files (x86)\Microchip\xc8\v1.43\sources\pic18\plib\rtcc\RtccReadTime.c"
 Parameters:    Size  Location     Type
  pTm             2    0[COMRAM] PTR struct .
		 -> RtccTime(4), 
 Auto vars:     Size  Location     Type
  rTD0            8   10[COMRAM] struct .
  rTD1            8    2[COMRAM] struct .
 Return value:  Size  Location     Type
                  1    wreg      void 
 Registers used:
		wreg, fsr2l, fsr2h, status,2, status,0
 Tracked objects:
		On entry : 
		On exit  : 
		Unchanged: 
 Data sizes:     COMRAM   BANK0   BANK1   BANK2   BANK3   BANK4   BANK5   BANK6   BANK7   BANK8   BANK9  BANK10  BANK11  BANK12  BANK13  BANK14
      Params:         2       0       0       0       0       0       0       0       0       0       0       0       0       0       0       0
      Locals:        16       0       0       0       0       0       0       0       0       0       0       0       0       0       0       0
      Temps:          0       0       0       0       0       0       0       0       0       0       0       0       0       0       0       0
      Totals:        18       0       0       0       0       0       0       0       0       0       0       0       0       0       0       0
Total ram usage:       18 bytes
 Hardware stack levels used:    1
 This function calls:
		Nothing
 This function is called by:
		_Read_RTC
 This function uses a non-reentrant model


 *************** function _RtccReadDate *****************
 Defined at:
		line 23 in file "C:\Program Files (x86)\Microchip\xc8\v1.43\sources\pic18\plib\rtcc\RtccReadDate.c"
 Parameters:    Size  Location     Type
  pDt             2    0[COMRAM] PTR struct .
		 -> RtccDate(4), 
 Auto vars:     Size  Location     Type
  rTD0            8   10[COMRAM] struct .
  rTD1            8    2[COMRAM] struct .
 Return value:  Size  Location     Type
                  1    wreg      void 
 Registers used:
		wreg, fsr2l, fsr2h, status,2, status,0
 Tracked objects:
		On entry : 
		On exit  : 
		Unchanged: 
 Data sizes:     COMRAM   BANK0   BANK1   BANK2   BANK3   BANK4   BANK5   BANK6   BANK7   BANK8   BANK9  BANK10  BANK11  BANK12  BANK13  BANK14
      Params:         2       0       0       0       0       0       0       0       0       0       0       0       0       0       0       0
      Locals:        16       0       0       0       0       0       0       0       0       0       0       0       0       0       0       0
      Temps:          0       0       0       0       0       0       0       0       0       0       0       0       0       0       0       0
      Totals:        18       0       0       0       0       0       0       0       0       0       0       0       0       0       0       0
Total ram usage:       18 bytes
 Hardware stack levels used:    1
 This function calls:
		Nothing
 This function is called by:
		_Read_RTC
 This function uses a non-reentrant model



MODULE INFORMATION

Module		Function		Class		Link	Load	Size
../../Librerias/Unimic/unmc_01/sources/unmc_lcd_216.c
		_lcd_comand    		CODE           	2242	0000	15
		_lcd_putc      		CODE           	2096	0000	75
		_lcd_putrs     		CODE           	2044	0000	83
		_lcd_send_byte 		CODE           	216A	0000	51
		_lcd_gotoxy    		CODE           	21C2	0000	35
		_lcd_send_nibble		CODE           	1E3A	0000	119
		_lcd_init      		CODE           	1DC4	0000	119

../../Librerias/Unimic/unmc_01/sources/unmc_lcd_216.c estimated size: 497

C:\Program Files (x86)\Microchip\xc8\v1.43\sources\pic18\d1ktcyx.c
		_Delay1KTCYx   		CODE           	2214	0000	17

C:\Program Files (x86)\Microchip\xc8\v1.43\sources\pic18\d1ktcyx.c estimated size: 17

C:\Program Files (x86)\Microchip\xc8\v1.43\sources\common\isdigit.c
		_isdigit       		CODE           	21E4	0000	31

C:\Program Files (x86)\Microchip\xc8\v1.43\sources\common\isdigit.c estimated size: 31

C:\Program Files (x86)\Microchip\xc8\v1.43\sources\common\lwdiv.c
		___lwdiv       		CODE           	1FF2	0000	83

C:\Program Files (x86)\Microchip\xc8\v1.43\sources\common\lwdiv.c estimated size: 83

../../headers\unmc_rtcc_01.h
		_Read_RTC      		CODE           	1B5E	0000	217
		_Write_RTC     		CODE           	17E4	0000	329

../../headers\unmc_rtcc_01.h estimated size: 546

C:\Program Files (x86)\Microchip\xc8\v1.43\sources\common\awdiv.c
		___awdiv       		CODE           	1CC4	0000	133

C:\Program Files (x86)\Microchip\xc8\v1.43\sources\common\awdiv.c estimated size: 133

C:\Program Files (x86)\Microchip\xc8\v1.43\sources\pic18\d100tcyx.c
		_Delay100TCYx  		CODE           	2224	0000	17

C:\Program Files (x86)\Microchip\xc8\v1.43\sources\pic18\d100tcyx.c estimated size: 17

C:\Program Files (x86)\Microchip\xc8\v1.43\sources\pic18\plib\rtcc\RtccWriteDate.c
		_RtccWriteDate 		CODE           	192C	0000	311

C:\Program Files (x86)\Microchip\xc8\v1.43\sources\pic18\plib\rtcc\RtccWriteDate.c estimated size: 311

C:\Program Files (x86)\Microchip\xc8\v1.43\sources\common\doprnt.c
		_sprintf       		CODE           	139C	0000	765

C:\Program Files (x86)\Microchip\xc8\v1.43\sources\common\doprnt.c estimated size: 765

C:\Program Files (x86)\Microchip\xc8\v1.43\sources\pic18\plib\rtcc\RtccReadDate.c
		_RtccReadDate  		CODE           	1C36	0000	143

C:\Program Files (x86)\Microchip\xc8\v1.43\sources\pic18\plib\rtcc\RtccReadDate.c estimated size: 143

shared
		_dpowers       		SMALLCONST     	0F01	0000	11
		_LCD_INIT_STRING		SMALLCONST     	0F0B	0000	5
		__initialization		CODE           	1F8E	0000	91

shared estimated size: 107

C:\Program Files (x86)\Microchip\xc8\v1.43\sources\pic18\plib\rtcc\RtccWrOn.c
		_RtccWrOn      		CODE           	2202	0000	19

C:\Program Files (x86)\Microchip\xc8\v1.43\sources\pic18\plib\rtcc\RtccWrOn.c estimated size: 19

C:\Program Files (x86)\Microchip\xc8\v1.43\sources\pic18\plib\rtcc\RtccReadTime.c
		_RtccReadTime  		CODE           	1F20	0000	111

C:\Program Files (x86)\Microchip\xc8\v1.43\sources\pic18\plib\rtcc\RtccReadTime.c estimated size: 111

C:\Program Files (x86)\Microchip\xc8\v1.43\sources\pic18\plib\rtcc\RtccWriteTime.c
		_RtccWriteTime 		CODE           	1A62	0000	253

C:\Program Files (x86)\Microchip\xc8\v1.43\sources\pic18\plib\rtcc\RtccWriteTime.c estimated size: 253

C:\Program Files (x86)\Microchip\xc8\v1.43\sources\common\Umul16.c
		___wmul        		CODE           	219C	0000	39

C:\Program Files (x86)\Microchip\xc8\v1.43\sources\common\Umul16.c estimated size: 39

C:\Program Files (x86)\Microchip\xc8\v1.43\sources\common\lwmod.c
		___lwmod       		CODE           	2128	0000	67

C:\Program Files (x86)\Microchip\xc8\v1.43\sources\common\lwmod.c estimated size: 67

main.c
		_setHoraMinutoSegundo		CODE           	1EB0	0000	113
		_main          		CODE           	0FA0	0000	1021
		_setup         		CODE           	20E0	0000	73
		_setDiaMesAnio 		CODE           	1D48	0000	125
		_setDiaSemana  		CODE           	1698	0000	333

main.c estimated size: 1665

