Microchip MPLAB XC8 Compiler V1.43 ()

Linker command line:

--edf=C:\Program Files (x86)\Microchip\xc8\v1.43\dat\en_msgs.txt -cs \
  -h+dist/default/production\unimic_reloj_digital.X.production.sym \
  --cmf=dist/default/production\unimic_reloj_digital.X.production.cmf -z \
  -Q18F26J50 -oC:\Users\Supra\AppData\Local\Temp\s3fo.2 \
  -Mdist/default/production/unimic_reloj_digital.X.production.map -E1 \
  -ver=XC8 -ASTACK=074h-0ebfh -pstack=STACK -ACODE=00h-0FFF7h \
  -ACONST=00h-0FFF7h -ASMALLCONST=0F00h-0FFFhx240,0FF00h-0FFF7h \
  -AMEDIUMCONST=0F00h-0FFF7h -ACOMRAM=01h-05Fh -AABS1=00h-0EBFh \
  -ABIGRAM=01h-0EBFh -ARAM=060h-0FFh,0100h-01FFhx13,0E00h-0EBFh \
  -ABANK0=060h-0FFh -ABANK1=0100h-01FFh -ABANK2=0200h-02FFh \
  -ABANK3=0300h-03FFh -ABANK4=0400h-04FFh -ABANK5=0500h-05FFh \
  -ABANK6=0600h-06FFh -ABANK7=0700h-07FFh -ABANK8=0800h-08FFh \
  -ABANK9=0900h-09FFh -ABANK10=0A00h-0AFFh -ABANK11=0B00h-0BFFh \
  -ABANK12=0C00h-0CFFh -ABANK13=0D00h-0DFFh -ABANK14=0E00h-0EBFh \
  -ASFR=0EC0h-0EFFh,0F00h-0F5Fh,0F60h-0FFFh \
  -preset_vec=00h,intcode,intcodelo,powerup,init -pramtop=0F00h \
  -psmallconst=SMALLCONST -pmediumconst=MEDIUMCONST -pconst=CONST \
  -AFARRAM=00h-00h -ACONFIG=0FFF8h-0FFFFh -pconfig=CONFIG \
  -pjflash_buffer=0F800h \
  -prdata=COMRAM,nvrram=COMRAM,nvbit=COMRAM,rbss=COMRAM,rbit=COMRAM \
  -pfarbss=FARRAM,fardata=FARRAM,nvFARRAM=FARRAM \
  -pintsave_regs=BIGRAM,bigbss=BIGRAM,bigdata=BIGRAM -pbss=RAM \
  -pidata=CODE,irdata=CODE,ibigdata=CODE,ifardata=CODE -prparam=COMRAM \
  C:\Users\Supra\AppData\Local\Temp\s3fo.obj \
  dist/default/production\unimic_reloj_digital.X.production.obj 

Object code version is 3.11

Machine type is 18F26J50

Call graph: (short form)




                Name                               Link     Load   Length Selector   Space Scale
C:\Users\Supra\AppData\Local\Temp\s3fo.obj
                init                                  0        0        4        0       0
                config                             FFF8     FFF8        8     FFF8       0
dist/default/production\unimic_reloj_digital.X.production.obj
                smallconst                          F00      F00       52      780       0
                text15                             1850     1850       10      7A9       0
                text14                             1650     1650       76      7A9       0
                text13                             17DA     17DA       32      7A9       0
                text12                             1860     1860        E      7A9       0
                text11                             1840     1840       10      7A9       0
                text10                             15DA     15DA       76      7A9       0
                text9                              17A6     17A6       34      7A9       0
                text8                              182E     182E       12      7A9       0
                text7                              1324     1324      136      7A9       0
                text6                              145A     145A       FC      7A9       0
                text5                              1556     1556       84      7A9       0
                text4                              11DC     11DC      148      7A9       0
                text3                              180C     180C       22      7A9       0
                text2                              1718     1718       4A      7A9       0
                text1                              16C6     16C6       52      7A9       0
                text0                               F52      F52      28A      7A9       0
                cstackCOMRAM                         40       40       12        1       1
                bssBANK0                             60       60       14       60       1
                dataCOMRAM                           52       52        C        1       1
                bssCOMRAM                             1        1       3F        1       1
                bitbssCOMRAM                        2F0       5E        1        1       1     8
                cinit                              1762     1762       44      7A9       0
                idataCOMRAM                        186E     186E        C      7A9       0

TOTAL           Name                               Link     Load   Length     Space
        CLASS   STACK          

        CLASS   CODE           
                init                                  0        0        4         0
                text15                             1850     1850       10         0
                text14                             1650     1650       76         0
                text13                             17DA     17DA       32         0
                text12                             1860     1860        E         0
                text11                             1840     1840       10         0
                text10                             15DA     15DA       76         0
                text9                              17A6     17A6       34         0
                text8                              182E     182E       12         0
                text7                              1324     1324      136         0
                text6                              145A     145A       FC         0
                text5                              1556     1556       84         0
                text4                              11DC     11DC      148         0
                text3                              180C     180C       22         0
                text2                              1718     1718       4A         0
                text1                              16C6     16C6       52         0
                text0                               F52      F52      28A         0
                cinit                              1762     1762       44         0
                idataCOMRAM                        186E     186E        C         0

        CLASS   CONST          

        CLASS   SMALLCONST     
                smallconst                          F00      F00       52         0

        CLASS   MEDIUMCONST    

        CLASS   COMRAM         
                cstackCOMRAM                         40       40       12         1
                dataCOMRAM                           52       52        C         1
                bssCOMRAM                             1        1       3F         1
                bitbssCOMRAM                        2F0       5E        1         1

        CLASS   ABS1           

        CLASS   BIGRAM         

        CLASS   RAM            

        CLASS   BANK0          
                bssBANK0                             60       60       14         1

        CLASS   BANK1          

        CLASS   BANK2          

        CLASS   BANK3          

        CLASS   BANK4          

        CLASS   BANK5          

        CLASS   BANK6          

        CLASS   BANK7          

        CLASS   BANK8          

        CLASS   BANK9          

        CLASS   BANK10         

        CLASS   BANK11         

        CLASS   BANK12         

        CLASS   BANK13         

        CLASS   BANK14         

        CLASS   SFR            

        CLASS   FARRAM         

        CLASS   CONFIG         
                config                             FFF8     FFF8        8         0

        CLASS   IDLOC          



SEGMENTS        Name                           Load    Length   Top    Selector   Space  Class

                reset_vec                      000000  000004  000004         0       0  CODE    
                bssCOMRAM                      000001  00005E  00005F         1       1  COMRAM  
                bssBANK0                       000060  000014  000074        60       1  BANK0   
                smallconst                     000F00  000052  000F52       780       0  SMALLCON
                text0                          000F52  000928  00187A       7A9       0  CODE    
                config                         00FFF8  000008  010000      FFF8       0  CONFIG  


UNUSED ADDRESS RANGES

        Name                Unused          Largest block    Delta
        BANK0            00074-000FF              8C
        BANK1            00100-001FF             100
        BANK10           00A00-00AFF             100
        BANK11           00B00-00BFF             100
        BANK12           00C00-00CFF             100
        BANK13           00D00-00DFF             100
        BANK14           00E00-00EBF              C0
        BANK2            00200-002FF             100
        BANK3            00300-003FF             100
        BANK4            00400-004FF             100
        BANK5            00500-005FF             100
        BANK6            00600-006FF             100
        BANK7            00700-007FF             100
        BANK8            00800-008FF             100
        BANK9            00900-009FF             100
        BIGRAM           0005F-0005F               1
                         00074-00EBF             E4C
        CODE             00004-00EFF             EFC
                         0187A-0FFF7            E77E
        COMRAM           0005F-0005F               1
        CONST            00004-00EFF             EFC
                         0187A-0FFF7            E77E
        MEDIUMCONST      0187A-0FFF7            E77E
        RAM              00074-00EBF             100
        SFR              00EC0-00FFF              60
        SMALLCONST       0187A-0FFF7             100
        STACK            00074-00EBF             E4C

                                  Symbol Table

?___awdiv                  cstackCOMRAM  00040
Delay100TCYx@unit          cstackCOMRAM  00040
Delay1KTCYx@unit           cstackCOMRAM  00040
RtccWriteDate@di           cstackCOMRAM  00042
RtccWriteDate@pDt          cstackCOMRAM  00040
RtccWriteDate@tempDayMonth cstackCOMRAM  00049
RtccWriteDate@tempHourWDay cstackCOMRAM  0004B
RtccWriteDate@tempYear     cstackCOMRAM  00046
RtccWriteDate@wasAlrm      cstackCOMRAM  00045
RtccWriteDate@wasOn        cstackCOMRAM  00044
RtccWriteDate@wasWrEn      cstackCOMRAM  00048
RtccWriteTime@di           cstackCOMRAM  00042
RtccWriteTime@pTm          cstackCOMRAM  00040
RtccWriteTime@tempHourWDay cstackCOMRAM  00049
RtccWriteTime@tempMinSec   cstackCOMRAM  00047
RtccWriteTime@wasAlrm      cstackCOMRAM  00045
RtccWriteTime@wasOn        cstackCOMRAM  00044
RtccWriteTime@wasWrEn      cstackCOMRAM  00046
_ADCON0                    (abs)         00FC2
_ADCON1                    (abs)         00FC1
_ALRMCFGbits               (abs)         00F91
_ANCON0                    (abs)         00F48
_ANCON1                    (abs)         00F49
_Delay100TCYx              text15        01850
_Delay1KTCYx               text11        01840
_EECON2                    (abs)         00FA7
_INTCON2bits               (abs)         00FF1
_INTCONbits                (abs)         00FF2
_LATBbits                  (abs)         00F8A
_LCD_INIT_STRING           smallconst    00F0B
_OSCCONbits                (abs)         00FD3
_OSCTUNEbits               (abs)         00F9B
_PIE3bits                  (abs)         00FA3
_PORTAbits                 (abs)         00F80
_RTCCFG                    (abs)         00F3F
_RTCCFGbits                (abs)         00F3F
_RTCVALH                   (abs)         00F99
_RTCVALL                   (abs)         00F98
_RtccAlrmTimeDate          bssCOMRAM     00009
_RtccDate                  bssCOMRAM     00038
_RtccTime                  bssCOMRAM     0003C
_RtccTimeDate              bssCOMRAM     00011
_RtccTimeVal               bssCOMRAM     00019
_RtccWrOn                  text8         0182E
_RtccWriteDate             text7         01324
_RtccWriteTime             text6         0145A
_Rtcc_read_TimeDate        bssCOMRAM     00001
_Setup                     text9         017A6
_T1CONbits                 (abs)         00FCD
_TRISA                     (abs)         00F92
_TRISB                     (abs)         00F93
_TRISBbits                 (abs)         00F93
_TRISC                     (abs)         00F94
_Write_RTC                 text4         011DC
__CFG_CP0$OFF              (abs)         00000
__CFG_CPUDIV$OSC1          (abs)         00000
__CFG_DSBOREN$OFF          (abs)         00000
__CFG_DSWDTEN$OFF          (abs)         00000
__CFG_DSWDTOSC$INTOSCREF   (abs)         00000
__CFG_DSWDTPS$G2           (abs)         00000
__CFG_FCMEN$OFF            (abs)         00000
__CFG_IESO$OFF             (abs)         00000
__CFG_IOL1WAY$OFF          (abs)         00000
__CFG_LPT1OSC$OFF          (abs)         00000
__CFG_MSSP7B_EN$MSK7       (abs)         00000
__CFG_OSC$INTOSC           (abs)         00000
__CFG_PLLDIV$1             (abs)         00000
__CFG_RTCOSC$T1OSCREF      (abs)         00000
__CFG_STVREN$ON            (abs)         00000
__CFG_T1DIG$ON             (abs)         00000
__CFG_WDTEN$OFF            (abs)         00000
__CFG_WDTPS$32768          (abs)         00000
__CFG_WPCFG$OFF            (abs)         00000
__CFG_WPDIS$OFF            (abs)         00000
__CFG_XINST$OFF            (abs)         00000
__HRAM                     (abs)         00000
__Habs1                    abs1          00000
__Hbank0                   bank0         00000
__Hbank1                   bank1         00000
__Hbank10                  bank10        00000
__Hbank11                  bank11        00000
__Hbank12                  bank12        00000
__Hbank13                  bank13        00000
__Hbank14                  bank14        00000
__Hbank2                   bank2         00000
__Hbank3                   bank3         00000
__Hbank4                   bank4         00000
__Hbank5                   bank5         00000
__Hbank6                   bank6         00000
__Hbank7                   bank7         00000
__Hbank8                   bank8         00000
__Hbank9                   bank9         00000
__Hbigbss                  bigbss        00000
__Hbigdata                 bigdata       00000
__Hbigram                  bigram        00000
__HbitbssCOMRAM            bitbssCOMRAM  00000
__Hbss                     bss           00000
__HbssBANK0                bssBANK0      00000
__HbssCOMRAM               bssCOMRAM     00000
__Hcinit                   cinit         00000
__Hclrtext                 clrtext       00000
__Hcomram                  comram        00000
__Hconfig                  config        10000
__Hconst                   const         00000
__HcstackCOMRAM            cstackCOMRAM  00000
__Hdata                    data          00000
__HdataCOMRAM              dataCOMRAM    00000
__Hfarbss                  farbss        00000
__Hfardata                 fardata       00000
__Hibigdata                ibigdata      00000
__Hidata                   idata         00000
__HidataCOMRAM             idataCOMRAM   00000
__Hidloc                   idloc         00000
__Hifardata                ifardata      00000
__Hinit                    init          00004
__Hintcode                 intcode       00000
__Hintcode_body            intcode_body  00000
__Hintcodelo               intcodelo     00000
__Hintentry                intentry      00000
__Hintret                  intret        00000
__Hintsave_regs            intsave_regs  00000
__Hirdata                  irdata        00000
__Hjflash_buffer           jflash_buffer 0F800
__Hmediumconst             mediumconst   00000
__HnvFARRAM                nvFARRAM      00000
__Hnvbit                   nvbit         00000
__Hnvrram                  nvrram        00000
__Hparam                   rparam        00000
__Hpowerup                 powerup       00000
__Hram                     ram           00000
__Hramtop                  ramtop        00F00
__Hrbit                    rbit          00000
__Hrbss                    rbss          00000
__Hrdata                   rdata         00000
__Hreset_vec               reset_vec     00000
__Hrparam                  rparam        00000
__Hsfr                     sfr           00000
__Hsmallconst              smallconst    00F52
__Hspace_0                 (abs)         10000
__Hspace_1                 (abs)         002F1
__Hspace_2                 (abs)         00000
__Hstack                   stack         00000
__Hstruct                  struct        00000
__Htemp                    temp          00000
__Htext                    text          00000
__Htext0                   text0         00000
__Htext1                   text1         00000
__Htext10                  text10        00000
__Htext11                  text11        00000
__Htext12                  text12        00000
__Htext13                  text13        00000
__Htext14                  text14        00000
__Htext15                  text15        00000
__Htext2                   text2         00000
__Htext3                   text3         00000
__Htext4                   text4         00000
__Htext5                   text5         00000
__Htext6                   text6         00000
__Htext7                   text7         00000
__Htext8                   text8         00000
__Htext9                   text9         00000
__LRAM                     (abs)         00001
__Labs1                    abs1          00000
__Lbank0                   bank0         00000
__Lbank1                   bank1         00000
__Lbank10                  bank10        00000
__Lbank11                  bank11        00000
__Lbank12                  bank12        00000
__Lbank13                  bank13        00000
__Lbank14                  bank14        00000
__Lbank2                   bank2         00000
__Lbank3                   bank3         00000
__Lbank4                   bank4         00000
__Lbank5                   bank5         00000
__Lbank6                   bank6         00000
__Lbank7                   bank7         00000
__Lbank8                   bank8         00000
__Lbank9                   bank9         00000
__Lbigbss                  bigbss        00000
__Lbigdata                 bigdata       00000
__Lbigram                  bigram        00000
__LbitbssCOMRAM            bitbssCOMRAM  00000
__Lbss                     bss           00000
__LbssBANK0                bssBANK0      00000
__LbssCOMRAM               bssCOMRAM     00000
__Lcinit                   cinit         00000
__Lclrtext                 clrtext       00000
__Lcomram                  comram        00000
__Lconfig                  config        0FFF8
__Lconst                   const         00000
__LcstackCOMRAM            cstackCOMRAM  00000
__Ldata                    data          00000
__LdataCOMRAM              dataCOMRAM    00000
__Lfarbss                  farbss        00000
__Lfardata                 fardata       00000
__Libigdata                ibigdata      00000
__Lidata                   idata         00000
__LidataCOMRAM             idataCOMRAM   00000
__Lidloc                   idloc         00000
__Lifardata                ifardata      00000
__Linit                    init          00000
__Lintcode                 intcode       00000
__Lintcode_body            intcode_body  00000
__Lintcodelo               intcodelo     00000
__Lintentry                intentry      00000
__Lintret                  intret        00000
__Lintsave_regs            intsave_regs  00000
__Lirdata                  irdata        00000
__Ljflash_buffer           jflash_buffer 0F800
__Lmediumconst             mediumconst   00000
__LnvFARRAM                nvFARRAM      00000
__Lnvbit                   nvbit         00000
__Lnvrram                  nvrram        00000
__Lparam                   rparam        00000
__Lpowerup                 powerup       00000
__Lram                     ram           00000
__Lramtop                  ramtop        00F00
__Lrbit                    rbit          00000
__Lrbss                    rbss          00000
__Lrdata                   rdata         00000
__Lreset_vec               reset_vec     00000
__Lrparam                  rparam        00000
__Lsfr                     sfr           00000
__Lsmallconst              smallconst    00F00
__Lspace_0                 (abs)         00000
__Lspace_1                 (abs)         00000
__Lspace_2                 (abs)         00000
__Lstack                   stack         00000
__Lstruct                  struct        00000
__Ltemp                    temp          00000
__Ltext                    text          00000
__Ltext0                   text0         00000
__Ltext1                   text1         00000
__Ltext10                  text10        00000
__Ltext11                  text11        00000
__Ltext12                  text12        00000
__Ltext13                  text13        00000
__Ltext14                  text14        00000
__Ltext15                  text15        00000
__Ltext2                   text2         00000
__Ltext3                   text3         00000
__Ltext4                   text4         00000
__Ltext5                   text5         00000
__Ltext6                   text6         00000
__Ltext7                   text7         00000
__Ltext8                   text8         00000
__Ltext9                   text9         00000
__S0                       (abs)         10000
__S1                       (abs)         00074
__S2                       (abs)         00000
___awdiv                   text5         01556
___awdiv@counter           cstackCOMRAM  00044
___awdiv@dividend          cstackCOMRAM  00040
___awdiv@divisor           cstackCOMRAM  00042
___awdiv@quotient          cstackCOMRAM  00046
___awdiv@sign              cstackCOMRAM  00045
___inthi_sp                stack         00000
___intlo_sp                stack         00000
___param_bank              (abs)         00000
___rparam_used             (abs)         00001
___sp                      stack         00000
__accesstop                (abs)         00060
__activetblptr             (abs)         00002
__end_of_Delay100TCYx      text15        01860
__end_of_Delay1KTCYx       text11        01850
__end_of_LCD_INIT_STRING   smallconst    00F0F
__end_of_RtccWrOn          text8         01840
__end_of_RtccWriteDate     text7         0145A
__end_of_RtccWriteTime     text6         01556
__end_of_Setup             text9         017DA
__end_of_Write_RTC         text4         01324
__end_of___awdiv           text5         015DA
__end_of__initialization   cinit         0179C
__end_of_dpowers           smallconst    00F0B
__end_of_lcd_comand        text12        0186E
__end_of_lcd_gotoxy        text3         0182E
__end_of_lcd_init          text10        01650
__end_of_lcd_putc          text2         01762
__end_of_lcd_putrs         text1         01718
__end_of_lcd_send_byte     text13        0180C
__end_of_lcd_send_nibble   text14        016C6
__end_of_main              text0         011DC
__initialization           cinit         01762
__mediumconst              mediumconst   00000
__pbitbssCOMRAM            bitbssCOMRAM  002F0
__pbssBANK0                bssBANK0      00060
__pbssCOMRAM               bssCOMRAM     00001
__pcinit                   cinit         01762
__pcstackCOMRAM            cstackCOMRAM  00040
__pdataCOMRAM              dataCOMRAM    00052
__pidataCOMRAM             idataCOMRAM   0186E
__psmallconst              smallconst    00F00
__ptext0                   text0         00F52
__ptext1                   text1         016C6
__ptext10                  text10        015DA
__ptext11                  text11        01840
__ptext12                  text12        01860
__ptext13                  text13        017DA
__ptext14                  text14        01650
__ptext15                  text15        01850
__ptext2                   text2         01718
__ptext3                   text3         0180C
__ptext4                   text4         011DC
__ptext5                   text5         01556
__ptext6                   text6         0145A
__ptext7                   text7         01324
__ptext8                   text8         0182E
__ptext9                   text9         017A6
__ramtop                   ramtop        00F00
__size_of_Delay100TCYx     (abs)         00000
__size_of_Delay1KTCYx      (abs)         00000
__size_of_RtccWrOn         (abs)         00000
__size_of_RtccWriteDate    (abs)         00000
__size_of_RtccWriteTime    (abs)         00000
__size_of_Setup            (abs)         00000
__size_of_Write_RTC        (abs)         00000
__size_of___awdiv          (abs)         00000
__size_of_lcd_comand       (abs)         00000
__size_of_lcd_gotoxy       (abs)         00000
__size_of_lcd_init         (abs)         00000
__size_of_lcd_putc         (abs)         00000
__size_of_lcd_putrs        (abs)         00000
__size_of_lcd_send_byte    (abs)         00000
__size_of_lcd_send_nibble  (abs)         00000
__size_of_main             (abs)         00000
__smallconst               smallconst    00F00
_a                         bssCOMRAM     00025
_anio                      dataCOMRAM    0005C
_anio_d                    bssCOMRAM     0002B
_anio_u                    bssCOMRAM     0002C
_b                         bssCOMRAM     00023
_buffer2                   bssBANK0      00060
_c                         bssCOMRAM     00021
_dia                       dataCOMRAM    00056
_dia_semana                bssCOMRAM     0002D
_diasem                    dataCOMRAM    00058
_dpowers                   smallconst    00F01
_fecha_d                   bssCOMRAM     00030
_fecha_u                   bssCOMRAM     00031
_flag                      bitbssCOMRAM  002F0
_hora                      dataCOMRAM    00054
_hora_d                    bssCOMRAM     00032
_hora_u                    bssCOMRAM     00033
_i                         bssCOMRAM     00029
_j                         bssCOMRAM     00027
_k                         bssCOMRAM     0001F
_lcd_comand                text12        01860
_lcd_gotoxy                text3         0180C
_lcd_init                  text10        015DA
_lcd_putc                  text2         01718
_lcd_putrs                 text1         016C6
_lcd_send_byte             text13        017DA
_lcd_send_nibble           text14        01650
_main                      text0         00F52
_mes                       dataCOMRAM    0005A
_mes_d                     bssCOMRAM     0002E
_mes_u                     bssCOMRAM     0002F
_minuto                    dataCOMRAM    00052
_minuto_d                  bssCOMRAM     00034
_minuto_u                  bssCOMRAM     00035
_segundo                   bssCOMRAM     0001D
_segundo_d                 bssCOMRAM     00036
_segundo_u                 bssCOMRAM     00037
end_of_initialization      cinit         0179C
intlevel0                  text          00000
intlevel1                  text          00000
intlevel2                  text          00000
intlevel3                  text          00000
lcd_comand@d               cstackCOMRAM  00044
lcd_gotoxy@address         cstackCOMRAM  00046
lcd_gotoxy@x               cstackCOMRAM  00045
lcd_gotoxy@y               cstackCOMRAM  00044
lcd_init@i                 cstackCOMRAM  00044
lcd_putc@c                 cstackCOMRAM  00047
lcd_putrs@ptr              cstackCOMRAM  00048
lcd_send_byte@address      cstackCOMRAM  00043
lcd_send_byte@n            cstackCOMRAM  00042
lcd_send_nibble@nibble     cstackCOMRAM  00041
main@boton_centro_estado   cstackCOMRAM  0004E
main@boton_seleccionar     cstackCOMRAM  00050
stackhi                    (abs)         00EBF
stacklo                    (abs)         00074
start                      init          00000
start_initialization       cinit         01762


FUNCTION INFORMATION:

 *************** function _main *****************
 Defined at:
		line 51 in file "main.c"
 Parameters:    Size  Location     Type
		None
 Auto vars:     Size  Location     Type
  boton_selecc    2   16[COMRAM] int 
  boton_centro    2   14[COMRAM] int 
 Return value:  Size  Location     Type
                  2  144[None  ] int 
 Registers used:
		wreg, fsr0l, fsr0h, fsr2l, fsr2h, status,2, status,0, tblptrl, tblptrh, tblptru, prodl, prodh, cstack
 Tracked objects:
		On entry : 
		On exit  : 
		Unchanged: 
 Data sizes:     COMRAM   BANK0   BANK1   BANK2   BANK3   BANK4   BANK5   BANK6   BANK7   BANK8   BANK9  BANK10  BANK11  BANK12  BANK13  BANK14
      Params:         0       0       0       0       0       0       0       0       0       0       0       0       0       0       0       0
      Locals:         4       0       0       0       0       0       0       0       0       0       0       0       0       0       0       0
      Temps:          1       0       0       0       0       0       0       0       0       0       0       0       0       0       0       0
      Totals:         5       0       0       0       0       0       0       0       0       0       0       0       0       0       0       0
Total ram usage:        5 bytes
 Hardware stack levels required when called:    5
 This function calls:
		_Setup
		_Write_RTC
		_lcd_gotoxy
		_lcd_putrs
 This function is called by:
		Startup code after reset
 This function uses a non-reentrant model


 *************** function _lcd_putrs *****************
 Defined at:
		line 221 in file "../../Librerias/Unimic/unmc_01/sources/unmc_lcd_216.c"
 Parameters:    Size  Location     Type
  ptr             2    8[COMRAM] PTR const unsigned char 
		 -> STR_11(8), STR_10(8), STR_9(8), STR_8(8), 
		 -> STR_7(8), STR_6(8), STR_5(8), STR_4(2), 
		 -> STR_3(2), STR_2(2), buffer2(20), 
 Auto vars:     Size  Location     Type
		None
 Return value:  Size  Location     Type
                  1    wreg      void 
 Registers used:
		wreg, fsr0l, fsr0h, status,2, status,0, tblptrl, tblptrh, tblptru, cstack
 Tracked objects:
		On entry : 
		On exit  : 
		Unchanged: 
 Data sizes:     COMRAM   BANK0   BANK1   BANK2   BANK3   BANK4   BANK5   BANK6   BANK7   BANK8   BANK9  BANK10  BANK11  BANK12  BANK13  BANK14
      Params:         2       0       0       0       0       0       0       0       0       0       0       0       0       0       0       0
      Locals:         0       0       0       0       0       0       0       0       0       0       0       0       0       0       0       0
      Temps:          0       0       0       0       0       0       0       0       0       0       0       0       0       0       0       0
      Totals:         2       0       0       0       0       0       0       0       0       0       0       0       0       0       0       0
Total ram usage:        2 bytes
 Hardware stack levels used:    1
 Hardware stack levels required when called:    4
 This function calls:
		_lcd_putc
 This function is called by:
		_main
		_write_in_lcd
 This function uses a non-reentrant model


 *************** function _lcd_putc *****************
 Defined at:
		line 172 in file "../../Librerias/Unimic/unmc_01/sources/unmc_lcd_216.c"
 Parameters:    Size  Location     Type
  c               1    wreg     unsigned char 
 Auto vars:     Size  Location     Type
  c               1    7[COMRAM] unsigned char 
 Return value:  Size  Location     Type
                  1    wreg      void 
 Registers used:
		wreg, status,2, status,0, cstack
 Tracked objects:
		On entry : 
		On exit  : 
		Unchanged: 
 Data sizes:     COMRAM   BANK0   BANK1   BANK2   BANK3   BANK4   BANK5   BANK6   BANK7   BANK8   BANK9  BANK10  BANK11  BANK12  BANK13  BANK14
      Params:         0       0       0       0       0       0       0       0       0       0       0       0       0       0       0       0
      Locals:         1       0       0       0       0       0       0       0       0       0       0       0       0       0       0       0
      Temps:          0       0       0       0       0       0       0       0       0       0       0       0       0       0       0       0
      Totals:         1       0       0       0       0       0       0       0       0       0       0       0       0       0       0       0
Total ram usage:        1 bytes
 Hardware stack levels used:    1
 Hardware stack levels required when called:    3
 This function calls:
		_lcd_gotoxy
		_lcd_send_byte
 This function is called by:
		_lcd_putrs
		_lcd_puts
 This function uses a non-reentrant model


 *************** function _lcd_gotoxy *****************
 Defined at:
		line 158 in file "../../Librerias/Unimic/unmc_01/sources/unmc_lcd_216.c"
 Parameters:    Size  Location     Type
  x               1    wreg     unsigned char 
  y               1    4[COMRAM] unsigned char 
 Auto vars:     Size  Location     Type
  x               1    5[COMRAM] unsigned char 
  address         1    6[COMRAM] unsigned char 
 Return value:  Size  Location     Type
                  1    wreg      void 
 Registers used:
		wreg, status,2, status,0, cstack
 Tracked objects:
		On entry : 
		On exit  : 
		Unchanged: 
 Data sizes:     COMRAM   BANK0   BANK1   BANK2   BANK3   BANK4   BANK5   BANK6   BANK7   BANK8   BANK9  BANK10  BANK11  BANK12  BANK13  BANK14
      Params:         1       0       0       0       0       0       0       0       0       0       0       0       0       0       0       0
      Locals:         2       0       0       0       0       0       0       0       0       0       0       0       0       0       0       0
      Temps:          0       0       0       0       0       0       0       0       0       0       0       0       0       0       0       0
      Totals:         3       0       0       0       0       0       0       0       0       0       0       0       0       0       0       0
Total ram usage:        3 bytes
 Hardware stack levels used:    1
 Hardware stack levels required when called:    2
 This function calls:
		_lcd_send_byte
 This function is called by:
		_main
		_lcd_putc
 This function uses a non-reentrant model


 *************** function _Write_RTC *****************
 Defined at:
		line 74 in file "../../headers\unmc_rtcc_01.h"
 Parameters:    Size  Location     Type
		None
 Auto vars:     Size  Location     Type
		None
 Return value:  Size  Location     Type
                  1    wreg      void 
 Registers used:
		wreg, fsr2l, fsr2h, status,2, status,0, prodl, prodh, cstack
 Tracked objects:
		On entry : 
		On exit  : 
		Unchanged: 
 Data sizes:     COMRAM   BANK0   BANK1   BANK2   BANK3   BANK4   BANK5   BANK6   BANK7   BANK8   BANK9  BANK10  BANK11  BANK12  BANK13  BANK14
      Params:         0       0       0       0       0       0       0       0       0       0       0       0       0       0       0       0
      Locals:         0       0       0       0       0       0       0       0       0       0       0       0       0       0       0       0
      Temps:          0       0       0       0       0       0       0       0       0       0       0       0       0       0       0       0
      Totals:         0       0       0       0       0       0       0       0       0       0       0       0       0       0       0       0
Total ram usage:        0 bytes
 Hardware stack levels used:    1
 Hardware stack levels required when called:    2
 This function calls:
		_RtccWrOn
		_RtccWriteDate
		_RtccWriteTime
		___awdiv
 This function is called by:
		_main
 This function uses a non-reentrant model


 *************** function ___awdiv *****************
 Defined at:
		line 8 in file "C:\Program Files (x86)\Microchip\xc8\v1.43\sources\common\awdiv.c"
 Parameters:    Size  Location     Type
  dividend        2    0[COMRAM] int 
  divisor         2    2[COMRAM] int 
 Auto vars:     Size  Location     Type
  quotient        2    6[COMRAM] int 
  sign            1    5[COMRAM] unsigned char 
  counter         1    4[COMRAM] unsigned char 
 Return value:  Size  Location     Type
                  2    0[COMRAM] int 
 Registers used:
		wreg, status,2, status,0
 Tracked objects:
		On entry : 
		On exit  : 
		Unchanged: 
 Data sizes:     COMRAM   BANK0   BANK1   BANK2   BANK3   BANK4   BANK5   BANK6   BANK7   BANK8   BANK9  BANK10  BANK11  BANK12  BANK13  BANK14
      Params:         4       0       0       0       0       0       0       0       0       0       0       0       0       0       0       0
      Locals:         4       0       0       0       0       0       0       0       0       0       0       0       0       0       0       0
      Temps:          0       0       0       0       0       0       0       0       0       0       0       0       0       0       0       0
      Totals:         8       0       0       0       0       0       0       0       0       0       0       0       0       0       0       0
Total ram usage:        8 bytes
 Hardware stack levels used:    1
 This function calls:
		Nothing
 This function is called by:
		_Write_RTC
 This function uses a non-reentrant model


 *************** function _RtccWriteTime *****************
 Defined at:
		line 34 in file "C:\Program Files (x86)\Microchip\xc8\v1.43\sources\pic18\plib\rtcc\RtccWriteTime.c"
 Parameters:    Size  Location     Type
  pTm             2    0[COMRAM] PTR const struct .
		 -> RtccTime(4), 
  di              1    2[COMRAM] enum E7121
 Auto vars:     Size  Location     Type
  tempHourWDay    2    9[COMRAM] struct .
  tempMinSec      2    7[COMRAM] struct .
  wasWrEn         1    6[COMRAM] enum E7121
  wasAlrm         1    5[COMRAM] enum E7121
  wasOn           1    4[COMRAM] enum E7121
 Return value:  Size  Location     Type
                  1    wreg      enum E6550
 Registers used:
		wreg, fsr2l, fsr2h, status,2, status,0, cstack
 Tracked objects:
		On entry : 
		On exit  : 
		Unchanged: 
 Data sizes:     COMRAM   BANK0   BANK1   BANK2   BANK3   BANK4   BANK5   BANK6   BANK7   BANK8   BANK9  BANK10  BANK11  BANK12  BANK13  BANK14
      Params:         3       0       0       0       0       0       0       0       0       0       0       0       0       0       0       0
      Locals:         7       0       0       0       0       0       0       0       0       0       0       0       0       0       0       0
      Temps:          1       0       0       0       0       0       0       0       0       0       0       0       0       0       0       0
      Totals:        11       0       0       0       0       0       0       0       0       0       0       0       0       0       0       0
Total ram usage:       11 bytes
 Hardware stack levels used:    1
 Hardware stack levels required when called:    1
 This function calls:
		_RtccWrOn
 This function is called by:
		_Write_RTC
 This function uses a non-reentrant model


 *************** function _RtccWriteDate *****************
 Defined at:
		line 35 in file "C:\Program Files (x86)\Microchip\xc8\v1.43\sources\pic18\plib\rtcc\RtccWriteDate.c"
 Parameters:    Size  Location     Type
  pDt             2    0[COMRAM] PTR const struct .
		 -> RtccDate(4), 
  di              1    2[COMRAM] enum E7121
 Auto vars:     Size  Location     Type
  tempHourWDay    2   11[COMRAM] struct .
  tempDayMonth    2    9[COMRAM] struct .
  tempYear        2    6[COMRAM] struct .
  wasWrEn         1    8[COMRAM] enum E7121
  wasAlrm         1    5[COMRAM] enum E7121
  wasOn           1    4[COMRAM] enum E7121
 Return value:  Size  Location     Type
                  1    wreg      enum E6550
 Registers used:
		wreg, fsr2l, fsr2h, status,2, status,0, cstack
 Tracked objects:
		On entry : 
		On exit  : 
		Unchanged: 
 Data sizes:     COMRAM   BANK0   BANK1   BANK2   BANK3   BANK4   BANK5   BANK6   BANK7   BANK8   BANK9  BANK10  BANK11  BANK12  BANK13  BANK14
      Params:         3       0       0       0       0       0       0       0       0       0       0       0       0       0       0       0
      Locals:         9       0       0       0       0       0       0       0       0       0       0       0       0       0       0       0
      Temps:          1       0       0       0       0       0       0       0       0       0       0       0       0       0       0       0
      Totals:        13       0       0       0       0       0       0       0       0       0       0       0       0       0       0       0
Total ram usage:       13 bytes
 Hardware stack levels used:    1
 Hardware stack levels required when called:    1
 This function calls:
		_RtccWrOn
 This function is called by:
		_Write_RTC
 This function uses a non-reentrant model


 *************** function _RtccWrOn *****************
 Defined at:
		line 21 in file "C:\Program Files (x86)\Microchip\xc8\v1.43\sources\pic18\plib\rtcc\RtccWrOn.c"
 Parameters:    Size  Location     Type
		None
 Auto vars:     Size  Location     Type
  data            2    0        unsigned int 
 Return value:  Size  Location     Type
                  1    wreg      void 
 Registers used:
		wreg, status,2
 Tracked objects:
		On entry : 
		On exit  : 
		Unchanged: 
 Data sizes:     COMRAM   BANK0   BANK1   BANK2   BANK3   BANK4   BANK5   BANK6   BANK7   BANK8   BANK9  BANK10  BANK11  BANK12  BANK13  BANK14
      Params:         0       0       0       0       0       0       0       0       0       0       0       0       0       0       0       0
      Locals:         0       0       0       0       0       0       0       0       0       0       0       0       0       0       0       0
      Temps:          0       0       0       0       0       0       0       0       0       0       0       0       0       0       0       0
      Totals:         0       0       0       0       0       0       0       0       0       0       0       0       0       0       0       0
Total ram usage:        0 bytes
 Hardware stack levels used:    1
 This function calls:
		Nothing
 This function is called by:
		_Write_RTC
		_RtccWriteDate
		_RtccWriteTime
 This function uses a non-reentrant model


 *************** function _Setup *****************
 Defined at:
		line 19 in file "main.c"
 Parameters:    Size  Location     Type
		None
 Auto vars:     Size  Location     Type
		None
 Return value:  Size  Location     Type
                  1    wreg      void 
 Registers used:
		wreg, status,2, status,0, tblptrl, tblptrh, tblptru, prodl, prodh, cstack
 Tracked objects:
		On entry : 
		On exit  : 
		Unchanged: 
 Data sizes:     COMRAM   BANK0   BANK1   BANK2   BANK3   BANK4   BANK5   BANK6   BANK7   BANK8   BANK9  BANK10  BANK11  BANK12  BANK13  BANK14
      Params:         0       0       0       0       0       0       0       0       0       0       0       0       0       0       0       0
      Locals:         0       0       0       0       0       0       0       0       0       0       0       0       0       0       0       0
      Temps:          0       0       0       0       0       0       0       0       0       0       0       0       0       0       0       0
      Totals:         0       0       0       0       0       0       0       0       0       0       0       0       0       0       0       0
Total ram usage:        0 bytes
 Hardware stack levels used:    1
 Hardware stack levels required when called:    3
 This function calls:
		_lcd_comand
		_lcd_init
 This function is called by:
		_main
 This function uses a non-reentrant model


 *************** function _lcd_init *****************
 Defined at:
		line 119 in file "../../Librerias/Unimic/unmc_01/sources/unmc_lcd_216.c"
 Parameters:    Size  Location     Type
		None
 Auto vars:     Size  Location     Type
  i               1    4[COMRAM] unsigned char 
 Return value:  Size  Location     Type
                  1    wreg      void 
 Registers used:
		wreg, status,2, status,0, tblptrl, tblptrh, tblptru, prodl, prodh, cstack
 Tracked objects:
		On entry : 
		On exit  : 
		Unchanged: 
 Data sizes:     COMRAM   BANK0   BANK1   BANK2   BANK3   BANK4   BANK5   BANK6   BANK7   BANK8   BANK9  BANK10  BANK11  BANK12  BANK13  BANK14
      Params:         0       0       0       0       0       0       0       0       0       0       0       0       0       0       0       0
      Locals:         1       0       0       0       0       0       0       0       0       0       0       0       0       0       0       0
      Temps:          0       0       0       0       0       0       0       0       0       0       0       0       0       0       0       0
      Totals:         1       0       0       0       0       0       0       0       0       0       0       0       0       0       0       0
Total ram usage:        1 bytes
 Hardware stack levels used:    1
 Hardware stack levels required when called:    2
 This function calls:
		_Delay1KTCYx
		_lcd_send_byte
		_lcd_send_nibble
 This function is called by:
		_Setup
 This function uses a non-reentrant model


 *************** function _Delay1KTCYx *****************
 Defined at:
		line 8 in file "C:\Program Files (x86)\Microchip\xc8\v1.43\sources\pic18\d1ktcyx.c"
 Parameters:    Size  Location     Type
  unit            1    wreg     unsigned char 
 Auto vars:     Size  Location     Type
  unit            1    0[COMRAM] unsigned char 
 Return value:  Size  Location     Type
                  1    wreg      void 
 Registers used:
		wreg
 Tracked objects:
		On entry : 
		On exit  : 
		Unchanged: 
 Data sizes:     COMRAM   BANK0   BANK1   BANK2   BANK3   BANK4   BANK5   BANK6   BANK7   BANK8   BANK9  BANK10  BANK11  BANK12  BANK13  BANK14
      Params:         0       0       0       0       0       0       0       0       0       0       0       0       0       0       0       0
      Locals:         1       0       0       0       0       0       0       0       0       0       0       0       0       0       0       0
      Temps:          0       0       0       0       0       0       0       0       0       0       0       0       0       0       0       0
      Totals:         1       0       0       0       0       0       0       0       0       0       0       0       0       0       0       0
Total ram usage:        1 bytes
 Hardware stack levels used:    1
 This function calls:
		Nothing
 This function is called by:
		_lcd_init
		_DelayPORXLCD
 This function uses a non-reentrant model


 *************** function _lcd_comand *****************
 Defined at:
		line 189 in file "../../Librerias/Unimic/unmc_01/sources/unmc_lcd_216.c"
 Parameters:    Size  Location     Type
  d               1    wreg     unsigned char 
 Auto vars:     Size  Location     Type
  d               1    4[COMRAM] unsigned char 
 Return value:  Size  Location     Type
                  1    wreg      void 
 Registers used:
		wreg, status,2, status,0, cstack
 Tracked objects:
		On entry : 
		On exit  : 
		Unchanged: 
 Data sizes:     COMRAM   BANK0   BANK1   BANK2   BANK3   BANK4   BANK5   BANK6   BANK7   BANK8   BANK9  BANK10  BANK11  BANK12  BANK13  BANK14
      Params:         0       0       0       0       0       0       0       0       0       0       0       0       0       0       0       0
      Locals:         1       0       0       0       0       0       0       0       0       0       0       0       0       0       0       0
      Temps:          0       0       0       0       0       0       0       0       0       0       0       0       0       0       0       0
      Totals:         1       0       0       0       0       0       0       0       0       0       0       0       0       0       0       0
Total ram usage:        1 bytes
 Hardware stack levels used:    1
 Hardware stack levels required when called:    2
 This function calls:
		_lcd_send_byte
 This function is called by:
		_Setup
 This function uses a non-reentrant model


 *************** function _lcd_send_byte *****************
 Defined at:
		line 86 in file "../../Librerias/Unimic/unmc_01/sources/unmc_lcd_216.c"
 Parameters:    Size  Location     Type
  address         1    wreg     unsigned char 
  n               1    2[COMRAM] unsigned char 
 Auto vars:     Size  Location     Type
  address         1    3[COMRAM] unsigned char 
 Return value:  Size  Location     Type
                  1    wreg      void 
 Registers used:
		wreg, status,2, status,0, cstack
 Tracked objects:
		On entry : 
		On exit  : 
		Unchanged: 
 Data sizes:     COMRAM   BANK0   BANK1   BANK2   BANK3   BANK4   BANK5   BANK6   BANK7   BANK8   BANK9  BANK10  BANK11  BANK12  BANK13  BANK14
      Params:         1       0       0       0       0       0       0       0       0       0       0       0       0       0       0       0
      Locals:         1       0       0       0       0       0       0       0       0       0       0       0       0       0       0       0
      Temps:          0       0       0       0       0       0       0       0       0       0       0       0       0       0       0       0
      Totals:         2       0       0       0       0       0       0       0       0       0       0       0       0       0       0       0
Total ram usage:        2 bytes
 Hardware stack levels used:    1
 Hardware stack levels required when called:    1
 This function calls:
		_Delay100TCYx
		_lcd_send_nibble
 This function is called by:
		_lcd_init
		_lcd_gotoxy
		_lcd_putc
		_lcd_comand
		_lcd_setcursor_vb
 This function uses a non-reentrant model


 *************** function _lcd_send_nibble *****************
 Defined at:
		line 25 in file "../../Librerias/Unimic/unmc_01/sources/unmc_lcd_216.c"
 Parameters:    Size  Location     Type
  nibble          1    wreg     unsigned char 
 Auto vars:     Size  Location     Type
  nibble          1    1[COMRAM] unsigned char 
 Return value:  Size  Location     Type
                  1    wreg      void 
 Registers used:
		wreg, status,2, status,0
 Tracked objects:
		On entry : 
		On exit  : 
		Unchanged: 
 Data sizes:     COMRAM   BANK0   BANK1   BANK2   BANK3   BANK4   BANK5   BANK6   BANK7   BANK8   BANK9  BANK10  BANK11  BANK12  BANK13  BANK14
      Params:         0       0       0       0       0       0       0       0       0       0       0       0       0       0       0       0
      Locals:         1       0       0       0       0       0       0       0       0       0       0       0       0       0       0       0
      Temps:          1       0       0       0       0       0       0       0       0       0       0       0       0       0       0       0
      Totals:         2       0       0       0       0       0       0       0       0       0       0       0       0       0       0       0
Total ram usage:        2 bytes
 Hardware stack levels used:    1
 This function calls:
		Nothing
 This function is called by:
		_lcd_send_byte
		_lcd_init
 This function uses a non-reentrant model


 *************** function _Delay100TCYx *****************
 Defined at:
		line 8 in file "C:\Program Files (x86)\Microchip\xc8\v1.43\sources\pic18\d100tcyx.c"
 Parameters:    Size  Location     Type
  unit            1    wreg     unsigned char 
 Auto vars:     Size  Location     Type
  unit            1    0[COMRAM] unsigned char 
 Return value:  Size  Location     Type
                  1    wreg      void 
 Registers used:
		wreg
 Tracked objects:
		On entry : 
		On exit  : 
		Unchanged: 
 Data sizes:     COMRAM   BANK0   BANK1   BANK2   BANK3   BANK4   BANK5   BANK6   BANK7   BANK8   BANK9  BANK10  BANK11  BANK12  BANK13  BANK14
      Params:         0       0       0       0       0       0       0       0       0       0       0       0       0       0       0       0
      Locals:         1       0       0       0       0       0       0       0       0       0       0       0       0       0       0       0
      Temps:          0       0       0       0       0       0       0       0       0       0       0       0       0       0       0       0
      Totals:         1       0       0       0       0       0       0       0       0       0       0       0       0       0       0       0
Total ram usage:        1 bytes
 Hardware stack levels used:    1
 This function calls:
		Nothing
 This function is called by:
		_lcd_send_byte
 This function uses a non-reentrant model



MODULE INFORMATION

Module		Function		Class		Link	Load	Size
../../Librerias/Unimic/unmc_01/sources/unmc_lcd_216.c
		_lcd_comand    		CODE           	1860	0000	15
		_lcd_putc      		CODE           	1718	0000	75
		_lcd_putrs     		CODE           	16C6	0000	83
		_lcd_send_byte 		CODE           	17DA	0000	51
		_lcd_gotoxy    		CODE           	180C	0000	35
		_lcd_send_nibble		CODE           	1650	0000	119
		_lcd_init      		CODE           	15DA	0000	119

../../Librerias/Unimic/unmc_01/sources/unmc_lcd_216.c estimated size: 497

C:\Program Files (x86)\Microchip\xc8\v1.43\sources\pic18\d1ktcyx.c
		_Delay1KTCYx   		CODE           	1840	0000	17

C:\Program Files (x86)\Microchip\xc8\v1.43\sources\pic18\d1ktcyx.c estimated size: 17

../../headers\unmc_rtcc_01.h
		_Write_RTC     		CODE           	11DC	0000	329

../../headers\unmc_rtcc_01.h estimated size: 329

C:\Program Files (x86)\Microchip\xc8\v1.43\sources\common\awdiv.c
		___awdiv       		CODE           	1556	0000	133

C:\Program Files (x86)\Microchip\xc8\v1.43\sources\common\awdiv.c estimated size: 133

C:\Program Files (x86)\Microchip\xc8\v1.43\sources\pic18\d100tcyx.c
		_Delay100TCYx  		CODE           	1850	0000	17

C:\Program Files (x86)\Microchip\xc8\v1.43\sources\pic18\d100tcyx.c estimated size: 17

C:\Program Files (x86)\Microchip\xc8\v1.43\sources\pic18\plib\rtcc\RtccWriteDate.c
		_RtccWriteDate 		CODE           	1324	0000	311

C:\Program Files (x86)\Microchip\xc8\v1.43\sources\pic18\plib\rtcc\RtccWriteDate.c estimated size: 311

shared
		_dpowers       		SMALLCONST     	0F01	0000	11
		_LCD_INIT_STRING		SMALLCONST     	0F0B	0000	5
		__initialization		CODE           	1762	0000	59

shared estimated size: 75

C:\Program Files (x86)\Microchip\xc8\v1.43\sources\pic18\plib\rtcc\RtccWrOn.c
		_RtccWrOn      		CODE           	182E	0000	19

C:\Program Files (x86)\Microchip\xc8\v1.43\sources\pic18\plib\rtcc\RtccWrOn.c estimated size: 19

C:\Program Files (x86)\Microchip\xc8\v1.43\sources\pic18\plib\rtcc\RtccWriteTime.c
		_RtccWriteTime 		CODE           	145A	0000	253

C:\Program Files (x86)\Microchip\xc8\v1.43\sources\pic18\plib\rtcc\RtccWriteTime.c estimated size: 253

main.c
		_main          		CODE           	0F52	0000	651
		_Setup         		CODE           	17A6	0000	53

main.c estimated size: 704

